Component: ARM Compiler 5.06 update 6 (build 750) Tool: armlink [4d35ed]

==============================================================================

Section Cross References

    main.o(.text) refers to _printf_pad.o(.text) for _printf_pre_padding
    main.o(.text) refers to _printf_percent.o(.ARM.Collect$$_printf_percent$$00000000) for _printf_percent
    main.o(.text) refers to _printf_f.o(.ARM.Collect$$_printf_percent$$00000003) for _printf_f
    main.o(.text) refers to _printf_c.o(.ARM.Collect$$_printf_percent$$00000013) for _printf_c
    main.o(.text) refers to printf1.o(x$fpl$printf1) for _printf_fp_dec
    main.o(.text) refers to _printf_str.o(.text) for _printf_str
    main.o(.text) refers to _printf_s.o(.ARM.Collect$$_printf_percent$$00000014) for _printf_s
    main.o(.text) refers to _printf_d.o(.ARM.Collect$$_printf_percent$$00000009) for _printf_d
    main.o(.text) refers to _printf_dec.o(.text) for _printf_int_dec
    main.o(.text) refers to f2d.o(x$fpl$f2d) for __aeabi_f2d
    main.o(.text) refers to __2sprintf.o(.text) for __2sprintf
    main.o(.text) refers to lcd.o(.text) for LCD_ShowString
    main.o(.text) refers to misc.o(.text) for NVIC_PriorityGroupConfig
    main.o(.text) refers to delay.o(.text) for delay_init
    main.o(.text) refers to usart.o(.text) for uart_init
    main.o(.text) refers to usart3.o(.text) for usart3_init
    main.o(.text) refers to led.o(.text) for LED_Init
    main.o(.text) refers to key.o(.text) for KEY_Init
    main.o(.text) refers to gps.o(.text) for Ublox_Cfg_Rate
    main.o(.text) refers to __2printf.o(.text) for __2printf
    main.o(.text) refers to lcd.o(.data) for POINT_COLOR
    main.o(.text) refers to main.o(.bss) for gpsx
    main.o(.text) refers to main.o(.data) for fixmode_tbl
    main.o(.text) refers to usmart_config.o(.data) for usmart_dev
    main.o(.text) refers to usart3.o(.data) for USART3_RX_STA
    main.o(.text) refers to usart3.o(.bss) for USART3_RX_BUF
    main.o(.data) refers to main.o(.conststring) for .conststring
    system_stm32f4xx.o(.text) refers to system_stm32f4xx.o(.data) for SystemCoreClock
    led.o(.text) refers to stm32f4xx_rcc.o(.text) for RCC_AHB1PeriphClockCmd
    led.o(.text) refers to stm32f4xx_gpio.o(.text) for GPIO_Init
    key.o(.text) refers to stm32f4xx_rcc.o(.text) for RCC_AHB1PeriphClockCmd
    key.o(.text) refers to stm32f4xx_gpio.o(.text) for GPIO_Init
    key.o(.text) refers to delay.o(.text) for delay_ms
    key.o(.text) refers to key.o(.data) for key_up
    lcd.o(.text) refers to _printf_percent.o(.ARM.Collect$$_printf_percent$$00000000) for _printf_percent
    lcd.o(.text) refers to _printf_x.o(.ARM.Collect$$_printf_percent$$0000000C) for _printf_x
    lcd.o(.text) refers to _printf_hex_int_ll_ptr.o(.text) for _printf_longlong_hex
    lcd.o(.text) refers to delay.o(.text) for delay_us
    lcd.o(.text) refers to lcd.o(.bss) for lcddev
    lcd.o(.text) refers to lcd.o(.data) for POINT_COLOR
    lcd.o(.text) refers to dflt_clz.o(x$fpl$dfltu) for __aeabi_ui2d
    lcd.o(.text) refers to dmul.o(x$fpl$dmul) for __aeabi_dmul
    lcd.o(.text) refers to dfixu.o(x$fpl$dfixu) for __aeabi_d2uiz
    lcd.o(.text) refers to stm32f4xx_rcc.o(.text) for RCC_AHB1PeriphClockCmd
    lcd.o(.text) refers to stm32f4xx_gpio.o(.text) for GPIO_Init
    lcd.o(.text) refers to stm32f4xx_fsmc.o(.text) for FSMC_NORSRAMInit
    lcd.o(.text) refers to __2printf.o(.text) for __2printf
    lcd.o(.text) refers to lcd.o(.constdata) for asc2_1206
    timer.o(.text) refers to stm32f4xx_tim.o(.text) for TIM_GetITStatus
    timer.o(.text) refers to stm32f4xx_rcc.o(.text) for RCC_APB1PeriphClockCmd
    timer.o(.text) refers to misc.o(.text) for NVIC_Init
    timer.o(.text) refers to usart3.o(.data) for USART3_RX_STA
    usart3.o(.text) refers to stm32f4xx_usart.o(.text) for USART_GetITStatus
    usart3.o(.text) refers to stm32f4xx_tim.o(.text) for TIM_SetCounter
    usart3.o(.text) refers to stm32f4xx_rcc.o(.text) for RCC_AHB1PeriphClockCmd
    usart3.o(.text) refers to stm32f4xx_gpio.o(.text) for GPIO_PinAFConfig
    usart3.o(.text) refers to misc.o(.text) for NVIC_Init
    usart3.o(.text) refers to timer.o(.text) for TIM7_Int_Init
    usart3.o(.text) refers to c89vsprintf.o(.text) for __c89vsprintf
    usart3.o(.text) refers to strlen.o(.text) for strlen
    usart3.o(.text) refers to usart3.o(.data) for USART3_RX_STA
    usart3.o(.text) refers to usart3.o(.bss) for USART3_RX_BUF
    gps.o(.text) refers to strstr.o(.text) for strstr
    gps.o(.text) refers to delay.o(.text) for delay_ms
    gps.o(.text) refers to usart3.o(.text) for usart3_init
    gps.o(.text) refers to usart3.o(.data) for USART3_RX_STA
    gps.o(.text) refers to usart3.o(.bss) for USART3_RX_BUF
    delay.o(.text) refers to misc.o(.text) for SysTick_CLKSourceConfig
    delay.o(.text) refers to delay.o(.data) for fac_us
[...]
    _printf_sizespec                         0x00000000   Number         0  printf_stubs.o ABSOLUTE
    _printf_widthprec                        0x00000000   Number         0  printf_stubs.o ABSOLUTE
    __ARM_exceptions_init                     - Undefined Weak Reference
    __alloca_initialize                       - Undefined Weak Reference
    __arm_preinit_                            - Undefined Weak Reference
    __cpp_initialize__aeabi_                  - Undefined Weak Reference
    __cxa_finalize                            - Undefined Weak Reference
    __sigvec_lookup                           - Undefined Weak Reference
    _atexit_init                              - Undefined Weak Reference
    _call_atexit_fns                          - Undefined Weak Reference
    _clock_init                               - Undefined Weak Reference
    _fp_trap_init                             - Undefined Weak Reference
    _fp_trap_shutdown                         - Undefined Weak Reference
    _get_lc_collate                           - Undefined Weak Reference
    _get_lc_monetary                          - Undefined Weak Reference
    _get_lc_time                              - Undefined Weak Reference
    _getenv_init                              - Undefined Weak Reference
    _handle_redirection                       - Undefined Weak Reference
    _init_alloc                               - Undefined Weak Reference
    _init_user_alloc                          - Undefined Weak Reference
    _initio                                   - Undefined Weak Reference
    _mutex_acquire                            - Undefined Weak Reference
    _mutex_release                            - Undefined Weak Reference
    _printf_fp_hex                            - Undefined Weak Reference
    _printf_mbtowc                            - Undefined Weak Reference
    _printf_wc                                - Undefined Weak Reference
    _rand_init                                - Undefined Weak Reference
    _signal_finish                            - Undefined Weak Reference
    _signal_init                              - Undefined Weak Reference
    _terminate_alloc                          - Undefined Weak Reference
    _terminate_user_alloc                     - Undefined Weak Reference
    _terminateio                              - Undefined Weak Reference
    __Vectors_Size                           0x00000188   Number         0  startup_stm32f40_41xxx.o ABSOLUTE
    __Vectors                                0x08000000   Data           4  startup_stm32f40_41xxx.o(RESET)
    __Vectors_End                            0x08000188   Data           0  startup_stm32f40_41xxx.o(RESET)
    __main                                   0x08000189   Thumb Code     8  __main.o(!!!main)
    __scatterload                            0x08000191   Thumb Code     0  __scatter.o(!!!scatter)
    __scatterload_rt2                        0x08000191   Thumb Code    44  __scatter.o(!!!scatter)
    __scatterload_rt2_thumb_only             0x08000191   Thumb Code     0  __scatter.o(!!!scatter)
    __scatterload_null                       0x0800019f   Thumb Code     0  __scatter.o(!!!scatter)
    __decompress                             0x080001c5   Thumb Code    90  __dczerorl2.o(!!dczerorl2)
    __decompress1                            0x080001c5   Thumb Code     0  __dczerorl2.o(!!dczerorl2)
    __scatterload_zeroinit                   0x08000221   Thumb Code    28  __scatter_zi.o(!!handler_zi)
    _printf_n                                0x0800023d   Thumb Code     0  _printf_n.o(.ARM.Collect$$_printf_percent$$00000001)
    _printf_percent                          0x0800023d   Thumb Code     0  _printf_percent.o(.ARM.Collect$$_printf_percent$$00000000)
    _printf_p                                0x08000243   Thumb Code     0  _printf_p.o(.ARM.Collect$$_printf_percent$$00000002)
    _printf_f                                0x08000249   Thumb Code     0  _printf_f.o(.ARM.Collect$$_printf_percent$$00000003)
    _printf_e                                0x0800024f   Thumb Code     0  _printf_e.o(.ARM.Collect$$_printf_percent$$00000004)
    _printf_g                                0x08000255   Thumb Code     0  _printf_g.o(.ARM.Collect$$_printf_percent$$00000005)
    _printf_a                                0x0800025b   Thumb Code     0  _printf_a.o(.ARM.Collect$$_printf_percent$$00000006)
    _printf_ll                               0x08000261   Thumb Code     0  _printf_ll.o(.ARM.Collect$$_printf_percent$$00000007)
    _printf_i                                0x0800026b   Thumb Code     0  _printf_i.o(.ARM.Collect$$_printf_percent$$00000008)
    _printf_d                                0x08000271   Thumb Code     0  _printf_d.o(.ARM.Collect$$_printf_percent$$00000009)
    _printf_u                                0x08000277   Thumb Code     0  _printf_u.o(.ARM.Collect$$_printf_percent$$0000000A)
    _printf_o                                0x0800027d   Thumb Code     0  _printf_o.o(.ARM.Collect$$_printf_percent$$0000000B)
    _printf_x                                0x08000283   Thumb Code     0  _printf_x.o(.ARM.Collect$$_printf_percent$$0000000C)
    _printf_lli                              0x08000289   Thumb Code     0  _printf_lli.o(.ARM.Collect$$_printf_percent$$0000000D)
    _printf_lld                              0x0800028f   Thumb Code     0  _printf_lld.o(.ARM.Collect$$_printf_percent$$0000000E)
    _printf_llu                              0x08000295   Thumb Code     0  _printf_llu.o(.ARM.Collect$$_printf_percent$$0000000F)
    _printf_llo                              0x0800029b   Thumb Code     0  _printf_llo.o(.ARM.Collect$$_printf_percent$$00000010)
    _printf_llx                              0x080002a1   Thumb Code     0  _printf_llx.o(.ARM.Collect$$_printf_percent$$00000011)
    _printf_l                                0x080002a7   Thumb Code     0  _printf_l.o(.ARM.Collect$$_printf_percent$$00000012)
    _printf_c                                0x080002b1   Thumb Code     0  _printf_c.o(.ARM.Collect$$_printf_percent$$00000013)
    _printf_s                                0x080002b7   Thumb Code     0  _printf_s.o(.ARM.Collect$$_printf_percent$$00000014)
    _printf_lc                               0x080002bd   Thumb Code     0  _printf_lc.o(.ARM.Collect$$_printf_percent$$00000015)
    _printf_ls                               0x080002c3   Thumb Code     0  _printf_ls.o(.ARM.Collect$$_printf_percent$$00000016)
    _printf_percent_end                      0x080002c9   Thumb Code     0  _printf_percent_end.o(.ARM.Collect$$_printf_percent$$00000017)
    __rt_lib_init                            0x080002cd   Thumb Code     0  libinit.o(.ARM.Collect$$libinit$$00000000)
    __rt_lib_init_fp_1                       0x080002cf   Thumb Code     0  libinit2.o(.ARM.Collect$$libinit$$00000001)
    __rt_lib_init_heap_1                     0x080002d3   Thumb Code     0  libinit2.o(.ARM.Collect$$libinit$$0000000A)
    __rt_lib_init_lc_common                  0x080002d3   Thumb Code     0  libinit2.o(.ARM.Collect$$libinit$$0000000F)
    __rt_lib_init_preinit_1                  0x080002d3   Thumb Code     0  libinit2.o(.ARM.Collect$$libinit$$00000004)
    __rt_lib_init_rand_1                     0x080002d3   Thumb Code     0  libinit2.o(.ARM.Collect$$libinit$$0000000E)
    __rt_lib_init_user_alloc_1               0x080002d3   Thumb Code     0  libinit2.o(.ARM.Collect$$libinit$$0000000C)
    __rt_lib_init_lc_collate_1               0x080002d9   Thumb Code     0  libinit2.o(.ARM.Collect$$libinit$$00000011)
    __rt_lib_init_lc_ctype_2                 0x080002d9   Thumb Code     0  libinit2.o(.ARM.Collect$$libinit$$00000012)
    __rt_lib_init_lc_ctype_1                 0x080002e5   Thumb Code     0  libinit2.o(.ARM.Collect$$libinit$$00000013)
    __rt_lib_init_lc_monetary_1              0x080002e5   Thumb Code     0  libinit2.o(.ARM.Collect$$libinit$$00000015)
    __rt_lib_init_lc_numeric_2               0x080002e5   Thumb Code     0  libinit2.o(.ARM.Collect$$libinit$$00000016)
    __rt_lib_init_alloca_1                   0x080002ef   Thumb Code     0  libinit2.o(.ARM.Collect$$libinit$$0000002E)
    __rt_lib_init_argv_1                     0x080002ef   Thumb Code     0  libinit2.o(.ARM.Collect$$libinit$$0000002C)
    __rt_lib_init_atexit_1                   0x080002ef   Thumb Code     0  libinit2.o(.ARM.Collect$$libinit$$0000001B)
    __rt_lib_init_clock_1                    0x080002ef   Thumb Code     0  libinit2.o(.ARM.Collect$$libinit$$00000021)
    __rt_lib_init_cpp_1                      0x080002ef   Thumb Code     0  libinit2.o(.ARM.Collect$$libinit$$00000032)
    __rt_lib_init_exceptions_1               0x080002ef   Thumb Code     0  libinit2.o(.ARM.Collect$$libinit$$00000030)
    __rt_lib_init_fp_trap_1                  0x080002ef   Thumb Code     0  libinit2.o(.ARM.Collect$$libinit$$0000001F)
    __rt_lib_init_getenv_1                   0x080002ef   Thumb Code     0  libinit2.o(.ARM.Collect$$libinit$$00000023)
    __rt_lib_init_lc_numeric_1               0x080002ef   Thumb Code     0  libinit2.o(.ARM.Collect$$libinit$$00000017)
    __rt_lib_init_lc_time_1                  0x080002ef   Thumb Code     0  libinit2.o(.ARM.Collect$$libinit$$00000019)
    __rt_lib_init_return                     0x080002ef   Thumb Code     0  libinit2.o(.ARM.Collect$$libinit$$00000033)
    __rt_lib_init_signal_1                   0x080002ef   Thumb Code     0  libinit2.o(.ARM.Collect$$libinit$$0000001D)
    __rt_lib_init_stdio_1                    0x080002ef   Thumb Code     0  libinit2.o(.ARM.Collect$$libinit$$00000025)
    __rt_lib_shutdown                        0x080002f1   Thumb Code     0  libshutdown.o(.ARM.Collect$$libshutdown$$00000000)
    __rt_lib_shutdown_cpp_1                  0x080002f3   Thumb Code     0  libshutdown2.o(.ARM.Collect$$libshutdown$$00000002)
    __rt_lib_shutdown_fp_trap_1              0x080002f3   Thumb Code     0  libshutdown2.o(.ARM.Collect$$libshutdown$$00000007)
    __rt_lib_shutdown_heap_1                 0x080002f3   Thumb Code     0  libshutdown2.o(.ARM.Collect$$libshutdown$$0000000F)
    __rt_lib_shutdown_return                 0x080002f3   Thumb Code     0  libshutdown2.o(.ARM.Collect$$libshutdown$$00000010)
    __rt_lib_shutdown_signal_1               0x080002f3   Thumb Code     0  libshutdown2.o(.ARM.Collect$$libshutdown$$0000000A)
    __rt_lib_shutdown_stdio_1                0x080002f3   Thumb Code     0  libshutdown2.o(.ARM.Collect$$libshutdown$$00000004)
    __rt_lib_shutdown_user_alloc_1           0x080002f3   Thumb Code     0  libshutdown2.o(.ARM.Collect$$libshutdown$$0000000C)
    __rt_entry                               0x080002f5   Thumb Code     0  __rtentry.o(.ARM.Collect$$rtentry$$00000000)
    __rt_entry_presh_1                       0x080002f5   Thumb Code     0  __rtentry2.o(.ARM.Collect$$rtentry$$00000002)
    __rt_entry_sh                            0x080002f5   Thumb Code     0  __rtentry4.o(.ARM.Collect$$rtentry$$00000004)
    __rt_entry_li                            0x080002fb   Thumb Code     0  __rtentry2.o(.ARM.Collect$$rtentry$$0000000A)
    __rt_entry_postsh_1                      0x080002fb   Thumb Code     0  __rtentry2.o(.ARM.Collect$$rtentry$$00000009)
    __rt_entry_main                          0x080002ff   Thumb Code     0  __rtentry2.o(.ARM.Collect$$rtentry$$0000000D)
    __rt_entry_postli_1                      0x080002ff   Thumb Code     0  __rtentry2.o(.ARM.Collect$$rtentry$$0000000C)
    __rt_exit                                0x08000307   Thumb Code     0  rtexit.o(.ARM.Collect$$rtexit$$00000000)
    __rt_exit_ls                             0x08000309   Thumb Code     0  rtexit2.o(.ARM.Collect$$rtexit$$00000003)
    __rt_exit_prels_1                        0x08000309   Thumb Code     0  rtexit2.o(.ARM.Collect$$rtexit$$00000002)
    __rt_exit_exit                           0x0800030d   Thumb Code     0  rtexit2.o(.ARM.Collect$$rtexit$$00000004)
    Gps_Msg_Show                             0x08000315   Thumb Code   564  main.o(.text)
    main                                     0x08000549   Thumb Code   938  main.o(.text)
    NMI_Handler                              0x080008f9   Thumb Code     2  stm32f4xx_it.o(.text)
    HardFault_Handler                        0x080008fb   Thumb Code     4  stm32f4xx_it.o(.text)
    MemManage_Handler                        0x080008ff   Thumb Code     4  stm32f4xx_it.o(.text)
    BusFault_Handler                         0x08000903   Thumb Code     4  stm32f4xx_it.o(.text)
    UsageFault_Handler                       0x08000907   Thumb Code     4  stm32f4xx_it.o(.text)
    SVC_Handler                              0x0800090b   Thumb Code     2  stm32f4xx_it.o(.text)
    DebugMon_Handler                         0x0800090d   Thumb Code     2  stm32f4xx_it.o(.text)
    PendSV_Handler                           0x0800090f   Thumb Code     2  stm32f4xx_it.o(.text)
    SysTick_Handler                          0x08000911   Thumb Code     2  stm32f4xx_it.o(.text)
    SystemInit                               0x080009f1   Thumb Code    88  system_stm32f4xx.o(.text)
    SystemCoreClockUpdate                    0x08000a49   Thumb Code   174  system_stm32f4xx.o(.text)
    LED_Init                                 0x08000b25   Thumb Code    60  led.o(.text)
    KEY_Init                                 0x08000b65   Thumb Code    60  key.o(.text)
    KEY_Scan                                 0x08000ba1   Thumb Code   188  key.o(.text)
    LCD_WR_REG                               0x08000c69   Thumb Code    18  lcd.o(.text)
    LCD_WR_DATA                              0x08000c7b   Thumb Code    20  lcd.o(.text)
    LCD_RD_DATA                              0x08000c8f   Thumb Code    16  lcd.o(.text)
    LCD_WriteReg                             0x08000c9f   Thumb Code    14  lcd.o(.text)
    LCD_ReadReg                              0x08000cad   Thumb Code    22  lcd.o(.text)
    LCD_WriteRAM_Prepare                     0x08000cc3   Thumb Code    10  lcd.o(.text)
    LCD_WriteRAM                             0x08000ccd   Thumb Code     8  lcd.o(.text)
    LCD_BGR2RGB                              0x08000cd5   Thumb Code    26  lcd.o(.text)
    opt_delay                                0x08000cef   Thumb Code    14  lcd.o(.text)
    LCD_SetCursor                            0x08000cfd   Thumb Code   418  lcd.o(.text)
    LCD_ReadPoint                            0x08000e9f   Thumb Code   360  lcd.o(.text)
    LCD_DisplayOn                            0x08001007   Thumb Code   102  lcd.o(.text)
    LCD_DisplayOff                           0x0800106d   Thumb Code    90  lcd.o(.text)
    LCD_Scan_Dir                             0x080010c7   Thumb Code   744  lcd.o(.text)
    LCD_DrawPoint                            0x080013af   Thumb Code    28  lcd.o(.text)
    LCD_Fast_DrawPoint                       0x080013cb   Thumb Code   388  lcd.o(.text)
    LCD_SSD_BackLightSet                     0x0800154f   Thumb Code    88  lcd.o(.text)
    LCD_Display_Dir                          0x080015a7   Thumb Code   444  lcd.o(.text)
    LCD_Set_Window                           0x08001763   Thumb Code   546  lcd.o(.text)
    LCD_Clear                                0x08001985   Thumb Code   100  lcd.o(.text)
    LCD_Init                                 0x080019e9   Thumb Code 14696  lcd.o(.text)
    LCD_Fill                                 0x08005351   Thumb Code   180  lcd.o(.text)
    LCD_Color_Fill                           0x08005405   Thumb Code   100  lcd.o(.text)
    LCD_DrawLine                             0x08005469   Thumb Code   176  lcd.o(.text)
    LCD_DrawRectangle                        0x08005519   Thumb Code    60  lcd.o(.text)
    LCD_Draw_Circle                          0x08005555   Thumb Code   152  lcd.o(.text)
    LCD_ShowChar                             0x080055ed   Thumb Code   272  lcd.o(.text)
    LCD_Pow                                  0x080056fd   Thumb Code    22  lcd.o(.text)
    LCD_ShowNum                              0x08005713   Thumb Code   148  lcd.o(.text)
    LCD_ShowxNum                             0x080057a7   Thumb Code   220  lcd.o(.text)
    LCD_ShowString                           0x08005883   Thumb Code   102  lcd.o(.text)
    TIM7_IRQHandler                          0x080058e9   Thumb Code    42  timer.o(.text)
    TIM7_Int_Init                            0x08005913   Thumb Code    88  timer.o(.text)
    USART3_IRQHandler                        0x08005975   Thumb Code    94  usart3.o(.text)
    usart3_init                              0x080059d3   Thumb Code   194  usart3.o(.text)
    u3_printf                                0x08005a95   Thumb Code    72  usart3.o(.text)
    NMEA_Comma_Pos                           0x08005af5   Thumb Code    50  gps.o(.text)
    NMEA_Pow                                 0x08005b27   Thumb Code    22  gps.o(.text)
    NMEA_Str2num                             0x08005b3d   Thumb Code   234  gps.o(.text)
    NMEA_GPGSV_Analysis                      0x08005c27   Thumb Code   290  gps.o(.text)
    NMEA_GPGGA_Analysis                      0x08005d49   Thumb Code    96  gps.o(.text)
    NMEA_GPGSA_Analysis                      0x08005da9   Thumb Code   176  gps.o(.text)
    NMEA_GPRMC_Analysis                      0x08005e59   Thumb Code   570  gps.o(.text)
    NMEA_GPVTG_Analysis                      0x08006093   Thumb Code    78  gps.o(.text)
    GPS_Analysis                             0x080060e1   Thumb Code    48  gps.o(.text)
    Ublox_CheckSum                           0x08006111   Thumb Code    40  gps.o(.text)
    Ublox_Cfg_Ack_Check                      0x08006139   Thumb Code   104  gps.o(.text)
    Ublox_Send_Date                          0x080061a1   Thumb Code    40  gps.o(.text)
    Ublox_Cfg_Cfg_Save                       0x080061c9   Thumb Code   100  gps.o(.text)
    Ublox_Cfg_Msg                            0x0800622d   Thumb Code    72  gps.o(.text)
    Ublox_Cfg_Prt                            0x08006275   Thumb Code    94  gps.o(.text)
    Ublox_Cfg_Tp                             0x080062d3   Thumb Code    90  gps.o(.text)
    Ublox_Cfg_Rate                           0x0800632d   Thumb Code    68  gps.o(.text)
    delay_init                               0x08006389   Thumb Code    52  delay.o(.text)
    delay_us                                 0x080063bd   Thumb Code    72  delay.o(.text)
    delay_xms                                0x08006405   Thumb Code    72  delay.o(.text)
    delay_ms                                 0x0800644d   Thumb Code    56  delay.o(.text)
    _sys_exit                                0x0800648d   Thumb Code     6  usart.o(.text)
    fputc                                    0x08006493   Thumb Code    22  usart.o(.text)
    uart_init                                0x080064a9   Thumb Code   172  usart.o(.text)
    USART1_IRQHandler                        0x08006555   Thumb Code   122  usart.o(.text)
    Reset_Handler                            0x080065e1   Thumb Code     8  startup_stm32f40_41xxx.o(.text)
    ADC_IRQHandler                           0x080065fb   Thumb Code     0  startup_stm32f40_41xxx.o(.text)
    CAN1_RX0_IRQHandler                      0x080065fb   Thumb Code     0  startup_stm32f40_41xxx.o(.text)
    CAN1_RX1_IRQHandler                      0x080065fb   Thumb Code     0  startup_stm32f40_41xxx.o(.text)
    CAN1_SCE_IRQHandler                      0x080065fb   Thumb Code     0  startup_stm32f40_41xxx.o(.text)
    CAN1_TX_IRQHandler                       0x080065fb   Thumb Code     0  startup_stm32f40_41xxx.o(.text)
    CAN2_RX0_IRQHandler                      0x080065fb   Thumb Code     0  startup_stm32f40_41xxx.o(.text)
    CAN2_RX1_IRQHandler                      0x080065fb   Thumb Code     0  startup_stm32f40_41xxx.o(.text)
    CAN2_SCE_IRQHandler                      0x080065fb   Thumb Code     0  startup_stm32f40_41xxx.o(.text)
    CAN2_TX_IRQHandler                       0x080065fb   Thumb Code     0  startup_stm32f40_41xxx.o(.text)
    CRYP_IRQHandler                          0x080065fb   Thumb Code     0  startup_stm32f40_41xxx.o(.text)
    DCMI_IRQHandler                          0x080065fb   Thumb Code     0  startup_stm32f40_41xxx.o(.text)
    DMA1_Stream0_IRQHandler                  0x080065fb   Thumb Code     0  startup_stm32f40_41xxx.o(.text)
    DMA1_Stream1_IRQHandler                  0x080065fb   Thumb Code     0  startup_stm32f40_41xxx.o(.text)
    DMA1_Stream2_IRQHandler                  0x080065fb   Thumb Code     0  startup_stm32f40_41xxx.o(.text)
    DMA1_Stream3_IRQHandler                  0x080065fb   Thumb Code     0  startup_stm32f40_41xxx.o(.text)
    DMA1_Stream4_IRQHandler                  0x080065fb   Thumb Code     0  startup_stm32f40_41xxx.o(.text)
    DMA1_Stream5_IRQHandler                  0x080065fb   Thumb Code     0  startup_stm32f40_41xxx.o(.text)
    DMA1_Stream6_IRQHandler                  0x080065fb   Thumb Code     0  startup_stm32f40_41xxx.o(.text)
    DMA1_Stream7_IRQHandler                  0x080065fb   Thumb Code     0  startup_stm32f40_41xxx.o(.text)
    DMA2_Stream0_IRQHandler                  0x080065fb   Thumb Code     0  startup_stm32f40_41xxx.o(.text)
    DMA2_Stream1_IRQHandler                  0x080065fb   Thumb Code     0  startup_stm32f40_41xxx.o(.text)
    DMA2_Stream2_IRQHandler                  0x080065fb   Thumb Code     0  startup_stm32f40_41xxx.o(.text)
    DMA2_Stream3_IRQHandler                  0x080065fb   Thumb Code     0  startup_stm32f40_41xxx.o(.text)
    DMA2_Stream4_IRQHandler                  0x080065fb   Thumb Code     0  startup_stm32f40_41xxx.o(.text)
    DMA2_Stream5_IRQHandler                  0x080065fb   Thumb Code     0  startup_stm32f40_41xxx.o(.text)
    DMA2_Stream6_IRQHandler                  0x080065fb   Thumb Code     0  startup_stm32f40_41xxx.o(.text)
    DMA2_Stream7_IRQHandler                  0x080065fb   Thumb Code     0  startup_stm32f40_41xxx.o(.text)
    ETH_IRQHandler                           0x080065fb   Thumb Code     0  startup_stm32f40_41xxx.o(.text)
    ETH_WKUP_IRQHandler                      0x080065fb   Thumb Code     0  startup_stm32f40_41xxx.o(.text)
    EXTI0_IRQHandler                         0x080065fb   Thumb Code     0  startup_stm32f40_41xxx.o(.text)
    EXTI15_10_IRQHandler                     0x080065fb   Thumb Code     0  startup_stm32f40_41xxx.o(.text)
    EXTI1_IRQHandler                         0x080065fb   Thumb Code     0  startup_stm32f40_41xxx.o(.text)
    EXTI2_IRQHandler                         0x080065fb   Thumb Code     0  startup_stm32f40_41xxx.o(.text)
    EXTI3_IRQHandler                         0x080065fb   Thumb Code     0  startup_stm32f40_41xxx.o(.text)
    EXTI4_IRQHandler                         0x080065fb   Thumb Code     0  startup_stm32f40_41xxx.o(.text)
    EXTI9_5_IRQHandler                       0x080065fb   Thumb Code     0  startup_stm32f40_41xxx.o(.text)
    FLASH_IRQHandler                         0x080065fb   Thumb Code     0  startup_stm32f40_41xxx.o(.text)
    FPU_IRQHandler                           0x080065fb   Thumb Code     0  startup_stm32f40_41xxx.o(.text)
    FSMC_IRQHandler                          0x080065fb   Thumb Code     0  startup_stm32f40_41xxx.o(.text)
    HASH_RNG_IRQHandler                      0x080065fb   Thumb Code     0  startup_stm32f40_41xxx.o(.text)
    I2C1_ER_IRQHandler                       0x080065fb   Thumb Code     0  startup_stm32f40_41xxx.o(.text)
    I2C1_EV_IRQHandler                       0x080065fb   Thumb Code     0  startup_stm32f40_41xxx.o(.text)
    I2C2_ER_IRQHandler                       0x080065fb   Thumb Code     0  startup_stm32f40_41xxx.o(.text)
    I2C2_EV_IRQHandler                       0x080065fb   Thumb Code     0  startup_stm32f40_41xxx.o(.text)
    I2C3_ER_IRQHandler                       0x080065fb   Thumb Code     0  startup_stm32f40_41xxx.o(.text)
    I2C3_EV_IRQHandler                       0x080065fb   Thumb Code     0  startup_stm32f40_41xxx.o(.text)
    OTG_FS_IRQHandler                        0x080065fb   Thumb Code     0  startup_stm32f40_41xxx.o(.text)
    OTG_FS_WKUP_IRQHandler                   0x080065fb   Thumb Code     0  startup_stm32f40_41xxx.o(.text)
    OTG_HS_EP1_IN_IRQHandler                 0x080065fb   Thumb Code     0  startup_stm32f40_41xxx.o(.text)
    OTG_HS_EP1_OUT_IRQHandler                0x080065fb   Thumb Code     0  startup_stm32f40_41xxx.o(.text)
    OTG_HS_IRQHandler                        0x080065fb   Thumb Code     0  startup_stm32f40_41xxx.o(.text)
    OTG_HS_WKUP_IRQHandler                   0x080065fb   Thumb Code     0  startup_stm32f40_41xxx.o(.text)
    PVD_IRQHandler                           0x080065fb   Thumb Code     0  startup_stm32f40_41xxx.o(.text)
    RCC_IRQHandler                           0x080065fb   Thumb Code     0  startup_stm32f40_41xxx.o(.text)
    RTC_Alarm_IRQHandler                     0x080065fb   Thumb Code     0  startup_stm32f40_41xxx.o(.text)
    RTC_WKUP_IRQHandler                      0x080065fb   Thumb Code     0  startup_stm32f40_41xxx.o(.text)
    SDIO_IRQHandler                          0x080065fb   Thumb Code     0  startup_stm32f40_41xxx.o(.text)
    SPI1_IRQHandler                          0x080065fb   Thumb Code     0  startup_stm32f40_41xxx.o(.text)
    SPI2_IRQHandler                          0x080065fb   Thumb Code     0  startup_stm32f40_41xxx.o(.text)
    SPI3_IRQHandler                          0x080065fb   Thumb Code     0  startup_stm32f40_41xxx.o(.text)
    TAMP_STAMP_IRQHandler                    0x080065fb   Thumb Code     0  startup_stm32f40_41xxx.o(.text)
    TIM1_BRK_TIM9_IRQHandler                 0x080065fb   Thumb Code     0  startup_stm32f40_41xxx.o(.text)
    TIM1_CC_IRQHandler                       0x080065fb   Thumb Code     0  startup_stm32f40_41xxx.o(.text)
    TIM1_TRG_COM_TIM11_IRQHandler            0x080065fb   Thumb Code     0  startup_stm32f40_41xxx.o(.text)
    TIM1_UP_TIM10_IRQHandler                 0x080065fb   Thumb Code     0  startup_stm32f40_41xxx.o(.text)
    TIM2_IRQHandler                          0x080065fb   Thumb Code     0  startup_stm32f40_41xxx.o(.text)
    TIM3_IRQHandler                          0x080065fb   Thumb Code     0  startup_stm32f40_41xxx.o(.text)
    TIM5_IRQHandler                          0x080065fb   Thumb Code     0  startup_stm32f40_41xxx.o(.text)
    TIM6_DAC_IRQHandler                      0x080065fb   Thumb Code     0  startup_stm32f40_41xxx.o(.text)
    TIM8_BRK_TIM12_IRQHandler                0x080065fb   Thumb Code     0  startup_stm32f40_41xxx.o(.text)
    TIM8_CC_IRQHandler                       0x080065fb   Thumb Code     0  startup_stm32f40_41xxx.o(.text)
    TIM8_TRG_COM_TIM14_IRQHandler            0x080065fb   Thumb Code     0  startup_stm32f40_41xxx.o(.text)
    TIM8_UP_TIM13_IRQHandler                 0x080065fb   Thumb Code     0  startup_stm32f40_41xxx.o(.text)
    UART4_IRQHandler                         0x080065fb   Thumb Code     0  startup_stm32f40_41xxx.o(.text)
    UART5_IRQHandler                         0x080065fb   Thumb Code     0  startup_stm32f40_41xxx.o(.text)
    USART2_IRQHandler                        0x080065fb   Thumb Code     0  startup_stm32f40_41xxx.o(.text)
    USART6_IRQHandler                        0x080065fb   Thumb Code     0  startup_stm32f40_41xxx.o(.text)
    WWDG_IRQHandler                          0x080065fb   Thumb Code     0  startup_stm32f40_41xxx.o(.text)
    __user_initial_stackheap                 0x080065fd   Thumb Code     0  startup_stm32f40_41xxx.o(.text)
    NVIC_PriorityGroupConfig                 0x08006621   Thumb Code    10  misc.o(.text)
    NVIC_Init                                0x0800662b   Thumb Code   106  misc.o(.text)
    NVIC_SetVectorTable                      0x08006695   Thumb Code    14  misc.o(.text)
    NVIC_SystemLPConfig                      0x080066a3   Thumb Code    34  misc.o(.text)
    SysTick_CLKSourceConfig                  0x080066c5   Thumb Code    40  misc.o(.text)
    GPIO_DeInit                              0x08006701   Thumb Code   268  stm32f4xx_gpio.o(.text)
    GPIO_Init                                0x0800680d   Thumb Code   144  stm32f4xx_gpio.o(.text)
    GPIO_StructInit                          0x0800689d   Thumb Code    18  stm32f4xx_gpio.o(.text)
    GPIO_PinLockConfig                       0x080068af   Thumb Code    34  stm32f4xx_gpio.o(.text)
    GPIO_ReadInputDataBit                    0x080068d1   Thumb Code    18  stm32f4xx_gpio.o(.text)
    GPIO_ReadInputData                       0x080068e3   Thumb Code     8  stm32f4xx_gpio.o(.text)
    GPIO_ReadOutputDataBit                   0x080068eb   Thumb Code    18  stm32f4xx_gpio.o(.text)
    GPIO_ReadOutputData                      0x080068fd   Thumb Code     8  stm32f4xx_gpio.o(.text)
    GPIO_SetBits                             0x08006905   Thumb Code     4  stm32f4xx_gpio.o(.text)
    GPIO_ResetBits                           0x08006909   Thumb Code     4  stm32f4xx_gpio.o(.text)
    GPIO_WriteBit                            0x0800690d   Thumb Code    10  stm32f4xx_gpio.o(.text)
    GPIO_Write                               0x08006917   Thumb Code     4  stm32f4xx_gpio.o(.text)
    GPIO_ToggleBits                          0x0800691b   Thumb Code     8  stm32f4xx_gpio.o(.text)
    GPIO_PinAFConfig                         0x08006923   Thumb Code    70  stm32f4xx_gpio.o(.text)
    FSMC_NORSRAMDeInit                       0x08006995   Thumb Code    54  stm32f4xx_fsmc.o(.text)
    FSMC_NORSRAMInit                         0x080069cb   Thumb Code   230  stm32f4xx_fsmc.o(.text)
    FSMC_NORSRAMStructInit                   0x08006ab1   Thumb Code    48  stm32f4xx_fsmc.o(.text)
    FSMC_NORSRAMCmd                          0x08006ae1   Thumb Code    46  stm32f4xx_fsmc.o(.text)
    FSMC_NANDDeInit                          0x08006b0f   Thumb Code    62  stm32f4xx_fsmc.o(.text)
    FSMC_NANDInit                            0x08006b4d   Thumb Code   132  stm32f4xx_fsmc.o(.text)
    FSMC_NANDStructInit                      0x08006bd1   Thumb Code    54  stm32f4xx_fsmc.o(.text)
    FSMC_NANDCmd                             0x08006c07   Thumb Code    86  stm32f4xx_fsmc.o(.text)
    FSMC_NANDECCCmd                          0x08006c5d   Thumb Code    86  stm32f4xx_fsmc.o(.text)
    FSMC_GetECC                              0x08006cb3   Thumb Code    24  stm32f4xx_fsmc.o(.text)
    FSMC_PCCARDDeInit                        0x08006ccb   Thumb Code    36  stm32f4xx_fsmc.o(.text)
    FSMC_PCCARDInit                          0x08006cef   Thumb Code   130  stm32f4xx_fsmc.o(.text)
    FSMC_PCCARDStructInit                    0x08006d71   Thumb Code    60  stm32f4xx_fsmc.o(.text)
    FSMC_PCCARDCmd                           0x08006dad   Thumb Code    44  stm32f4xx_fsmc.o(.text)
    FSMC_ITConfig                            0x08006dd9   Thumb Code   128  stm32f4xx_fsmc.o(.text)
    FSMC_GetFlagStatus                       0x08006e59   Thumb Code    54  stm32f4xx_fsmc.o(.text)
    FSMC_ClearFlag                           0x08006e8f   Thumb Code    74  stm32f4xx_fsmc.o(.text)
    FSMC_GetITStatus                         0x08006ed9   Thumb Code    62  stm32f4xx_fsmc.o(.text)
    FSMC_ClearITPendingBit                   0x08006f17   Thumb Code    66  stm32f4xx_fsmc.o(.text)
    RCC_DeInit                               0x08006f5d   Thumb Code    82  stm32f4xx_rcc.o(.text)
    RCC_HSEConfig                            0x08006faf   Thumb Code    14  stm32f4xx_rcc.o(.text)
    RCC_GetFlagStatus                        0x08006fbd   Thumb Code    60  stm32f4xx_rcc.o(.text)
    RCC_WaitForHSEStartUp                    0x08006ff9   Thumb Code    56  stm32f4xx_rcc.o(.text)
    RCC_AdjustHSICalibrationValue            0x08007031   Thumb Code    20  stm32f4xx_rcc.o(.text)
    RCC_HSICmd                               0x08007045   Thumb Code     6  stm32f4xx_rcc.o(.text)
    RCC_LSEConfig                            0x0800704b   Thumb Code    46  stm32f4xx_rcc.o(.text)
    RCC_LSICmd                               0x08007079   Thumb Code     6  stm32f4xx_rcc.o(.text)
    RCC_PLLConfig                            0x0800707f   Thumb Code    32  stm32f4xx_rcc.o(.text)
    RCC_PLLCmd                               0x0800709f   Thumb Code     6  stm32f4xx_rcc.o(.text)
    RCC_PLLI2SConfig                         0x080070a5   Thumb Code    14  stm32f4xx_rcc.o(.text)
    RCC_PLLI2SCmd                            0x080070b3   Thumb Code     6  stm32f4xx_rcc.o(.text)
    RCC_PLLSAIConfig                         0x080070b9   Thumb Code    20  stm32f4xx_rcc.o(.text)
    RCC_PLLSAICmd                            0x080070cd   Thumb Code     6  stm32f4xx_rcc.o(.text)
    RCC_ClockSecuritySystemCmd               0x080070d3   Thumb Code     6  stm32f4xx_rcc.o(.text)
    RCC_MCO1Config                           0x080070d9   Thumb Code    28  stm32f4xx_rcc.o(.text)
    RCC_MCO2Config                           0x080070f5   Thumb Code    28  stm32f4xx_rcc.o(.text)
    RCC_SYSCLKConfig                         0x08007111   Thumb Code    20  stm32f4xx_rcc.o(.text)
    RCC_GetSYSCLKSource                      0x08007125   Thumb Code    12  stm32f4xx_rcc.o(.text)
    RCC_HCLKConfig                           0x08007131   Thumb Code    20  stm32f4xx_rcc.o(.text)
    RCC_PCLK1Config                          0x08007145   Thumb Code    20  stm32f4xx_rcc.o(.text)
    RCC_PCLK2Config                          0x08007159   Thumb Code    22  stm32f4xx_rcc.o(.text)
    RCC_GetClocksFreq                        0x0800716f   Thumb Code   222  stm32f4xx_rcc.o(.text)
    RCC_RTCCLKConfig                         0x0800724d   Thumb Code    54  stm32f4xx_rcc.o(.text)
    RCC_RTCCLKCmd                            0x08007283   Thumb Code     8  stm32f4xx_rcc.o(.text)
    RCC_BackupResetCmd                       0x0800728b   Thumb Code     8  stm32f4xx_rcc.o(.text)
    RCC_I2SCLKConfig                         0x08007293   Thumb Code     6  stm32f4xx_rcc.o(.text)
    RCC_SAIPLLI2SClkDivConfig                0x08007299   Thumb Code    26  stm32f4xx_rcc.o(.text)
    RCC_SAIPLLSAIClkDivConfig                0x080072b3   Thumb Code    28  stm32f4xx_rcc.o(.text)
    RCC_SAIBlockACLKConfig                   0x080072cf   Thumb Code    20  stm32f4xx_rcc.o(.text)
    RCC_SAIBlockBCLKConfig                   0x080072e3   Thumb Code    20  stm32f4xx_rcc.o(.text)
    RCC_LTDCCLKDivConfig                     0x080072f7   Thumb Code    20  stm32f4xx_rcc.o(.text)
    RCC_TIMCLKPresConfig                     0x0800730b   Thumb Code     6  stm32f4xx_rcc.o(.text)
    RCC_AHB1PeriphClockCmd                   0x08007311   Thumb Code    34  stm32f4xx_rcc.o(.text)
    RCC_AHB2PeriphClockCmd                   0x08007333   Thumb Code    78  stm32f4xx_rcc.o(.text)
    RCC_AHB3PeriphClockCmd                   0x08007381   Thumb Code    34  stm32f4xx_rcc.o(.text)
    RCC_APB1PeriphClockCmd                   0x080073a3   Thumb Code    34  stm32f4xx_rcc.o(.text)
    RCC_APB2PeriphClockCmd                   0x080073c5   Thumb Code    34  stm32f4xx_rcc.o(.text)
    RCC_AHB1PeriphResetCmd                   0x080073e7   Thumb Code    34  stm32f4xx_rcc.o(.text)
    RCC_AHB2PeriphResetCmd                   0x08007409   Thumb Code    34  stm32f4xx_rcc.o(.text)
    RCC_AHB3PeriphResetCmd                   0x0800742b   Thumb Code    34  stm32f4xx_rcc.o(.text)
    RCC_APB1PeriphResetCmd                   0x0800744d   Thumb Code    34  stm32f4xx_rcc.o(.text)
    RCC_APB2PeriphResetCmd                   0x0800746f   Thumb Code    34  stm32f4xx_rcc.o(.text)
    RCC_AHB1PeriphClockLPModeCmd             0x08007491   Thumb Code    34  stm32f4xx_rcc.o(.text)
    RCC_AHB2PeriphClockLPModeCmd             0x080074b3   Thumb Code    34  stm32f4xx_rcc.o(.text)
    RCC_AHB3PeriphClockLPModeCmd             0x080074d5   Thumb Code    34  stm32f4xx_rcc.o(.text)
    RCC_APB1PeriphClockLPModeCmd             0x080074f7   Thumb Code    34  stm32f4xx_rcc.o(.text)
    RCC_APB2PeriphClockLPModeCmd             0x08007519   Thumb Code    34  stm32f4xx_rcc.o(.text)
    RCC_LSEModeConfig                        0x0800753b   Thumb Code    40  stm32f4xx_rcc.o(.text)
    RCC_ITConfig                             0x08007563   Thumb Code    34  stm32f4xx_rcc.o(.text)
    RCC_ClearFlag                            0x08007585   Thumb Code    18  stm32f4xx_rcc.o(.text)
    RCC_GetITStatus                          0x08007597   Thumb Code    22  stm32f4xx_rcc.o(.text)
    RCC_ClearITPendingBit                    0x080075ad   Thumb Code     8  stm32f4xx_rcc.o(.text)
    USART_DeInit                             0x080075b9   Thumb Code   206  stm32f4xx_usart.o(.text)
    USART_Init                               0x08007687   Thumb Code   204  stm32f4xx_usart.o(.text)
    USART_StructInit                         0x08007753   Thumb Code    24  stm32f4xx_usart.o(.text)
    USART_ClockInit                          0x0800776b   Thumb Code    32  stm32f4xx_usart.o(.text)
    USART_ClockStructInit                    0x0800778b   Thumb Code    12  stm32f4xx_usart.o(.text)
    USART_Cmd                                0x08007797   Thumb Code    24  stm32f4xx_usart.o(.text)
    USART_SetPrescaler                       0x080077af   Thumb Code    16  stm32f4xx_usart.o(.text)
    USART_OverSampling8Cmd                   0x080077bf   Thumb Code    22  stm32f4xx_usart.o(.text)
    USART_OneBitMethodCmd                    0x080077d5   Thumb Code    24  stm32f4xx_usart.o(.text)
    USART_SendData                           0x080077ed   Thumb Code     8  stm32f4xx_usart.o(.text)
    USART_ReceiveData                        0x080077f5   Thumb Code    10  stm32f4xx_usart.o(.text)
    USART_SetAddress                         0x080077ff   Thumb Code    18  stm32f4xx_usart.o(.text)
    USART_ReceiverWakeUpCmd                  0x08007811   Thumb Code    24  stm32f4xx_usart.o(.text)
    USART_WakeUpConfig                       0x08007829   Thumb Code    18  stm32f4xx_usart.o(.text)
    USART_LINBreakDetectLengthConfig         0x0800783b   Thumb Code    18  stm32f4xx_usart.o(.text)
    USART_LINCmd                             0x0800784d   Thumb Code    24  stm32f4xx_usart.o(.text)
    USART_SendBreak                          0x08007865   Thumb Code    10  stm32f4xx_usart.o(.text)
    USART_HalfDuplexCmd                      0x0800786f   Thumb Code    24  stm32f4xx_usart.o(.text)
    USART_SetGuardTime                       0x08007887   Thumb Code    16  stm32f4xx_usart.o(.text)
    USART_SmartCardCmd                       0x08007897   Thumb Code    24  stm32f4xx_usart.o(.text)
    USART_SmartCardNACKCmd                   0x080078af   Thumb Code    24  stm32f4xx_usart.o(.text)
    USART_IrDAConfig                         0x080078c7   Thumb Code    18  stm32f4xx_usart.o(.text)
    USART_IrDACmd                            0x080078d9   Thumb Code    24  stm32f4xx_usart.o(.text)
    USART_DMACmd                             0x080078f1   Thumb Code    18  stm32f4xx_usart.o(.text)
    USART_ITConfig                           0x08007903   Thumb Code    74  stm32f4xx_usart.o(.text)
    USART_GetFlagStatus                      0x0800794d   Thumb Code    26  stm32f4xx_usart.o(.text)
    USART_ClearFlag                          0x08007967   Thumb Code    18  stm32f4xx_usart.o(.text)
    USART_GetITStatus                        0x08007979   Thumb Code   118  stm32f4xx_usart.o(.text)
    USART_ClearITPendingBit                  0x080079ef   Thumb Code    30  stm32f4xx_usart.o(.text)
    TIM_DeInit                               0x08007a0d   Thumb Code   346  stm32f4xx_tim.o(.text)
    TIM_TimeBaseInit                         0x08007b67   Thumb Code   104  stm32f4xx_tim.o(.text)
    TIM_TimeBaseStructInit                   0x08007bcf   Thumb Code    18  stm32f4xx_tim.o(.text)
    TIM_PrescalerConfig                      0x08007be1   Thumb Code     6  stm32f4xx_tim.o(.text)
    TIM_CounterModeConfig                    0x08007be7   Thumb Code    18  stm32f4xx_tim.o(.text)
    TIM_SetCounter                           0x08007bf9   Thumb Code     4  stm32f4xx_tim.o(.text)
    TIM_SetAutoreload                        0x08007bfd   Thumb Code     4  stm32f4xx_tim.o(.text)
    TIM_GetCounter                           0x08007c01   Thumb Code     6  stm32f4xx_tim.o(.text)
    TIM_GetPrescaler                         0x08007c07   Thumb Code     6  stm32f4xx_tim.o(.text)
    TIM_UpdateDisableConfig                  0x08007c0d   Thumb Code    24  stm32f4xx_tim.o(.text)
    TIM_UpdateRequestConfig                  0x08007c25   Thumb Code    24  stm32f4xx_tim.o(.text)
    TIM_ARRPreloadConfig                     0x08007c3d   Thumb Code    24  stm32f4xx_tim.o(.text)
    TIM_SelectOnePulseMode                   0x08007c55   Thumb Code    18  stm32f4xx_tim.o(.text)
    TIM_SetClockDivision                     0x08007c67   Thumb Code    18  stm32f4xx_tim.o(.text)
    TIM_Cmd                                  0x08007c79   Thumb Code    24  stm32f4xx_tim.o(.text)
    TIM_OC1Init                              0x08007c91   Thumb Code   114  stm32f4xx_tim.o(.text)
    TIM_OC2Init                              0x08007d03   Thumb Code   154  stm32f4xx_tim.o(.text)
    TIM_OC3Init                              0x08007d9d   Thumb Code   204  stm32f4xx_tim.o(.text)
    TIM_OC4Init                              0x08007e69   Thumb Code   112  stm32f4xx_tim.o(.text)
    TIM_OCStructInit                         0x08007ed9   Thumb Code    20  stm32f4xx_tim.o(.text)
    TIM_SelectOCxM                           0x08007eed   Thumb Code    86  stm32f4xx_tim.o(.text)
    TIM_SetCompare1                          0x08007f43   Thumb Code     4  stm32f4xx_tim.o(.text)
    TIM_SetCompare2                          0x08007f47   Thumb Code     4  stm32f4xx_tim.o(.text)
    TIM_SetCompare3                          0x08007f4b   Thumb Code     4  stm32f4xx_tim.o(.text)
    TIM_SetCompare4                          0x08007f4f   Thumb Code     4  stm32f4xx_tim.o(.text)
    TIM_ForcedOC1Config                      0x08007f53   Thumb Code    18  stm32f4xx_tim.o(.text)
    TIM_ForcedOC2Config                      0x08007f65   Thumb Code    26  stm32f4xx_tim.o(.text)
    TIM_ForcedOC3Config                      0x08007f7f   Thumb Code    18  stm32f4xx_tim.o(.text)
    TIM_ForcedOC4Config                      0x08007f91   Thumb Code    26  stm32f4xx_tim.o(.text)
    TIM_OC1PreloadConfig                     0x08007fab   Thumb Code    18  stm32f4xx_tim.o(.text)
    TIM_OC2PreloadConfig                     0x08007fbd   Thumb Code    26  stm32f4xx_tim.o(.text)
    TIM_OC3PreloadConfig                     0x08007fd7   Thumb Code    18  stm32f4xx_tim.o(.text)
    TIM_OC4PreloadConfig                     0x08007fe9   Thumb Code    26  stm32f4xx_tim.o(.text)
    TIM_OC1FastConfig                        0x08008003   Thumb Code    18  stm32f4xx_tim.o(.text)
    TIM_OC2FastConfig                        0x08008015   Thumb Code    26  stm32f4xx_tim.o(.text)
    TIM_OC3FastConfig                        0x0800802f   Thumb Code    18  stm32f4xx_tim.o(.text)
    TIM_OC4FastConfig                        0x08008041   Thumb Code    26  stm32f4xx_tim.o(.text)
    TIM_ClearOC1Ref                          0x0800805b   Thumb Code    18  stm32f4xx_tim.o(.text)
    TIM_ClearOC2Ref                          0x0800806d   Thumb Code    24  stm32f4xx_tim.o(.text)
    TIM_ClearOC3Ref                          0x08008085   Thumb Code    18  stm32f4xx_tim.o(.text)
    TIM_ClearOC4Ref                          0x08008097   Thumb Code    24  stm32f4xx_tim.o(.text)
    TIM_OC1PolarityConfig                    0x080080af   Thumb Code    18  stm32f4xx_tim.o(.text)
    TIM_OC1NPolarityConfig                   0x080080c1   Thumb Code    18  stm32f4xx_tim.o(.text)
    TIM_OC2PolarityConfig                    0x080080d3   Thumb Code    26  stm32f4xx_tim.o(.text)
    TIM_OC2NPolarityConfig                   0x080080ed   Thumb Code    26  stm32f4xx_tim.o(.text)
    TIM_OC3PolarityConfig                    0x08008107   Thumb Code    26  stm32f4xx_tim.o(.text)
    TIM_OC3NPolarityConfig                   0x08008121   Thumb Code    26  stm32f4xx_tim.o(.text)
    TIM_OC4PolarityConfig                    0x0800813b   Thumb Code    26  stm32f4xx_tim.o(.text)
    TIM_CCxCmd                               0x08008155   Thumb Code    30  stm32f4xx_tim.o(.text)
    TIM_CCxNCmd                              0x08008173   Thumb Code    30  stm32f4xx_tim.o(.text)
    TIM_SetIC4Prescaler                      0x08008191   Thumb Code    26  stm32f4xx_tim.o(.text)
    TIM_SetIC3Prescaler                      0x080081fb   Thumb Code    18  stm32f4xx_tim.o(.text)
    TIM_SetIC2Prescaler                      0x08008255   Thumb Code    26  stm32f4xx_tim.o(.text)
    TIM_SetIC1Prescaler                      0x080082c9   Thumb Code    18  stm32f4xx_tim.o(.text)
    TIM_ICInit                               0x08008315   Thumb Code   110  stm32f4xx_tim.o(.text)
    TIM_ICStructInit                         0x08008383   Thumb Code    18  stm32f4xx_tim.o(.text)
    TIM_PWMIConfig                           0x08008395   Thumb Code   124  stm32f4xx_tim.o(.text)
    TIM_GetCapture1                          0x08008411   Thumb Code     6  stm32f4xx_tim.o(.text)
    TIM_GetCapture2                          0x08008417   Thumb Code     6  stm32f4xx_tim.o(.text)
    TIM_GetCapture3                          0x0800841d   Thumb Code     6  stm32f4xx_tim.o(.text)
    TIM_GetCapture4                          0x08008423   Thumb Code     6  stm32f4xx_tim.o(.text)
    TIM_BDTRConfig                           0x08008429   Thumb Code    32  stm32f4xx_tim.o(.text)
    TIM_BDTRStructInit                       0x08008449   Thumb Code    18  stm32f4xx_tim.o(.text)
    TIM_CtrlPWMOutputs                       0x0800845b   Thumb Code    30  stm32f4xx_tim.o(.text)
    TIM_SelectCOM                            0x08008479   Thumb Code    24  stm32f4xx_tim.o(.text)
    TIM_CCPreloadControl                     0x08008491   Thumb Code    24  stm32f4xx_tim.o(.text)
    TIM_ITConfig                             0x080084a9   Thumb Code    18  stm32f4xx_tim.o(.text)
    TIM_GenerateEvent                        0x080084bb   Thumb Code     4  stm32f4xx_tim.o(.text)
    TIM_GetFlagStatus                        0x080084bf   Thumb Code    18  stm32f4xx_tim.o(.text)
    TIM_ClearFlag                            0x080084d1   Thumb Code     6  stm32f4xx_tim.o(.text)
    TIM_GetITStatus                          0x080084d7   Thumb Code    34  stm32f4xx_tim.o(.text)
    TIM_ClearITPendingBit                    0x080084f9   Thumb Code     6  stm32f4xx_tim.o(.text)
    TIM_DMAConfig                            0x080084ff   Thumb Code    10  stm32f4xx_tim.o(.text)
    TIM_DMACmd                               0x08008509   Thumb Code    18  stm32f4xx_tim.o(.text)
    TIM_SelectCCDMA                          0x0800851b   Thumb Code    24  stm32f4xx_tim.o(.text)
    TIM_InternalClockConfig                  0x08008533   Thumb Code    12  stm32f4xx_tim.o(.text)
    TIM_SelectInputTrigger                   0x0800853f   Thumb Code    18  stm32f4xx_tim.o(.text)
    TIM_ITRxExternalClockConfig              0x08008551   Thumb Code    24  stm32f4xx_tim.o(.text)
    TIM_TIxExternalClockConfig               0x08008569   Thumb Code    62  stm32f4xx_tim.o(.text)
    TIM_ETRConfig                            0x080085a7   Thumb Code    28  stm32f4xx_tim.o(.text)
    TIM_ETRClockMode1Config                  0x080085c3   Thumb Code    54  stm32f4xx_tim.o(.text)
    TIM_ETRClockMode2Config                  0x080085f9   Thumb Code    32  stm32f4xx_tim.o(.text)
    TIM_SelectOutputTrigger                  0x08008619   Thumb Code    18  stm32f4xx_tim.o(.text)
    TIM_SelectSlaveMode                      0x0800862b   Thumb Code    18  stm32f4xx_tim.o(.text)
    TIM_SelectMasterSlaveMode                0x0800863d   Thumb Code    18  stm32f4xx_tim.o(.text)
    TIM_EncoderInterfaceConfig               0x0800864f   Thumb Code    66  stm32f4xx_tim.o(.text)
    TIM_SelectHallSensor                     0x08008691   Thumb Code    24  stm32f4xx_tim.o(.text)
    TIM_RemapConfig                          0x080086a9   Thumb Code     6  stm32f4xx_tim.o(.text)
    usmart_sys_cmd_exe                       0x080086b1   Thumb Code  1554  usmart.o(.text)
    usmart_reset_runtime                     0x08008cc3   Thumb Code    38  usmart.o(.text)
    usmart_get_runtime                       0x08008ce9   Thumb Code    60  usmart.o(.text)
    TIM4_IRQHandler                          0x08008d25   Thumb Code    46  usmart.o(.text)
    Timer4_Init                              0x08008d53   Thumb Code    86  usmart.o(.text)
    usmart_init                              0x08008da9   Thumb Code    36  usmart.o(.text)
    usmart_cmd_rec                           0x08008dcd   Thumb Code   170  usmart.o(.text)
    usmart_exe                               0x08008e77   Thumb Code   868  usmart.o(.text)
    usmart_scan                              0x080091db   Thumb Code   120  usmart.o(.text)
    read_addr                                0x08009253   Thumb Code     6  usmart.o(.text)
    write_addr                               0x08009259   Thumb Code     4  usmart.o(.text)
    usmart_strcmp                            0x080092e5   Thumb Code    34  usmart_str.o(.text)
    usmart_strcopy                           0x08009307   Thumb Code    22  usmart_str.o(.text)
    usmart_strlen                            0x0800931d   Thumb Code    24  usmart_str.o(.text)
    usmart_pow                               0x08009335   Thumb Code    22  usmart_str.o(.text)
    usmart_str2num                           0x0800934b   Thumb Code   202  usmart_str.o(.text)
    usmart_get_cmdname                       0x08009415   Thumb Code    54  usmart_str.o(.text)
    usmart_search_nextc                      0x0800944b   Thumb Code    22  usmart_str.o(.text)
    usmart_get_fname                         0x08009461   Thumb Code   440  usmart_str.o(.text)
    usmart_get_aparm                         0x08009619   Thumb Code   200  usmart_str.o(.text)
    usmart_get_parmpos                       0x080096e1   Thumb Code    26  usmart_str.o(.text)
    usmart_get_fparam                        0x080096fb   Thumb Code   262  usmart_str.o(.text)
    __use_no_semihosting                     0x0800980d   Thumb Code     2  use_no_semi_2.o(.text)
    __c89vsprintf                            0x08009811   Thumb Code    32  c89vsprintf.o(.text)
    __2printf                                0x08009835   Thumb Code    20  __2printf.o(.text)
    __2sprintf                               0x0800984d   Thumb Code    38  __2sprintf.o(.text)
    _printf_pre_padding                      0x08009879   Thumb Code    44  _printf_pad.o(.text)
    _printf_post_padding                     0x080098a5   Thumb Code    34  _printf_pad.o(.text)
    _printf_str                              0x080098c7   Thumb Code    82  _printf_str.o(.text)
    _printf_int_dec                          0x08009919   Thumb Code   104  _printf_dec.o(.text)
    _printf_longlong_hex                     0x08009991   Thumb Code    86  _printf_hex_int_ll_ptr.o(.text)
    _printf_int_hex                          0x080099e7   Thumb Code    28  _printf_hex_int_ll_ptr.o(.text)
    _printf_ll_hex                           0x08009a03   Thumb Code    12  _printf_hex_int_ll_ptr.o(.text)
    _printf_hex_ptr                          0x08009a0f   Thumb Code    18  _printf_hex_int_ll_ptr.o(.text)
    __printf                                 0x08009a25   Thumb Code   388  __printf_flags_ss_wp.o(.text)
    strstr                                   0x08009bad   Thumb Code    36  strstr.o(.text)
    strlen                                   0x08009bd1   Thumb Code    62  strlen.o(.text)
    __use_two_region_memory                  0x08009c0f   Thumb Code     2  heapauxi.o(.text)
    __rt_heap_escrow$2region                 0x08009c11   Thumb Code     2  heapauxi.o(.text)
    __rt_heap_expand$2region                 0x08009c13   Thumb Code     2  heapauxi.o(.text)
    __I$use$semihosting                      0x08009c15   Thumb Code     0  use_no_semi.o(.text)
    __use_no_semihosting_swi                 0x08009c15   Thumb Code     2  use_no_semi.o(.text)
    _printf_truncate_signed                  0x08009c17   Thumb Code    18  _printf_truncate.o(.text)
    _printf_truncate_unsigned                0x08009c29   Thumb Code    18  _printf_truncate.o(.text)
    _printf_int_common                       0x08009c3b   Thumb Code   178  _printf_intcommon.o(.text)
    _printf_charcount                        0x08009ced   Thumb Code    40  _printf_charcount.o(.text)
    __lib_sel_fp_printf                      0x08009d15   Thumb Code     2  _printf_fp_dec.o(.text)
    _printf_fp_dec_real                      0x08009ec7   Thumb Code   620  _printf_fp_dec.o(.text)
    _printf_char_common                      0x0800a13f   Thumb Code    32  _printf_char_common.o(.text)
    _sputc                                   0x0800a165   Thumb Code    10  _sputc.o(.text)
    _printf_cs_common                        0x0800a16f   Thumb Code    20  _printf_char.o(.text)
    _printf_char                             0x0800a183   Thumb Code    16  _printf_char.o(.text)
    _printf_string                           0x0800a193   Thumb Code     8  _printf_char.o(.text)
    _printf_char_file                        0x0800a19d   Thumb Code    32  _printf_char_file.o(.text)
    _printf_wctomb                           0x0800a1c1   Thumb Code   182  _printf_wctomb.o(.text)
    _printf_longlong_dec                     0x0800a27d   Thumb Code   108  _printf_longlong_dec.o(.text)
    _printf_longlong_oct                     0x0800a2f9   Thumb Code    66  _printf_oct_int_ll.o(.text)
    _printf_int_oct                          0x0800a33b   Thumb Code    24  _printf_oct_int_ll.o(.text)
    _printf_ll_oct                           0x0800a353   Thumb Code    12  _printf_oct_int_ll.o(.text)
    __rt_locale                              0x0800a369   Thumb Code     8  rt_locale_intlibspace.o(.text)
    _ll_udiv10                               0x0800a371   Thumb Code   138  lludiv10.o(.text)
    _printf_fp_infnan                        0x0800a3fd   Thumb Code   112  _printf_fp_infnan.o(.text)
    _printf_lcs_common                       0x0800a47d   Thumb Code    20  _printf_wchar.o(.text)
    _printf_wchar                            0x0800a491   Thumb Code    16  _printf_wchar.o(.text)
    _printf_wstring                          0x0800a4a1   Thumb Code     8  _printf_wchar.o(.text)
    _btod_etento                             0x0800a4a9   Thumb Code   224  bigflt0.o(.text)
    ferror                                   0x0800a58d   Thumb Code     8  ferror.o(.text)
    _wcrtomb                                 0x0800a595   Thumb Code    64  _wcrtomb.o(.text)
    __user_libspace                          0x0800a5d5   Thumb Code     8  libspace.o(.text)
    __user_perproc_libspace                  0x0800a5d5   Thumb Code     0  libspace.o(.text)
    __user_perthread_libspace                0x0800a5d5   Thumb Code     0  libspace.o(.text)
    __user_setup_stackheap                   0x0800a5dd   Thumb Code    74  sys_stackheap_outer.o(.text)
    __rt_ctype_table                         0x0800a629   Thumb Code    16  rt_ctype_table.o(.text)
    exit                                     0x0800a639   Thumb Code    18  exit.o(.text)
    strcmp                                   0x0800a64d   Thumb Code   128  strcmpv7m.o(.text)
    _btod_d2e                                0x0800a6cd   Thumb Code    62  btod.o(CL$$btod_d2e)
    _d2e_denorm_low                          0x0800a70b   Thumb Code    70  btod.o(CL$$btod_d2e_denorm_low)
    _d2e_norm_op1                            0x0800a751   Thumb Code    96  btod.o(CL$$btod_d2e_norm_op1)
    __btod_div_common                        0x0800a7b1   Thumb Code   696  btod.o(CL$$btod_div_common)
    _e2e                                     0x0800aae9   Thumb Code   220  btod.o(CL$$btod_e2e)
    _btod_ediv                               0x0800abc5   Thumb Code    42  btod.o(CL$$btod_ediv)
    _btod_emul                               0x0800abef   Thumb Code    42  btod.o(CL$$btod_emul)
    __btod_mult_common                       0x0800ac19   Thumb Code   580  btod.o(CL$$btod_mult_common)
    __ARM_fpclassify                         0x0800ae5d   Thumb Code    48  fpclassify.o(i.__ARM_fpclassify)
    _is_digit                                0x0800ae8d   Thumb Code    14  __printf_wp.o(i._is_digit)
    _get_lc_numeric                          0x0800ae9d   Thumb Code    44  lc_numeric_c.o(locale$$code)
    _get_lc_ctype                            0x0800aec9   Thumb Code    44  lc_ctype_c.o(locale$$code)
    __aeabi_d2uiz                            0x0800aef5   Thumb Code     0  dfixu.o(x$fpl$dfixu)
    _dfixu                                   0x0800aef5   Thumb Code    90  dfixu.o(x$fpl$dfixu)
    __aeabi_ui2d                             0x0800af4f   Thumb Code     0  dflt_clz.o(x$fpl$dfltu)
    _dfltu                                   0x0800af4f   Thumb Code    38  dflt_clz.o(x$fpl$dfltu)
    __aeabi_dmul                             0x0800af75   Thumb Code     0  dmul.o(x$fpl$dmul)
    _dmul                                    0x0800af75   Thumb Code   332  dmul.o(x$fpl$dmul)
    __fpl_dnaninf                            0x0800b0c9   Thumb Code   156  dnaninf.o(x$fpl$dnaninf)
    __fpl_dretinf                            0x0800b165   Thumb Code    12  dretinf.o(x$fpl$dretinf)
    __aeabi_f2d                              0x0800b171   Thumb Code     0  f2d.o(x$fpl$f2d)
    _f2d                                     0x0800b171   Thumb Code    86  f2d.o(x$fpl$f2d)
    __fpl_fnaninf                            0x0800b1c7   Thumb Code   140  fnaninf.o(x$fpl$fnaninf)
    _fp_init                                 0x0800b253   Thumb Code    10  fpinit.o(x$fpl$fpinit)
    __fplib_config_fpu_vfp                   0x0800b25b   Thumb Code     0  fpinit.o(x$fpl$fpinit)
    __fplib_config_pureend_doubles           0x0800b25b   Thumb Code     0  fpinit.o(x$fpl$fpinit)
    _printf_fp_dec                           0x0800b25d   Thumb Code     4  printf1.o(x$fpl$printf1)
    __I$use$fp                               0x0800b260   Number         0  usenofp.o(x$fpl$usenofp)
    asc2_1206                                0x0800b260   Data        1140  lcd.o(.constdata)
    asc2_1608                                0x0800b6d4   Data        1520  lcd.o(.constdata)
    asc2_2412                                0x0800bcc4   Data        3420  lcd.o(.constdata)
    FSMC_DefaultTimingStruct                 0x0800ca20   Data          28  stm32f4xx_fsmc.o(.constdata)
    Region$$Table$$Base                      0x0800cc5c   Number         0  anon$$obj.o(Region$$Table)
    Region$$Table$$Limit                     0x0800cc7c   Number         0  anon$$obj.o(Region$$Table)
    __ctype                                  0x0800cca5   Data           0  lc_ctype_c.o(locale$$data)
    fixmode_tbl                              0x20000000   Data          16  main.o(.data)
    SystemCoreClock                          0x20000010   Data           4  system_stm32f4xx.o(.data)
    AHBPrescTable                            0x20000014   Data          16  system_stm32f4xx.o(.data)
    POINT_COLOR                              0x20000026   Data           2  lcd.o(.data)
    BACK_COLOR                               0x20000028   Data           2  lcd.o(.data)
    USART3_RX_STA                            0x2000002a   Data           2  usart3.o(.data)
    __stdout                                 0x20000030   Data           4  usart.o(.data)
    USART_RX_STA                             0x20000034   Data           2  usart.o(.data)
    sys_cmd_tab                              0x20000048   Data          28  usmart.o(.data)
    usmart_nametab                           0x20000064   Data          56  usmart_config.o(.data)
    usmart_dev                               0x2000009c   Data         244  usmart_config.o(.data)
    USART1_TX_BUF                            0x20000190   Data         800  main.o(.bss)
    gpsx                                     0x200004b0   Data         105  main.o(.bss)
    dtbuf                                    0x2000051c   Data          50  main.o(.bss)
    lcddev                                   0x2000054e   Data          14  lcd.o(.bss)
    USART3_TX_BUF                            0x20000560   Data         800  usart3.o(.bss)
    USART3_RX_BUF                            0x20000880   Data         800  usart3.o(.bss)
    USART_RX_BUF                             0x20000ba0   Data         200  usart.o(.bss)
    __libspace_start                         0x20000c68   Data          96  libspace.o(.bss)
    __temporary_stack_top$libspace           0x20000cc8   Data           0  libspace.o(.bss)



==============================================================================

Memory Map of the image

  Image Entry point : 0x08000189

  Load Region LR_IROM1 (Base: 0x08000000, Size: 0x0000cf38, Max: 0x00100000, ABSOLUTE, COMPRESSED[0x0000ce28])

    Execution Region ER_IROM1 (Exec base: 0x08000000, Load base: 0x08000000, Size: 0x0000cda8, Max: 0x00100000, ABSOLUTE)

    Exec Addr    Load Addr    Size         Type   Attr      Idx    E Section Name        Object

    0x08000000   0x08000000   0x00000188   Data   RO          541    RESET               startup_stm32f40_41xxx.o
    0x08000188   0x08000188   0x00000008   Code   RO          872  * !!!main             c_w.l(__main.o)
    0x08000190   0x08000190   0x00000034   Code   RO         1154    !!!scatter          c_w.l(__scatter.o)
    0x080001c4   0x080001c4   0x0000005a   Code   RO         1152    !!dczerorl2         c_w.l(__dczerorl2.o)
    0x0800021e   0x0800021e   0x00000002   PAD
    0x08000220   0x08000220   0x0000001c   Code   RO         1156    !!handler_zi        c_w.l(__scatter_zi.o)
    0x0800023c   0x0800023c   0x00000000   Code   RO          865    .ARM.Collect$$_printf_percent$$00000000  c_w.l(_printf_percent.o)
    0x0800023c   0x0800023c   0x00000006   Code   RO          920    .ARM.Collect$$_printf_percent$$00000001  c_w.l(_printf_n.o)
    0x08000242   0x08000242   0x00000006   Code   RO          921    .ARM.Collect$$_printf_percent$$00000002  c_w.l(_printf_p.o)
    0x08000248   0x08000248   0x00000006   Code   RO          864    .ARM.Collect$$_printf_percent$$00000003  c_w.l(_printf_f.o)
    0x0800024e   0x0800024e   0x00000006   Code   RO          924    .ARM.Collect$$_printf_percent$$00000004  c_w.l(_printf_e.o)
    0x08000254   0x08000254   0x00000006   Code   RO          925    .ARM.Collect$$_printf_percent$$00000005  c_w.l(_printf_g.o)
    0x0800025a   0x0800025a   0x00000006   Code   RO          926    .ARM.Collect$$_printf_percent$$00000006  c_w.l(_printf_a.o)
    0x08000260   0x08000260   0x0000000a   Code   RO          931    .ARM.Collect$$_printf_percent$$00000007  c_w.l(_printf_ll.o)
    0x0800026a   0x0800026a   0x00000006   Code   RO          923    .ARM.Collect$$_printf_percent$$00000008  c_w.l(_printf_i.o)
    0x08000270   0x08000270   0x00000006   Code   RO          862    .ARM.Collect$$_printf_percent$$00000009  c_w.l(_printf_d.o)
    0x08000276   0x08000276   0x00000006   Code   RO          863    .ARM.Collect$$_printf_percent$$0000000A  c_w.l(_printf_u.o)
    0x0800027c   0x0800027c   0x00000006   Code   RO          922    .ARM.Collect$$_printf_percent$$0000000B  c_w.l(_printf_o.o)
    0x08000282   0x08000282   0x00000006   Code   RO          861    .ARM.Collect$$_printf_percent$$0000000C  c_w.l(_printf_x.o)
    0x08000288   0x08000288   0x00000006   Code   RO          928    .ARM.Collect$$_printf_percent$$0000000D  c_w.l(_printf_lli.o)
    0x0800028e   0x0800028e   0x00000006   Code   RO          929    .ARM.Collect$$_printf_percent$$0000000E  c_w.l(_printf_lld.o)
    0x08000294   0x08000294   0x00000006   Code   RO          930    .ARM.Collect$$_printf_percent$$0000000F  c_w.l(_printf_llu.o)
    0x0800029a   0x0800029a   0x00000006   Code   RO          935    .ARM.Collect$$_printf_percent$$00000010  c_w.l(_printf_llo.o)
    0x080002a0   0x080002a0   0x00000006   Code   RO          936    .ARM.Collect$$_printf_percent$$00000011  c_w.l(_printf_llx.o)
    0x080002a6   0x080002a6   0x0000000a   Code   RO          932    .ARM.Collect$$_printf_percent$$00000012  c_w.l(_printf_l.o)
    0x080002b0   0x080002b0   0x00000006   Code   RO          859    .ARM.Collect$$_printf_percent$$00000013  c_w.l(_printf_c.o)
    0x080002b6   0x080002b6   0x00000006   Code   RO          860    .ARM.Collect$$_printf_percent$$00000014  c_w.l(_printf_s.o)
    0x080002bc   0x080002bc   0x00000006   Code   RO          933    .ARM.Collect$$_printf_percent$$00000015  c_w.l(_printf_lc.o)
    0x080002c2   0x080002c2   0x00000006   Code   RO          934    .ARM.Collect$$_printf_percent$$00000016  c_w.l(_printf_ls.o)
    0x080002c8   0x080002c8   0x00000004   Code   RO          927    .ARM.Collect$$_printf_percent$$00000017  c_w.l(_printf_percent_end.o)
    0x080002cc   0x080002cc   0x00000002   Code   RO         1026    .ARM.Collect$$libinit$$00000000  c_w.l(libinit.o)
    0x080002ce   0x080002ce   0x00000004   Code   RO         1027    .ARM.Collect$$libinit$$00000001  c_w.l(libinit2.o)
    0x080002d2   0x080002d2   0x00000000   Code   RO         1030    .ARM.Collect$$libinit$$00000004  c_w.l(libinit2.o)
    0x080002d2   0x080002d2   0x00000000   Code   RO         1033    .ARM.Collect$$libinit$$0000000A  c_w.l(libinit2.o)
    0x080002d2   0x080002d2   0x00000000   Code   RO         1035    .ARM.Collect$$libinit$$0000000C  c_w.l(libinit2.o)
    0x080002d2   0x080002d2   0x00000000   Code   RO         1037    .ARM.Collect$$libinit$$0000000E  c_w.l(libinit2.o)
    0x080002d2   0x080002d2   0x00000006   Code   RO         1038    .ARM.Collect$$libinit$$0000000F  c_w.l(libinit2.o)
    0x080002d8   0x080002d8   0x00000000   Code   RO         1040    .ARM.Collect$$libinit$$00000011  c_w.l(libinit2.o)
    0x080002d8   0x080002d8   0x0000000c   Code   RO         1041    .ARM.Collect$$libinit$$00000012  c_w.l(libinit2.o)
    0x080002e4   0x080002e4   0x00000000   Code   RO         1042    .ARM.Collect$$libinit$$00000013  c_w.l(libinit2.o)
    0x080002e4   0x080002e4   0x00000000   Code   RO         1044    .ARM.Collect$$libinit$$00000015  c_w.l(libinit2.o)
    0x080002e4   0x080002e4   0x0000000a   Code   RO         1045    .ARM.Collect$$libinit$$00000016  c_w.l(libinit2.o)
    0x080002ee   0x080002ee   0x00000000   Code   RO         1046    .ARM.Collect$$libinit$$00000017  c_w.l(libinit2.o)
    0x080002ee   0x080002ee   0x00000000   Code   RO         1048    .ARM.Collect$$libinit$$00000019  c_w.l(libinit2.o)
    0x080002ee   0x080002ee   0x00000000   Code   RO         1050    .ARM.Collect$$libinit$$0000001B  c_w.l(libinit2.o)
    0x080002ee   0x080002ee   0x00000000   Code   RO         1052    .ARM.Collect$$libinit$$0000001D  c_w.l(libinit2.o)
    0x080002ee   0x080002ee   0x00000000   Code   RO         1054    .ARM.Collect$$libinit$$0000001F  c_w.l(libinit2.o)
    0x080002ee   0x080002ee   0x00000000   Code   RO         1056    .ARM.Collect$$libinit$$00000021  c_w.l(libinit2.o)
    0x080002ee   0x080002ee   0x00000000   Code   RO         1058    .ARM.Collect$$libinit$$00000023  c_w.l(libinit2.o)
    0x080002ee   0x080002ee   0x00000000   Code   RO         1060    .ARM.Collect$$libinit$$00000025  c_w.l(libinit2.o)
    0x080002ee   0x080002ee   0x00000000   Code   RO         1064    .ARM.Collect$$libinit$$0000002C  c_w.l(libinit2.o)
    0x080002ee   0x080002ee   0x00000000   Code   RO         1066    .ARM.Collect$$libinit$$0000002E  c_w.l(libinit2.o)
    0x080002ee   0x080002ee   0x00000000   Code   RO         1068    .ARM.Collect$$libinit$$00000030  c_w.l(libinit2.o)
    0x080002ee   0x080002ee   0x00000000   Code   RO         1070    .ARM.Collect$$libinit$$00000032  c_w.l(libinit2.o)
    0x080002ee   0x080002ee   0x00000002   Code   RO         1071    .ARM.Collect$$libinit$$00000033  c_w.l(libinit2.o)
    0x080002f0   0x080002f0   0x00000002   Code   RO         1102    .ARM.Collect$$libshutdown$$00000000  c_w.l(libshutdown.o)
    0x080002f2   0x080002f2   0x00000000   Code   RO         1111    .ARM.Collect$$libshutdown$$00000002  c_w.l(libshutdown2.o)
    0x080002f2   0x080002f2   0x00000000   Code   RO         1113    .ARM.Collect$$libshutdown$$00000004  c_w.l(libshutdown2.o)
    0x080002f2   0x080002f2   0x00000000   Code   RO         1116    .ARM.Collect$$libshutdown$$00000007  c_w.l(libshutdown2.o)
    0x080002f2   0x080002f2   0x00000000   Code   RO         1119    .ARM.Collect$$libshutdown$$0000000A  c_w.l(libshutdown2.o)
    0x080002f2   0x080002f2   0x00000000   Code   RO         1121    .ARM.Collect$$libshutdown$$0000000C  c_w.l(libshutdown2.o)
    0x080002f2   0x080002f2   0x00000000   Code   RO         1124    .ARM.Collect$$libshutdown$$0000000F  c_w.l(libshutdown2.o)
    0x080002f2   0x080002f2   0x00000002   Code   RO         1125    .ARM.Collect$$libshutdown$$00000010  c_w.l(libshutdown2.o)
    0x080002f4   0x080002f4   0x00000000   Code   RO          892    .ARM.Collect$$rtentry$$00000000  c_w.l(__rtentry.o)
    0x080002f4   0x080002f4   0x00000000   Code   RO          945    .ARM.Collect$$rtentry$$00000002  c_w.l(__rtentry2.o)
    0x080002f4   0x080002f4   0x00000006   Code   RO          957    .ARM.Collect$$rtentry$$00000004  c_w.l(__rtentry4.o)
    0x080002fa   0x080002fa   0x00000000   Code   RO          947    .ARM.Collect$$rtentry$$00000009  c_w.l(__rtentry2.o)
    0x080002fa   0x080002fa   0x00000004   Code   RO          948    .ARM.Collect$$rtentry$$0000000A  c_w.l(__rtentry2.o)
    0x080002fe   0x080002fe   0x00000000   Code   RO          950    .ARM.Collect$$rtentry$$0000000C  c_w.l(__rtentry2.o)
    0x080002fe   0x080002fe   0x00000008   Code   RO          951    .ARM.Collect$$rtentry$$0000000D  c_w.l(__rtentry2.o)
    0x08000306   0x08000306   0x00000002   Code   RO         1072    .ARM.Collect$$rtexit$$00000000  c_w.l(rtexit.o)
    0x08000308   0x08000308   0x00000000   Code   RO         1082    .ARM.Collect$$rtexit$$00000002  c_w.l(rtexit2.o)
    0x08000308   0x08000308   0x00000004   Code   RO         1083    .ARM.Collect$$rtexit$$00000003  c_w.l(rtexit2.o)
    0x0800030c   0x0800030c   0x00000006   Code   RO         1084    .ARM.Collect$$rtexit$$00000004  c_w.l(rtexit2.o)
    0x08000312   0x08000312   0x00000002   PAD
    0x08000314   0x08000314   0x000005e4   Code   RO            4    .text               main.o
    0x080008f8   0x080008f8   0x0000001a   Code   RO          184    .text               stm32f4xx_it.o
    0x08000912   0x08000912   0x00000002   PAD
    0x08000914   0x08000914   0x00000210   Code   RO          237    .text               system_stm32f4xx.o
    0x08000b24   0x08000b24   0x00000040   Code   RO          267    .text               led.o
    0x08000b64   0x08000b64   0x00000104   Code   RO          291    .text               key.o
    0x08000c68   0x08000c68   0x00004c80   Code   RO          316    .text               lcd.o
    0x080058e8   0x080058e8   0x0000008c   Code   RO          358    .text               timer.o
    0x08005974   0x08005974   0x00000180   Code   RO          386    .text               usart3.o
    0x08005af4   0x08005af4   0x00000894   Code   RO          424    .text               gps.o
    0x08006388   0x08006388   0x00000104   Code   RO          459    .text               delay.o
    0x0800648c   0x0800648c   0x00000154   Code   RO          507    .text               usart.o
    0x080065e0   0x080065e0   0x00000040   Code   RO          542    .text               startup_stm32f40_41xxx.o
    0x08006620   0x08006620   0x000000e0   Code   RO          549    .text               misc.o
    0x08006700   0x08006700   0x00000294   Code   RO          573    .text               stm32f4xx_gpio.o
    0x08006994   0x08006994   0x000005c8   Code   RO          597    .text               stm32f4xx_fsmc.o
    0x08006f5c   0x08006f5c   0x0000065c   Code   RO          624    .text               stm32f4xx_rcc.o
    0x080075b8   0x080075b8   0x00000454   Code   RO          674    .text               stm32f4xx_usart.o
    0x08007a0c   0x08007a0c   0x00000ca2   Code   RO          698    .text               stm32f4xx_tim.o
    0x080086ae   0x080086ae   0x00000002   PAD
    0x080086b0   0x080086b0   0x00000c34   Code   RO          722    .text               usmart.o
    0x080092e4   0x080092e4   0x00000528   Code   RO          775    .text               usmart_str.o
    0x0800980c   0x0800980c   0x00000002   Code   RO          798    .text               c_w.l(use_no_semi_2.o)
    0x0800980e   0x0800980e   0x00000002   PAD
    0x08009810   0x08009810   0x00000024   Code   RO          800    .text               c_w.l(c89vsprintf.o)
    0x08009834   0x08009834   0x00000018   Code   RO          802    .text               c_w.l(__2printf.o)
    0x0800984c   0x0800984c   0x0000002c   Code   RO          804    .text               c_w.l(__2sprintf.o)
    0x08009878   0x08009878   0x0000004e   Code   RO          812    .text               c_w.l(_printf_pad.o)
    0x080098c6   0x080098c6   0x00000052   Code   RO          814    .text               c_w.l(_printf_str.o)
    0x08009918   0x08009918   0x00000078   Code   RO          816    .text               c_w.l(_printf_dec.o)
    0x08009990   0x08009990   0x00000094   Code   RO          836    .text               c_w.l(_printf_hex_int_ll_ptr.o)
    0x08009a24   0x08009a24   0x00000188   Code   RO          856    .text               c_w.l(__printf_flags_ss_wp.o)
    0x08009bac   0x08009bac   0x00000024   Code   RO          866    .text               c_w.l(strstr.o)
    0x08009bd0   0x08009bd0   0x0000003e   Code   RO          868    .text               c_w.l(strlen.o)
    0x08009c0e   0x08009c0e   0x00000006   Code   RO          870    .text               c_w.l(heapauxi.o)
    0x08009c14   0x08009c14   0x00000002   Code   RO          890    .text               c_w.l(use_no_semi.o)
    0x08009c16   0x08009c16   0x00000024   Code   RO          893    .text               c_w.l(_printf_truncate.o)
    0x08009c3a   0x08009c3a   0x000000b2   Code   RO          895    .text               c_w.l(_printf_intcommon.o)
    0x08009cec   0x08009cec   0x00000028   Code   RO          897    .text               c_w.l(_printf_charcount.o)
    0x08009d14   0x08009d14   0x0000041e   Code   RO          899    .text               c_w.l(_printf_fp_dec.o)
    0x0800a132   0x0800a132   0x00000002   PAD
    0x0800a134   0x0800a134   0x00000030   Code   RO          901    .text               c_w.l(_printf_char_common.o)
    0x0800a164   0x0800a164   0x0000000a   Code   RO          903    .text               c_w.l(_sputc.o)
    0x0800a16e   0x0800a16e   0x0000002c   Code   RO          905    .text               c_w.l(_printf_char.o)
    0x0800a19a   0x0800a19a   0x00000002   PAD
    0x0800a19c   0x0800a19c   0x00000024   Code   RO          907    .text               c_w.l(_printf_char_file.o)
    0x0800a1c0   0x0800a1c0   0x000000bc   Code   RO          909    .text               c_w.l(_printf_wctomb.o)
    0x0800a27c   0x0800a27c   0x0000007c   Code   RO          912    .text               c_w.l(_printf_longlong_dec.o)
    0x0800a2f8   0x0800a2f8   0x00000070   Code   RO          918    .text               c_w.l(_printf_oct_int_ll.o)
    0x0800a368   0x0800a368   0x00000008   Code   RO          962    .text               c_w.l(rt_locale_intlibspace.o)
    0x0800a370   0x0800a370   0x0000008a   Code   RO          964    .text               c_w.l(lludiv10.o)
    0x0800a3fa   0x0800a3fa   0x00000002   PAD
    0x0800a3fc   0x0800a3fc   0x00000080   Code   RO          966    .text               c_w.l(_printf_fp_infnan.o)
    0x0800a47c   0x0800a47c   0x0000002c   Code   RO          970    .text               c_w.l(_printf_wchar.o)
    0x0800a4a8   0x0800a4a8   0x000000e4   Code   RO          972    .text               c_w.l(bigflt0.o)
    0x0800a58c   0x0800a58c   0x00000008   Code   RO          997    .text               c_w.l(ferror.o)
    0x0800a594   0x0800a594   0x00000040   Code   RO         1001    .text               c_w.l(_wcrtomb.o)
    0x0800a5d4   0x0800a5d4   0x00000008   Code   RO         1010    .text               c_w.l(libspace.o)
    0x0800a5dc   0x0800a5dc   0x0000004a   Code   RO         1013    .text               c_w.l(sys_stackheap_outer.o)
    0x0800a626   0x0800a626   0x00000002   PAD
    0x0800a628   0x0800a628   0x00000010   Code   RO         1015    .text               c_w.l(rt_ctype_table.o)
    0x0800a638   0x0800a638   0x00000012   Code   RO         1017    .text               c_w.l(exit.o)
    0x0800a64a   0x0800a64a   0x00000002   PAD
    0x0800a64c   0x0800a64c   0x00000080   Code   RO         1019    .text               c_w.l(strcmpv7m.o)
    0x0800a6cc   0x0800a6cc   0x0000003e   Code   RO          975    CL$$btod_d2e        c_w.l(btod.o)
    0x0800a70a   0x0800a70a   0x00000046   Code   RO          977    CL$$btod_d2e_denorm_low  c_w.l(btod.o)
    0x0800a750   0x0800a750   0x00000060   Code   RO          976    CL$$btod_d2e_norm_op1  c_w.l(btod.o)
    0x0800a7b0   0x0800a7b0   0x00000338   Code   RO          985    CL$$btod_div_common  c_w.l(btod.o)
    0x0800aae8   0x0800aae8   0x000000dc   Code   RO          982    CL$$btod_e2e        c_w.l(btod.o)
    0x0800abc4   0x0800abc4   0x0000002a   Code   RO          979    CL$$btod_ediv       c_w.l(btod.o)
    0x0800abee   0x0800abee   0x0000002a   Code   RO          978    CL$$btod_emul       c_w.l(btod.o)
    0x0800ac18   0x0800ac18   0x00000244   Code   RO          984    CL$$btod_mult_common  c_w.l(btod.o)
    0x0800ae5c   0x0800ae5c   0x00000030   Code   RO         1008    i.__ARM_fpclassify  m_wm.l(fpclassify.o)
    0x0800ae8c   0x0800ae8c   0x0000000e   Code   RO          849    i._is_digit         c_w.l(__printf_wp.o)
    0x0800ae9a   0x0800ae9a   0x00000002   PAD
    0x0800ae9c   0x0800ae9c   0x0000002c   Code   RO         1004    locale$$code        c_w.l(lc_numeric_c.o)
    0x0800aec8   0x0800aec8   0x0000002c   Code   RO         1075    locale$$code        c_w.l(lc_ctype_c.o)
    0x0800aef4   0x0800aef4   0x0000005a   Code   RO          874    x$fpl$dfixu         fz_wm.l(dfixu.o)
    0x0800af4e   0x0800af4e   0x00000026   Code   RO          878    x$fpl$dfltu         fz_wm.l(dflt_clz.o)
    0x0800af74   0x0800af74   0x00000154   Code   RO          884    x$fpl$dmul          fz_wm.l(dmul.o)
    0x0800b0c8   0x0800b0c8   0x0000009c   Code   RO          937    x$fpl$dnaninf       fz_wm.l(dnaninf.o)
    0x0800b164   0x0800b164   0x0000000c   Code   RO          939    x$fpl$dretinf       fz_wm.l(dretinf.o)
    0x0800b170   0x0800b170   0x00000056   Code   RO          886    x$fpl$f2d           fz_wm.l(f2d.o)
    0x0800b1c6   0x0800b1c6   0x0000008c   Code   RO          941    x$fpl$fnaninf       fz_wm.l(fnaninf.o)
    0x0800b252   0x0800b252   0x0000000a   Code   RO         1079    x$fpl$fpinit        fz_wm.l(fpinit.o)
    0x0800b25c   0x0800b25c   0x00000004   Code   RO          888    x$fpl$printf1       fz_wm.l(printf1.o)
    0x0800b260   0x0800b260   0x00000000   Code   RO          943    x$fpl$usenofp       fz_wm.l(usenofp.o)
    0x0800b260   0x0800b260   0x000017c0   Data   RO          318    .constdata          lcd.o
    0x0800ca20   0x0800ca20   0x0000001c   Data   RO          598    .constdata          stm32f4xx_fsmc.o
    0x0800ca3c   0x0800ca3c   0x00000028   Data   RO          837    .constdata          c_w.l(_printf_hex_int_ll_ptr.o)
    0x0800ca64   0x0800ca64   0x00000011   Data   RO          857    .constdata          c_w.l(__printf_flags_ss_wp.o)
    0x0800ca75   0x0800ca75   0x00000003   PAD
    0x0800ca78   0x0800ca78   0x00000008   Data   RO          910    .constdata          c_w.l(_printf_wctomb.o)
    0x0800ca80   0x0800ca80   0x00000094   Data   RO          973    .constdata          c_w.l(bigflt0.o)
    0x0800cb14   0x0800cb14   0x00000015   Data   RO            6    .conststring        main.o
    0x0800cb29   0x0800cb29   0x00000003   PAD
    0x0800cb2c   0x0800cb2c   0x00000028   Data   RO          723    .conststring        usmart.o
    0x0800cb54   0x0800cb54   0x00000107   Data   RO          750    .conststring        usmart_config.o
    0x0800cc5b   0x0800cc5b   0x00000001   PAD
    0x0800cc5c   0x0800cc5c   0x00000020   Data   RO         1150    Region$$Table       anon$$obj.o
    0x0800cc7c   0x0800cc7c   0x0000001c   Data   RO         1003    locale$$data        c_w.l(lc_numeric_c.o)
    0x0800cc98   0x0800cc98   0x00000110   Data   RO         1074    locale$$data        c_w.l(lc_ctype_c.o)


    Execution Region RW_IRAM1 (Exec base: 0x20000000, Load base: 0x0800cda8, Size: 0x000012c8, Max: 0x00020000, ABSOLUTE, COMPRESSED[0x00000080])

    Exec Addr    Load Addr    Size         Type   Attr      Idx    E Section Name        Object

    0x20000000   COMPRESSED   0x00000010   Data   RW            7    .data               main.o
    0x20000010   COMPRESSED   0x00000014   Data   RW          238    .data               system_stm32f4xx.o
    0x20000024   COMPRESSED   0x00000001   Data   RW          292    .data               key.o
    0x20000025   COMPRESSED   0x00000001   PAD
    0x20000026   COMPRESSED   0x00000004   Data   RW          319    .data               lcd.o
    0x2000002a   COMPRESSED   0x00000002   Data   RW          388    .data               usart3.o
    0x2000002c   COMPRESSED   0x00000004   Data   RW          460    .data               delay.o
    0x20000030   COMPRESSED   0x00000006   Data   RW          509    .data               usart.o
    0x20000036   COMPRESSED   0x00000010   Data   RW          625    .data               stm32f4xx_rcc.o
    0x20000046   COMPRESSED   0x00000002   PAD
    0x20000048   COMPRESSED   0x0000001c   Data   RW          724    .data               usmart.o
    0x20000064   COMPRESSED   0x0000012c   Data   RW          751    .data               usmart_config.o
    0x20000190        -       0x000003be   Zero   RW            5    .bss                main.o
    0x2000054e        -       0x0000000e   Zero   RW          317    .bss                lcd.o
    0x2000055c   COMPRESSED   0x00000004   PAD
    0x20000560        -       0x00000640   Zero   RW          387    .bss                usart3.o
    0x20000ba0        -       0x000000c8   Zero   RW          508    .bss                usart.o
    0x20000c68        -       0x00000060   Zero   RW         1011    .bss                c_w.l(libspace.o)
    0x20000cc8        -       0x00000200   Zero   RW          540    HEAP                startup_stm32f40_41xxx.o
    0x20000ec8        -       0x00000400   Zero   RW          539    STACK               startup_stm32f40_41xxx.o


==============================================================================

Image component sizes


      Code (inc. data)   RO Data    RW Data    ZI Data      Debug   Object Name

       260          8          0          4          0       1837   delay.o
      2196         60          0          0          0       7474   gps.o
       260         12          0          1          0       1056   key.o
     19584        174       6080          4         14      23774   lcd.o
        64          4          0          0          0        703   led.o
      1508        438         21         16        958     295311   main.o
       224         20          0          0          0       2177   misc.o
        64         26        392          0       1536        960   startup_stm32f40_41xxx.o
      1480         18         28          0          0       6186   stm32f4xx_fsmc.o
       660         44          0          0          0       4517   stm32f4xx_gpio.o
        26          0          0          0          0       1402   stm32f4xx_it.o
      1628         52          0         16          0      13572   stm32f4xx_rcc.o
      3234         60          0          0          0      23372   stm32f4xx_tim.o
      1108         34          0          0          0       8240   stm32f4xx_usart.o
       528         46          0         20          0       2315   system_stm32f4xx.o
       140         10          0          0          0       1000   timer.o
       340         18          0          6        200       3878   usart.o
       384         24          0          2       1600       3114   usart3.o
      3124       1286         40         28          0       4962   usmart.o
         0          0        263        300          0       2060   usmart_config.o
      1320         12          0          0          0       5697   usmart_str.o

    ----------------------------------------------------------------------
     38136       2346       6860        400       4312     413607   Object Totals
         0          0         32          0          0          0   (incl. Generated)
         4          0          4          3          4          0   (incl. Padding)

    ----------------------------------------------------------------------

      Code (inc. data)   RO Data    RW Data    ZI Data      Debug   Library Member Name

        24          4          0          0          0         84   __2printf.o
        44          6          0          0          0         84   __2sprintf.o
        90          0          0          0          0          0   __dczerorl2.o
         8          0          0          0          0         68   __main.o
       392          4         17          0          0         92   __printf_flags_ss_wp.o
        14          0          0          0          0         68   __printf_wp.o
         0          0          0          0          0          0   __rtentry.o
        12          0          0          0          0          0   __rtentry2.o
         6          0          0          0          0          0   __rtentry4.o
        52          8          0          0          0          0   __scatter.o
        28          0          0          0          0          0   __scatter_zi.o
         6          0          0          0          0          0   _printf_a.o
         6          0          0          0          0          0   _printf_c.o
        44          0          0          0          0        108   _printf_char.o
        48          6          0          0          0         96   _printf_char_common.o
        36          4          0          0          0         80   _printf_char_file.o
        40          0          0          0          0         68   _printf_charcount.o
         6          0          0          0          0          0   _printf_d.o
       120         16          0          0          0         92   _printf_dec.o
         6          0          0          0          0          0   _printf_e.o
         6          0          0          0          0          0   _printf_f.o
      1054          0          0          0          0        216   _printf_fp_dec.o
       128         16          0          0          0         84   _printf_fp_infnan.o
         6          0          0          0          0          0   _printf_g.o
       148          4         40          0          0        160   _printf_hex_int_ll_ptr.o
         6          0          0          0          0          0   _printf_i.o
       178          0          0          0          0         88   _printf_intcommon.o
        10          0          0          0          0          0   _printf_l.o
         6          0          0          0          0          0   _printf_lc.o
        10          0          0          0          0          0   _printf_ll.o
         6          0          0          0          0          0   _printf_lld.o
         6          0          0          0          0          0   _printf_lli.o
         6          0          0          0          0          0   _printf_llo.o
         6          0          0          0          0          0   _printf_llu.o
         6          0          0          0          0          0   _printf_llx.o
       124         16          0          0          0         92   _printf_longlong_dec.o
         6          0          0          0          0          0   _printf_ls.o
         6          0          0          0          0          0   _printf_n.o
         6          0          0          0          0          0   _printf_o.o
       112         10          0          0          0        124   _printf_oct_int_ll.o
         6          0          0          0          0          0   _printf_p.o
        78          0          0          0          0        108   _printf_pad.o
         0          0          0          0          0          0   _printf_percent.o
         4          0          0          0          0          0   _printf_percent_end.o
         6          0          0          0          0          0   _printf_s.o
        82          0          0          0          0         80   _printf_str.o
        36          0          0          0          0         84   _printf_truncate.o
         6          0          0          0          0          0   _printf_u.o
        44          0          0          0          0        108   _printf_wchar.o
       188          6          8          0          0         92   _printf_wctomb.o
         6          0          0          0          0          0   _printf_x.o
        10          0          0          0          0         68   _sputc.o
        64          0          0          0          0         92   _wcrtomb.o
       228          4        148          0          0         96   bigflt0.o
      1936        128          0          0          0        672   btod.o
        36          4          0          0          0         76   c89vsprintf.o
        18          0          0          0          0         80   exit.o
         8          0          0          0          0         68   ferror.o
         6          0          0          0          0        152   heapauxi.o
        44         10        272          0          0         76   lc_ctype_c.o
        44         10         28          0          0         76   lc_numeric_c.o
         2          0          0          0          0          0   libinit.o
        34          0          0          0          0          0   libinit2.o
         2          0          0          0          0          0   libshutdown.o
         2          0          0          0          0          0   libshutdown2.o
         8          4          0          0         96         68   libspace.o
       138          0          0          0          0         80   lludiv10.o
        16          4          0          0          0         76   rt_ctype_table.o
         8          4          0          0          0         68   rt_locale_intlibspace.o
         2          0          0          0          0          0   rtexit.o
        10          0          0          0          0          0   rtexit2.o
       128          0          0          0          0         68   strcmpv7m.o
        62          0          0          0          0         76   strlen.o
        36          0          0          0          0         80   strstr.o
        74          0          0          0          0         80   sys_stackheap_outer.o
         2          0          0          0          0         68   use_no_semi.o
         2          0          0          0          0         68   use_no_semi_2.o
        90          4          0          0          0        140   dfixu.o
        38          0          0          0          0        116   dflt_clz.o
       340         12          0          0          0        152   dmul.o
       156          4          0          0          0        140   dnaninf.o
        12          0          0          0          0        116   dretinf.o
        86          4          0          0          0        132   f2d.o
       140          4          0          0          0        132   fnaninf.o
        10          0          0          0          0        116   fpinit.o
         4          0          0          0          0        116   printf1.o
         0          0          0          0          0          0   usenofp.o
        48          0          0          0          0        124   fpclassify.o

    ----------------------------------------------------------------------
      7136        296        516          0         96       5548   Library Totals
        18          0          3          0          0          0   (incl. Padding)

    ----------------------------------------------------------------------

      Code (inc. data)   RO Data    RW Data    ZI Data      Debug   Library Name

      6194        268        513          0         96       4264   c_w.l
       876         28          0          0          0       1160   fz_wm.l
        48          0          0          0          0        124   m_wm.l

    ----------------------------------------------------------------------
      7136        296        516          0         96       5548   Library Totals

    ----------------------------------------------------------------------

==============================================================================


      Code (inc. data)   RO Data    RW Data    ZI Data      Debug   

     45272       2642       7376        400       4408     412015   Grand Totals
     45272       2642       7376        128       4408     412015   ELF Image Totals (compressed)
     45272       2642       7376        128          0          0   ROM Totals

==============================================================================

    Total RO  Size (Code + RO Data)                52648 (  51.41kB)
    Total RW  Size (RW Data + ZI Data)              4808 (   4.70kB)
    Total ROM Size (Code + RO Data + RW Data)      52776 (  51.54kB)

==============================================================================

