Component: ARM Compiler 5.06 update 6 (build 750) Tool: armlink [4d35ed]

==============================================================================

Section Cross References

    sdlog.o(i.Close_Log_File) refers to ff.o(i.f_close) for f_close
    sdlog.o(i.Close_Log_File) refers to sdlog.o(.bss) for .bss
    sdlog.o(i.Log_To_File) refers to f2d.o(.text) for __aeabi_f2d
    sdlog.o(i.Log_To_File) refers to printfa.o(i.__0sprintf) for __2sprintf
    sdlog.o(i.Log_To_File) refers to ff.o(i.f_write) for f_write
    sdlog.o(i.Log_To_File) refers to md_hmc5883.o(.bss) for m_Hmc5883
    sdlog.o(i.Log_To_File) refers to md_mpu6000.o(.bss) for m_Mpu6000
    sdlog.o(i.Log_To_File) refers to sdlog.o(.bss) for .bss
    sdlog.o(i.Log_To_File) refers to md_twoboardcom.o(.bss) for m_RC_input_from_F1
    sdlog.o(i.Log_To_File) refers to sdlog.o(.data) for .data
    sdlog.o(i.Logger_Disable) refers to sdlog.o(.data) for .data
    sdlog.o(i.Logger_Enable) refers to sdlog.o(.data) for .data
    sdlog.o(i.Logger_Update) refers to ff.o(i.f_close) for f_close
    sdlog.o(i.Logger_Update) refers to sdlog.o(i.Open_Log_File) for Open_Log_File
    sdlog.o(i.Logger_Update) refers to sdlog.o(i.Log_To_File) for Log_To_File
    sdlog.o(i.Logger_Update) refers to sdlog.o(.data) for .data
    sdlog.o(i.Logger_Update) refers to sdlog.o(.bss) for .bss
    sdlog.o(i.Open_Log_File) refers to printfa.o(i.__0sprintf) for __2sprintf
    sdlog.o(i.Open_Log_File) refers to ff.o(i.f_open) for f_open
    sdlog.o(i.Open_Log_File) refers to ff.o(i.f_write) for f_write
    sdlog.o(i.Open_Log_File) refers to ff.o(i.f_close) for f_close
    sdlog.o(i.Open_Log_File) refers to sdlog.o(.data) for .data
    sdlog.o(i.Open_Log_File) refers to sdlog.o(.bss) for .bss
    main.o(i.HAL_TIM_PeriodElapsedCallback) refers to main.o(.data) for .data
    main.o(i.HAL_UART_RxCpltCallback) refers to md_gps.o(i.GPS_RX_InterruptHandler) for GPS_RX_InterruptHandler
    main.o(i.HAL_UART_RxCpltCallback) refers to mavlink.o(i.Mavlin_RX_InterruptHandler) for Mavlin_RX_InterruptHandler
    main.o(i.HAL_UART_RxCpltCallback) refers to md_twoboardcom.o(i.Com_TwoBoard_RX_InterruptHandler) for Com_TwoBoard_RX_InterruptHandler
    main.o(i.HAL_UART_TxCpltCallback) refers to md_twoboardcom.o(i.Com_TwoBoard_TX_InterruptHandler) for Com_TwoBoard_TX_InterruptHandler
    main.o(i.SystemClock_Config) refers to memseta.o(.text) for __aeabi_memclr4
    main.o(i.SystemClock_Config) refers to stm32f4xx_hal_rcc.o(i.HAL_RCC_OscConfig) for HAL_RCC_OscConfig
    main.o(i.SystemClock_Config) refers to stm32f4xx_hal_rcc.o(i.HAL_RCC_ClockConfig) for HAL_RCC_ClockConfig
    main.o(i.fputc) refers to stm32f4xx_hal_uart.o(i.HAL_UART_Transmit) for HAL_UART_Transmit
    main.o(i.fputc) refers to usart.o(.bss) for huart7
    main.o(i.main) refers to stm32f4xx_hal.o(i.HAL_Init) for HAL_Init
    main.o(i.main) refers to main.o(i.SystemClock_Config) for SystemClock_Config
    main.o(i.main) refers to gpio.o(i.MX_GPIO_Init) for MX_GPIO_Init
    main.o(i.main) refers to usart.o(i.MX_UART7_Init) for MX_UART7_Init
    main.o(i.main) refers to spi.o(i.MX_SPI1_Init) for MX_SPI1_Init
    main.o(i.main) refers to tim.o(i.MX_TIM6_Init) for MX_TIM6_Init
    main.o(i.main) refers to usart.o(i.MX_UART4_Init) for MX_UART4_Init
    main.o(i.main) refers to dma.o(i.MX_DMA_Init) for MX_DMA_Init
    main.o(i.main) refers to usart.o(i.MX_UART8_Init) for MX_UART8_Init
    main.o(i.main) refers to usart.o(i.MX_USART6_UART_Init) for MX_USART6_UART_Init
    main.o(i.main) refers to sdio.o(i.MX_SDIO_SD_Init) for MX_SDIO_SD_Init
    main.o(i.main) refers to fatfs.o(i.MX_FATFS_Init) for MX_FATFS_Init
    main.o(i.main) refers to stm32f4xx_hal_cortex.o(i.HAL_NVIC_SetPriority) for HAL_NVIC_SetPriority
    main.o(i.main) refers to stm32f4xx_hal_cortex.o(i.HAL_NVIC_EnableIRQ) for HAL_NVIC_EnableIRQ
    main.o(i.main) refers to md_mpu6000.o(i.MPU6000_Init) for MPU6000_Init
    main.o(i.main) refers to md_ms56xx.o(i.Baro_Init) for Baro_Init
    main.o(i.main) refers to md_hmc5883.o(i.HMC5883_Init) for HMC5883_Init
    main.o(i.main) refers to mavlink.o(i.Mavlink_Init) for Mavlink_Init
    main.o(i.main) refers to stm32f4xx_hal_tim.o(i.HAL_TIM_Base_Start_IT) for HAL_TIM_Base_Start_IT
    main.o(i.main) refers to md_twoboardcom.o(i.Com_TwoBoard_Init) for Com_TwoBoard_Init
    main.o(i.main) refers to sdlog.o(i.Logger_Enable) for Logger_Enable
    main.o(i.main) refers to stm32f4xx_hal.o(i.HAL_Delay) for HAL_Delay
    main.o(i.main) refers to md_led_driver.o(i.Loop_Led_Flick) for Loop_Led_Flick
    main.o(i.main) refers to md_mpu6000.o(i.Loop_Read_MPU6000) for Loop_Read_MPU6000
    main.o(i.main) refers to md_ms56xx.o(i.Loop_Read_Bar) for Loop_Read_Bar
    main.o(i.main) refers to md_hmc5883.o(i.Loop_Read_Mag) for Loop_Read_Mag
    main.o(i.main) refers to mavlink.o(i.mavlink_test) for mavlink_test
    main.o(i.main) refers to mavlink.o(i.Loop_Mavlink_Parse) for Loop_Mavlink_Parse
[...]
    i.rbPush                                 0x0800649e   Section        0  md_gps.o(i.rbPush)
    .constdata                               0x080064c4   Section       20  sd_diskio.o(.constdata)
    .constdata                               0x080064d8   Section       16  system_stm32f4xx.o(.constdata)
    .constdata                               0x080064e8   Section        8  system_stm32f4xx.o(.constdata)
    .constdata                               0x080064f0   Section        8  stm32f4xx_hal_dma.o(.constdata)
    flagBitshiftOffset                       0x080064f0   Data           8  stm32f4xx_hal_dma.o(.constdata)
    .constdata                               0x080064f8   Section     2233  mavlink.o(.constdata)
    mavlink_sha256_constant_256              0x080064f8   Data         256  mavlink.o(.constdata)
    mavlink_message_crcs                     0x080065f8   Data        1968  mavlink.o(.constdata)
    .conststring                             0x08006db4   Section       75  mavlink.o(.conststring)
    .data                                    0x20000000   Section        8  sdlog.o(.data)
    .data                                    0x20000008   Section        1  main.o(.data)
    .data                                    0x20000009   Section        1  sd_diskio.o(.data)
    Stat                                     0x20000009   Data           1  sd_diskio.o(.data)
    .data                                    0x2000000a   Section        5  fatfs.o(.data)
    .data                                    0x20000010   Section        4  md_led_driver.o(.data)
    .data                                    0x20000014   Section       24  md_ms56xx.o(.data)
    .data                                    0x2000002c   Section       18  md_hmc5883.o(.data)
    _hmc5883_Gauss_LSB_XYZ                   0x20000030   Data           4  md_hmc5883.o(.data)
    .data                                    0x20000040   Section        8  md_gps.o(.data)
    .data                                    0x20000048   Section        8  md_twoboardcom.o(.data)
    .data                                    0x20000050   Section        4  system_stm32f4xx.o(.data)
    .data                                    0x20000054   Section       12  stm32f4xx_hal.o(.data)
    .data                                    0x20000060   Section        6  mavlink.o(.data)
    test_count                               0x20000064   Data           2  mavlink.o(.data)
    .data                                    0x20000068   Section        4  stdout.o(.data)
    .bss                                     0x2000006c   Section      324  sdio.o(.bss)
    .bss                                     0x200001b0   Section       88  spi.o(.bss)
    .bss                                     0x20000208   Section       64  tim.o(.bss)
    .bss                                     0x20000248   Section      736  usart.o(.bss)
    .bss                                     0x20000528   Section       12  example.o(.bss)
    .bss                                     0x20000534   Section       40  md_mpu6000.o(.bss)
    .bss                                     0x2000055c   Section       16  md_ms56xx.o(.bss)
    .bss                                     0x2000056c   Section       16  md_hmc5883.o(.bss)
    .bss                                     0x2000057c   Section     1300  md_gps.o(.bss)
    .bss                                     0x20000a90   Section      256  md_twoboardcom.o(.bss)
    buf_Motor                                0x20000a90   Data          18  md_twoboardcom.o(.bss)
    .bss                                     0x20000b90   Section     2876  mavlink.o(.bss)
    m_mavlink_status                         0x20000b90   Data          96  mavlink.o(.bss)
    m_mavlink_buffer                         0x20000bf0   Data        1164  mavlink.o(.bss)
    .bss                                     0x200016cc   Section       12  ff_gen_drv.o(.bss)
    STACK                                    0x200016d8   Section     1024  startup_stm32f427xx.o(STACK)

    Global Symbols

    Symbol Name                              Value     Ov Type        Size  Object(Section)

    BuildAttributes$$THM_ISAv4$E$P$D$K$B$S$7EM$VFPi3$EXTD16$VFPS$VFMA$PE$A:L22UL41UL21$X:L11$S22US41US21$IEEE1$IW$USESV6$~STKCKD$USESV7$~SHL$OSPACE$ROPI$EBA8$MICROLIB$REQ8$PRES8$EABIv2 0x00000000   Number         0  anon$$obj.o ABSOLUTE
    __ARM_use_no_argv                        0x00000000   Number         0  main.o ABSOLUTE
    _printf_a                                0x00000000   Number         0  stubs.o ABSOLUTE
    _printf_c                                0x00000000   Number         0  stubs.o ABSOLUTE
    _printf_charcount                        0x00000000   Number         0  stubs.o ABSOLUTE
    _printf_d                                0x00000000   Number         0  stubs.o ABSOLUTE
    _printf_e                                0x00000000   Number         0  stubs.o ABSOLUTE
    _printf_f                                0x00000000   Number         0  stubs.o ABSOLUTE
    _printf_flags                            0x00000000   Number         0  stubs.o ABSOLUTE
    _printf_fp_dec                           0x00000000   Number         0  stubs.o ABSOLUTE
    _printf_fp_hex                           0x00000000   Number         0  stubs.o ABSOLUTE
    _printf_g                                0x00000000   Number         0  stubs.o ABSOLUTE
    _printf_i                                0x00000000   Number         0  stubs.o ABSOLUTE
    _printf_int_dec                          0x00000000   Number         0  stubs.o ABSOLUTE
    _printf_l                                0x00000000   Number         0  stubs.o ABSOLUTE
    _printf_lc                               0x00000000   Number         0  stubs.o ABSOLUTE
    _printf_ll                               0x00000000   Number         0  stubs.o ABSOLUTE
    _printf_lld                              0x00000000   Number         0  stubs.o ABSOLUTE
    _printf_lli                              0x00000000   Number         0  stubs.o ABSOLUTE
    _printf_llo                              0x00000000   Number         0  stubs.o ABSOLUTE
    _printf_llu                              0x00000000   Number         0  stubs.o ABSOLUTE
    _printf_llx                              0x00000000   Number         0  stubs.o ABSOLUTE
    _printf_longlong_dec                     0x00000000   Number         0  stubs.o ABSOLUTE
    _printf_longlong_hex                     0x00000000   Number         0  stubs.o ABSOLUTE
    _printf_longlong_oct                     0x00000000   Number         0  stubs.o ABSOLUTE
    _printf_ls                               0x00000000   Number         0  stubs.o ABSOLUTE
    _printf_mbtowc                           0x00000000   Number         0  stubs.o ABSOLUTE
    _printf_n                                0x00000000   Number         0  stubs.o ABSOLUTE
    _printf_o                                0x00000000   Number         0  stubs.o ABSOLUTE
    _printf_p                                0x00000000   Number         0  stubs.o ABSOLUTE
    _printf_percent                          0x00000000   Number         0  stubs.o ABSOLUTE
    _printf_pre_padding                      0x00000000   Number         0  stubs.o ABSOLUTE
    _printf_return_value                     0x00000000   Number         0  stubs.o ABSOLUTE
    _printf_s                                0x00000000   Number         0  stubs.o ABSOLUTE
    _printf_sizespec                         0x00000000   Number         0  stubs.o ABSOLUTE
    _printf_str                              0x00000000   Number         0  stubs.o ABSOLUTE
    _printf_truncate_signed                  0x00000000   Number         0  stubs.o ABSOLUTE
    _printf_truncate_unsigned                0x00000000   Number         0  stubs.o ABSOLUTE
    _printf_u                                0x00000000   Number         0  stubs.o ABSOLUTE
    _printf_wc                               0x00000000   Number         0  stubs.o ABSOLUTE
    _printf_wctomb                           0x00000000   Number         0  stubs.o ABSOLUTE
    _printf_widthprec                        0x00000000   Number         0  stubs.o ABSOLUTE
    _printf_x                                0x00000000   Number         0  stubs.o ABSOLUTE
    __cpp_initialize__aeabi_                  - Undefined Weak Reference
    __cxa_finalize                            - Undefined Weak Reference
    __decompress                              - Undefined Weak Reference
    _clock_init                               - Undefined Weak Reference
    _microlib_exit                            - Undefined Weak Reference
    __Vectors_Size                           0x000001ac   Number         0  startup_stm32f427xx.o ABSOLUTE
    __Vectors                                0x08000000   Data           4  startup_stm32f427xx.o(RESET)
    __Vectors_End                            0x080001ac   Data           0  startup_stm32f427xx.o(RESET)
    __main                                   0x080001ad   Thumb Code     0  entry.o(.ARM.Collect$$$$00000000)
    _main_stk                                0x080001ad   Thumb Code     0  entry2.o(.ARM.Collect$$$$00000001)
    _main_scatterload                        0x080001b1   Thumb Code     0  entry5.o(.ARM.Collect$$$$00000004)
    __main_after_scatterload                 0x080001b5   Thumb Code     0  entry5.o(.ARM.Collect$$$$00000004)
    _main_clock                              0x080001b5   Thumb Code     0  entry7b.o(.ARM.Collect$$$$00000008)
    _main_cpp_init                           0x080001b5   Thumb Code     0  entry8b.o(.ARM.Collect$$$$0000000A)
    _main_init                               0x080001b5   Thumb Code     0  entry9a.o(.ARM.Collect$$$$0000000B)
    __rt_final_cpp                           0x080001bd   Thumb Code     0  entry10a.o(.ARM.Collect$$$$0000000D)
    __rt_final_exit                          0x080001bd   Thumb Code     0  entry11a.o(.ARM.Collect$$$$0000000F)
    Reset_Handler                            0x080001c1   Thumb Code     8  startup_stm32f427xx.o(.text)
    ADC_IRQHandler                           0x080001db   Thumb Code     0  startup_stm32f427xx.o(.text)
    CAN1_RX0_IRQHandler                      0x080001db   Thumb Code     0  startup_stm32f427xx.o(.text)
    CAN1_RX1_IRQHandler                      0x080001db   Thumb Code     0  startup_stm32f427xx.o(.text)
    CAN1_SCE_IRQHandler                      0x080001db   Thumb Code     0  startup_stm32f427xx.o(.text)
    CAN1_TX_IRQHandler                       0x080001db   Thumb Code     0  startup_stm32f427xx.o(.text)
    CAN2_RX0_IRQHandler                      0x080001db   Thumb Code     0  startup_stm32f427xx.o(.text)
    CAN2_RX1_IRQHandler                      0x080001db   Thumb Code     0  startup_stm32f427xx.o(.text)
    CAN2_SCE_IRQHandler                      0x080001db   Thumb Code     0  startup_stm32f427xx.o(.text)
    CAN2_TX_IRQHandler                       0x080001db   Thumb Code     0  startup_stm32f427xx.o(.text)
    DCMI_IRQHandler                          0x080001db   Thumb Code     0  startup_stm32f427xx.o(.text)
    DMA1_Stream0_IRQHandler                  0x080001db   Thumb Code     0  startup_stm32f427xx.o(.text)
    DMA1_Stream1_IRQHandler                  0x080001db   Thumb Code     0  startup_stm32f427xx.o(.text)
    DMA1_Stream4_IRQHandler                  0x080001db   Thumb Code     0  startup_stm32f427xx.o(.text)
    DMA1_Stream5_IRQHandler                  0x080001db   Thumb Code     0  startup_stm32f427xx.o(.text)
    DMA1_Stream7_IRQHandler                  0x080001db   Thumb Code     0  startup_stm32f427xx.o(.text)
    DMA2D_IRQHandler                         0x080001db   Thumb Code     0  startup_stm32f427xx.o(.text)
    DMA2_Stream0_IRQHandler                  0x080001db   Thumb Code     0  startup_stm32f427xx.o(.text)
    DMA2_Stream2_IRQHandler                  0x080001db   Thumb Code     0  startup_stm32f427xx.o(.text)
    DMA2_Stream4_IRQHandler                  0x080001db   Thumb Code     0  startup_stm32f427xx.o(.text)
    DMA2_Stream5_IRQHandler                  0x080001db   Thumb Code     0  startup_stm32f427xx.o(.text)
    ETH_IRQHandler                           0x080001db   Thumb Code     0  startup_stm32f427xx.o(.text)
    ETH_WKUP_IRQHandler                      0x080001db   Thumb Code     0  startup_stm32f427xx.o(.text)
    EXTI0_IRQHandler                         0x080001db   Thumb Code     0  startup_stm32f427xx.o(.text)
    EXTI15_10_IRQHandler                     0x080001db   Thumb Code     0  startup_stm32f427xx.o(.text)
    EXTI1_IRQHandler                         0x080001db   Thumb Code     0  startup_stm32f427xx.o(.text)
    EXTI2_IRQHandler                         0x080001db   Thumb Code     0  startup_stm32f427xx.o(.text)
    EXTI3_IRQHandler                         0x080001db   Thumb Code     0  startup_stm32f427xx.o(.text)
    EXTI4_IRQHandler                         0x080001db   Thumb Code     0  startup_stm32f427xx.o(.text)
    EXTI9_5_IRQHandler                       0x080001db   Thumb Code     0  startup_stm32f427xx.o(.text)
    FLASH_IRQHandler                         0x080001db   Thumb Code     0  startup_stm32f427xx.o(.text)
    FMC_IRQHandler                           0x080001db   Thumb Code     0  startup_stm32f427xx.o(.text)
    FPU_IRQHandler                           0x080001db   Thumb Code     0  startup_stm32f427xx.o(.text)
    HASH_RNG_IRQHandler                      0x080001db   Thumb Code     0  startup_stm32f427xx.o(.text)
    I2C1_ER_IRQHandler                       0x080001db   Thumb Code     0  startup_stm32f427xx.o(.text)
    I2C1_EV_IRQHandler                       0x080001db   Thumb Code     0  startup_stm32f427xx.o(.text)
    I2C2_ER_IRQHandler                       0x080001db   Thumb Code     0  startup_stm32f427xx.o(.text)
    I2C2_EV_IRQHandler                       0x080001db   Thumb Code     0  startup_stm32f427xx.o(.text)
    I2C3_ER_IRQHandler                       0x080001db   Thumb Code     0  startup_stm32f427xx.o(.text)
    I2C3_EV_IRQHandler                       0x080001db   Thumb Code     0  startup_stm32f427xx.o(.text)
    OTG_FS_IRQHandler                        0x080001db   Thumb Code     0  startup_stm32f427xx.o(.text)
    OTG_FS_WKUP_IRQHandler                   0x080001db   Thumb Code     0  startup_stm32f427xx.o(.text)
    OTG_HS_EP1_IN_IRQHandler                 0x080001db   Thumb Code     0  startup_stm32f427xx.o(.text)
    OTG_HS_EP1_OUT_IRQHandler                0x080001db   Thumb Code     0  startup_stm32f427xx.o(.text)
    OTG_HS_IRQHandler                        0x080001db   Thumb Code     0  startup_stm32f427xx.o(.text)
    OTG_HS_WKUP_IRQHandler                   0x080001db   Thumb Code     0  startup_stm32f427xx.o(.text)
    PVD_IRQHandler                           0x080001db   Thumb Code     0  startup_stm32f427xx.o(.text)
    RCC_IRQHandler                           0x080001db   Thumb Code     0  startup_stm32f427xx.o(.text)
    RTC_Alarm_IRQHandler                     0x080001db   Thumb Code     0  startup_stm32f427xx.o(.text)
    RTC_WKUP_IRQHandler                      0x080001db   Thumb Code     0  startup_stm32f427xx.o(.text)
    SAI1_IRQHandler                          0x080001db   Thumb Code     0  startup_stm32f427xx.o(.text)
    SPI1_IRQHandler                          0x080001db   Thumb Code     0  startup_stm32f427xx.o(.text)
    SPI2_IRQHandler                          0x080001db   Thumb Code     0  startup_stm32f427xx.o(.text)
    SPI3_IRQHandler                          0x080001db   Thumb Code     0  startup_stm32f427xx.o(.text)
    SPI4_IRQHandler                          0x080001db   Thumb Code     0  startup_stm32f427xx.o(.text)
    SPI5_IRQHandler                          0x080001db   Thumb Code     0  startup_stm32f427xx.o(.text)
    SPI6_IRQHandler                          0x080001db   Thumb Code     0  startup_stm32f427xx.o(.text)
    TAMP_STAMP_IRQHandler                    0x080001db   Thumb Code     0  startup_stm32f427xx.o(.text)
    TIM1_BRK_TIM9_IRQHandler                 0x080001db   Thumb Code     0  startup_stm32f427xx.o(.text)
    TIM1_CC_IRQHandler                       0x080001db   Thumb Code     0  startup_stm32f427xx.o(.text)
    TIM1_TRG_COM_TIM11_IRQHandler            0x080001db   Thumb Code     0  startup_stm32f427xx.o(.text)
    TIM1_UP_TIM10_IRQHandler                 0x080001db   Thumb Code     0  startup_stm32f427xx.o(.text)
    TIM2_IRQHandler                          0x080001db   Thumb Code     0  startup_stm32f427xx.o(.text)
    TIM3_IRQHandler                          0x080001db   Thumb Code     0  startup_stm32f427xx.o(.text)
    TIM4_IRQHandler                          0x080001db   Thumb Code     0  startup_stm32f427xx.o(.text)
    TIM5_IRQHandler                          0x080001db   Thumb Code     0  startup_stm32f427xx.o(.text)
    TIM7_IRQHandler                          0x080001db   Thumb Code     0  startup_stm32f427xx.o(.text)
    TIM8_BRK_TIM12_IRQHandler                0x080001db   Thumb Code     0  startup_stm32f427xx.o(.text)
    TIM8_CC_IRQHandler                       0x080001db   Thumb Code     0  startup_stm32f427xx.o(.text)
    TIM8_TRG_COM_TIM14_IRQHandler            0x080001db   Thumb Code     0  startup_stm32f427xx.o(.text)
    TIM8_UP_TIM13_IRQHandler                 0x080001db   Thumb Code     0  startup_stm32f427xx.o(.text)
    UART5_IRQHandler                         0x080001db   Thumb Code     0  startup_stm32f427xx.o(.text)
    USART1_IRQHandler                        0x080001db   Thumb Code     0  startup_stm32f427xx.o(.text)
    USART2_IRQHandler                        0x080001db   Thumb Code     0  startup_stm32f427xx.o(.text)
    USART3_IRQHandler                        0x080001db   Thumb Code     0  startup_stm32f427xx.o(.text)
    WWDG_IRQHandler                          0x080001db   Thumb Code     0  startup_stm32f427xx.o(.text)
    __aeabi_uldivmod                         0x080001e5   Thumb Code    98  uldiv.o(.text)
    __aeabi_ldivmod                          0x08000247   Thumb Code    98  ldiv.o(.text)
    __aeabi_memcpy                           0x080002a9   Thumb Code    36  memcpya.o(.text)
    __aeabi_memcpy4                          0x080002a9   Thumb Code     0  memcpya.o(.text)
    __aeabi_memcpy8                          0x080002a9   Thumb Code     0  memcpya.o(.text)
    __aeabi_memset                           0x080002cd   Thumb Code    14  memseta.o(.text)
    __aeabi_memset4                          0x080002cd   Thumb Code     0  memseta.o(.text)
    __aeabi_memset8                          0x080002cd   Thumb Code     0  memseta.o(.text)
    __aeabi_memclr                           0x080002db   Thumb Code     4  memseta.o(.text)
    __aeabi_memclr4                          0x080002db   Thumb Code     0  memseta.o(.text)
    __aeabi_memclr8                          0x080002db   Thumb Code     0  memseta.o(.text)
    _memset$wrapper                          0x080002df   Thumb Code    18  memseta.o(.text)
    memcmp                                   0x080002f1   Thumb Code    26  memcmp.o(.text)
    __aeabi_ddiv                             0x0800030b   Thumb Code   222  ddiv.o(.text)
    __aeabi_uidiv                            0x080003e9   Thumb Code     0  uidiv.o(.text)
    __aeabi_uidivmod                         0x080003e9   Thumb Code    44  uidiv.o(.text)
    __aeabi_llsl                             0x08000415   Thumb Code    30  llshl.o(.text)
    _ll_shift_l                              0x08000415   Thumb Code     0  llshl.o(.text)
    __aeabi_llsr                             0x08000433   Thumb Code    32  llushr.o(.text)
    _ll_ushift_r                             0x08000433   Thumb Code     0  llushr.o(.text)
    __I$use$fp                               0x08000453   Thumb Code     0  iusefp.o(.text)
    _double_round                            0x08000453   Thumb Code    30  depilogue.o(.text)
    _double_epilogue                         0x08000471   Thumb Code   156  depilogue.o(.text)
    __aeabi_dadd                             0x0800050d   Thumb Code   322  dadd.o(.text)
    __aeabi_dsub                             0x0800064f   Thumb Code     6  dadd.o(.text)
    __aeabi_drsub                            0x08000655   Thumb Code     6  dadd.o(.text)
    __aeabi_dmul                             0x0800065b   Thumb Code   228  dmul.o(.text)
    __aeabi_d2ulz                            0x0800073f   Thumb Code    48  dfixul.o(.text)
    __aeabi_cdrcmple                         0x08000771   Thumb Code    48  cdrcmple.o(.text)
    __scatterload                            0x080007a1   Thumb Code    28  init.o(.text)
    __scatterload_rt2                        0x080007a1   Thumb Code     0  init.o(.text)
    __aeabi_lasr                             0x080007c5   Thumb Code    36  llsshr.o(.text)
    _ll_sshift_r                             0x080007c5   Thumb Code     0  llsshr.o(.text)
    BSP_SD_AbortCallback                     0x080007e9   Thumb Code     2  bsp_driver_sd.o(i.BSP_SD_AbortCallback)
    BSP_SD_GetCardInfo                       0x080007ed   Thumb Code     8  bsp_driver_sd.o(i.BSP_SD_GetCardInfo)
    BSP_SD_GetCardState                      0x080007f9   Thumb Code    20  bsp_driver_sd.o(i.BSP_SD_GetCardState)
    BSP_SD_Init                              0x08000811   Thumb Code    48  bsp_driver_sd.o(i.BSP_SD_Init)
    BSP_SD_ReadBlocks                        0x08000845   Thumb Code    26  bsp_driver_sd.o(i.BSP_SD_ReadBlocks)
    BSP_SD_ReadCpltCallback                  0x08000865   Thumb Code     2  bsp_driver_sd.o(i.BSP_SD_ReadCpltCallback)
    BSP_SD_WriteBlocks                       0x08000869   Thumb Code    26  bsp_driver_sd.o(i.BSP_SD_WriteBlocks)
    BSP_SD_WriteCpltCallback                 0x08000889   Thumb Code     2  bsp_driver_sd.o(i.BSP_SD_WriteCpltCallback)
    Baro_Cal_Alt                             0x0800088d   Thumb Code   280  md_ms56xx.o(i.Baro_Cal_Alt)
    Baro_Cmd_Prom                            0x080009a9   Thumb Code    72  md_ms56xx.o(i.Baro_Cmd_Prom)
    Baro_En_Conv                             0x080009f9   Thumb Code    46  md_ms56xx.o(i.Baro_En_Conv)
    Baro_Init                                0x08000a31   Thumb Code    20  md_ms56xx.o(i.Baro_Init)
    Baro_Read_Coe                            0x08000a45   Thumb Code    26  md_ms56xx.o(i.Baro_Read_Coe)
    Baro_Read_Data                           0x08000a65   Thumb Code    70  md_ms56xx.o(i.Baro_Read_Data)
    Baro_Reset                               0x08000ab5   Thumb Code    50  md_ms56xx.o(i.Baro_Reset)
    BusFault_Handler                         0x08000af1   Thumb Code     2  stm32f4xx_it.o(i.BusFault_Handler)
    Clear_Page_DatasArea                     0x08000af5   Thumb Code    16  md_twoboardcom.o(i.Clear_Page_DatasArea)
    Com_TwoBoard_Finalize_Message_Send       0x08000b0d   Thumb Code    38  md_twoboardcom.o(i.Com_TwoBoard_Finalize_Message_Send)
    Com_TwoBoard_Init                        0x08000b3d   Thumb Code    14  md_twoboardcom.o(i.Com_TwoBoard_Init)
    Com_TwoBoard_Msg_MotorValue_Send         0x08000b4d   Thumb Code    66  md_twoboardcom.o(i.Com_TwoBoard_Msg_MotorValue_Send)
    Com_TwoBoard_RB_Clear                    0x08000b95   Thumb Code    14  md_twoboardcom.o(i.Com_TwoBoard_RB_Clear)
    Com_TwoBoard_RB_Decode                   0x08000ba9   Thumb Code   198  md_twoboardcom.o(i.Com_TwoBoard_RB_Decode)
    Com_TwoBoard_RB_HasNew                   0x08000c79   Thumb Code    18  md_twoboardcom.o(i.Com_TwoBoard_RB_HasNew)
    Com_TwoBoard_RB_Init                     0x08000c91   Thumb Code    12  md_twoboardcom.o(i.Com_TwoBoard_RB_Init)
    Com_TwoBoard_RB_IsReadyToRead            0x08000ca1   Thumb Code    18  md_twoboardcom.o(i.Com_TwoBoard_RB_IsReadyToRead)
    Com_TwoBoard_RB_Pop                      0x08000cb9   Thumb Code    10  md_twoboardcom.o(i.Com_TwoBoard_RB_Pop)
    Com_TwoBoard_RB_Push                     0x08000cc9   Thumb Code    12  md_twoboardcom.o(i.Com_TwoBoard_RB_Push)
    Com_TwoBoard_RB_Update                   0x08000cd9   Thumb Code    20  md_twoboardcom.o(i.Com_TwoBoard_RB_Update)
    Com_TwoBoard_RX_Enable                   0x08000ced   Thumb Code    10  md_twoboardcom.o(i.Com_TwoBoard_RX_Enable)
    Com_TwoBoard_RX_InterruptHandler         0x08000d01   Thumb Code    12  md_twoboardcom.o(i.Com_TwoBoard_RX_InterruptHandler)
    Com_TwoBoard_TX_InterruptHandler         0x08000d11   Thumb Code     8  md_twoboardcom.o(i.Com_TwoBoard_TX_InterruptHandler)
    DMA1_Stream2_IRQHandler                  0x08000d1d   Thumb Code     6  stm32f4xx_it.o(i.DMA1_Stream2_IRQHandler)
    DMA1_Stream3_IRQHandler                  0x08000d29   Thumb Code     6  stm32f4xx_it.o(i.DMA1_Stream3_IRQHandler)
    DMA1_Stream6_IRQHandler                  0x08000d35   Thumb Code     6  stm32f4xx_it.o(i.DMA1_Stream6_IRQHandler)
    DMA2_Stream1_IRQHandler                  0x08000d41   Thumb Code     6  stm32f4xx_it.o(i.DMA2_Stream1_IRQHandler)
    DMA2_Stream3_IRQHandler                  0x08000d4d   Thumb Code     6  stm32f4xx_it.o(i.DMA2_Stream3_IRQHandler)
    DMA2_Stream6_IRQHandler                  0x08000d59   Thumb Code     6  stm32f4xx_it.o(i.DMA2_Stream6_IRQHandler)
    DMA2_Stream7_IRQHandler                  0x08000d65   Thumb Code     6  stm32f4xx_it.o(i.DMA2_Stream7_IRQHandler)
    DebugMon_Handler                         0x08000e15   Thumb Code     2  stm32f4xx_it.o(i.DebugMon_Handler)
    Error_Handler                            0x08000e17   Thumb Code     2  main.o(i.Error_Handler)
    Example_Control                          0x08000e19   Thumb Code    52  example.o(i.Example_Control)
    Example_Exchage_COM                      0x08000e51   Thumb Code    36  example.o(i.Example_Exchage_COM)
    FATFS_LinkDriver                         0x08000e81   Thumb Code     6  ff_gen_drv.o(i.FATFS_LinkDriver)
    FATFS_LinkDriverEx                       0x08000e89   Thumb Code    58  ff_gen_drv.o(i.FATFS_LinkDriverEx)
    GPS_RX_InterruptHandler                  0x08000ec9   Thumb Code    14  md_gps.o(i.GPS_RX_InterruptHandler)
    HAL_DMA_Abort_IT                         0x08000ee1   Thumb Code    36  stm32f4xx_hal_dma.o(i.HAL_DMA_Abort_IT)
    HAL_DMA_IRQHandler                       0x08000f05   Thumb Code   412  stm32f4xx_hal_dma.o(i.HAL_DMA_IRQHandler)
    HAL_DMA_Init                             0x080010a5   Thumb Code   206  stm32f4xx_hal_dma.o(i.HAL_DMA_Init)
    HAL_DMA_Start_IT                         0x08001179   Thumb Code   120  stm32f4xx_hal_dma.o(i.HAL_DMA_Start_IT)
    HAL_Delay                                0x080011f1   Thumb Code    32  stm32f4xx_hal.o(i.HAL_Delay)
    HAL_GPIO_Init                            0x08001215   Thumb Code   422  stm32f4xx_hal_gpio.o(i.HAL_GPIO_Init)
    HAL_GPIO_TogglePin                       0x080013f1   Thumb Code    14  stm32f4xx_hal_gpio.o(i.HAL_GPIO_TogglePin)
    HAL_GPIO_WritePin                        0x080013ff   Thumb Code    10  stm32f4xx_hal_gpio.o(i.HAL_GPIO_WritePin)
    HAL_GetTick                              0x08001409   Thumb Code     6  stm32f4xx_hal.o(i.HAL_GetTick)
    HAL_IncTick                              0x08001415   Thumb Code    12  stm32f4xx_hal.o(i.HAL_IncTick)
    HAL_Init                                 0x08001425   Thumb Code    48  stm32f4xx_hal.o(i.HAL_Init)
    HAL_InitTick                             0x08001459   Thumb Code    54  stm32f4xx_hal.o(i.HAL_InitTick)
    HAL_MspInit                              0x08001499   Thumb Code    42  stm32f4xx_hal_msp.o(i.HAL_MspInit)
    HAL_NVIC_EnableIRQ                       0x080014c9   Thumb Code    26  stm32f4xx_hal_cortex.o(i.HAL_NVIC_EnableIRQ)
    HAL_NVIC_SetPriority                     0x080014e5   Thumb Code    60  stm32f4xx_hal_cortex.o(i.HAL_NVIC_SetPriority)
    HAL_NVIC_SetPriorityGrouping             0x08001525   Thumb Code    26  stm32f4xx_hal_cortex.o(i.HAL_NVIC_SetPriorityGrouping)
    HAL_RCC_ClockConfig                      0x08001549   Thumb Code   286  stm32f4xx_hal_rcc.o(i.HAL_RCC_ClockConfig)
    HAL_RCC_GetPCLK1Freq                     0x08001679   Thumb Code    20  stm32f4xx_hal_rcc.o(i.HAL_RCC_GetPCLK1Freq)
    HAL_RCC_GetPCLK2Freq                     0x08001699   Thumb Code    20  stm32f4xx_hal_rcc.o(i.HAL_RCC_GetPCLK2Freq)
    HAL_RCC_GetSysClockFreq                  0x080016b9   Thumb Code    88  stm32f4xx_hal_rcc.o(i.HAL_RCC_GetSysClockFreq)
    HAL_RCC_OscConfig                        0x0800171d   Thumb Code   766  stm32f4xx_hal_rcc.o(i.HAL_RCC_OscConfig)
    HAL_SD_AbortCallback                     0x08001a31   Thumb Code     8  bsp_driver_sd.o(i.HAL_SD_AbortCallback)
    HAL_SD_ConfigWideBusOperation            0x08001a39   Thumb Code   120  stm32f4xx_hal_sd.o(i.HAL_SD_ConfigWideBusOperation)
    HAL_SD_ErrorCallback                     0x08001ab1   Thumb Code     2  stm32f4xx_hal_sd.o(i.HAL_SD_ErrorCallback)
    HAL_SD_GetCardCSD                        0x08001ab3   Thumb Code   474  stm32f4xx_hal_sd.o(i.HAL_SD_GetCardCSD)
    HAL_SD_GetCardInfo                       0x08001c8d   Thumb Code    36  stm32f4xx_hal_sd.o(i.HAL_SD_GetCardInfo)
    HAL_SD_GetCardState                      0x08001cb1   Thumb Code    50  stm32f4xx_hal_sd.o(i.HAL_SD_GetCardState)
    HAL_SD_IRQHandler                        0x08001ce5   Thumb Code   438  stm32f4xx_hal_sd.o(i.HAL_SD_IRQHandler)
    HAL_SD_Init                              0x08001ea5   Thumb Code    54  stm32f4xx_hal_sd.o(i.HAL_SD_Init)
    HAL_SD_InitCard                          0x08001edd   Thumb Code    80  stm32f4xx_hal_sd.o(i.HAL_SD_InitCard)
    HAL_SD_MspInit                           0x08001f31   Thumb Code   300  sdio.o(i.HAL_SD_MspInit)
    HAL_SD_ReadBlocks                        0x08002075   Thumb Code   436  stm32f4xx_hal_sd.o(i.HAL_SD_ReadBlocks)
    HAL_SD_RxCpltCallback                    0x08002229   Thumb Code     8  bsp_driver_sd.o(i.HAL_SD_RxCpltCallback)
    HAL_SD_TxCpltCallback                    0x08002231   Thumb Code     8  bsp_driver_sd.o(i.HAL_SD_TxCpltCallback)
    HAL_SD_WriteBlocks                       0x08002239   Thumb Code   390  stm32f4xx_hal_sd.o(i.HAL_SD_WriteBlocks)
    HAL_SPI_Init                             0x080023bf   Thumb Code   128  stm32f4xx_hal_spi.o(i.HAL_SPI_Init)
    HAL_SPI_MspInit                          0x08002441   Thumb Code    92  spi.o(i.HAL_SPI_MspInit)
    HAL_SPI_Transmit                         0x080024a9   Thumb Code   350  stm32f4xx_hal_spi.o(i.HAL_SPI_Transmit)
    HAL_SPI_TransmitReceive                  0x08002607   Thumb Code   474  stm32f4xx_hal_spi.o(i.HAL_SPI_TransmitReceive)
    HAL_SYSTICK_Config                       0x080027e1   Thumb Code    40  stm32f4xx_hal_cortex.o(i.HAL_SYSTICK_Config)
    HAL_TIMEx_BreakCallback                  0x08002809   Thumb Code     2  stm32f4xx_hal_tim_ex.o(i.HAL_TIMEx_BreakCallback)
    HAL_TIMEx_CommutCallback                 0x0800280b   Thumb Code     2  stm32f4xx_hal_tim_ex.o(i.HAL_TIMEx_CommutCallback)
    HAL_TIMEx_MasterConfigSynchronization    0x0800280d   Thumb Code    66  stm32f4xx_hal_tim_ex.o(i.HAL_TIMEx_MasterConfigSynchronization)
    HAL_TIM_Base_Init                        0x0800284f   Thumb Code    54  stm32f4xx_hal_tim.o(i.HAL_TIM_Base_Init)
    HAL_TIM_Base_MspInit                     0x08002885   Thumb Code    30  tim.o(i.HAL_TIM_Base_MspInit)
    HAL_TIM_Base_Start_IT                    0x080028ad   Thumb Code    34  stm32f4xx_hal_tim.o(i.HAL_TIM_Base_Start_IT)
    HAL_TIM_IC_CaptureCallback               0x080028cf   Thumb Code     2  stm32f4xx_hal_tim.o(i.HAL_TIM_IC_CaptureCallback)
    HAL_TIM_IRQHandler                       0x080028d1   Thumb Code   358  stm32f4xx_hal_tim.o(i.HAL_TIM_IRQHandler)
    HAL_TIM_OC_DelayElapsedCallback          0x08002a37   Thumb Code     2  stm32f4xx_hal_tim.o(i.HAL_TIM_OC_DelayElapsedCallback)
    HAL_TIM_PWM_PulseFinishedCallback        0x08002a39   Thumb Code     2  stm32f4xx_hal_tim.o(i.HAL_TIM_PWM_PulseFinishedCallback)
    HAL_TIM_PeriodElapsedCallback            0x08002a3d   Thumb Code    16  main.o(i.HAL_TIM_PeriodElapsedCallback)
    HAL_TIM_TriggerCallback                  0x08002a55   Thumb Code     2  stm32f4xx_hal_tim.o(i.HAL_TIM_TriggerCallback)
    HAL_UART_ErrorCallback                   0x08002a57   Thumb Code     2  stm32f4xx_hal_uart.o(i.HAL_UART_ErrorCallback)
    HAL_UART_IRQHandler                      0x08002a59   Thumb Code   266  stm32f4xx_hal_uart.o(i.HAL_UART_IRQHandler)
    HAL_UART_Init                            0x08002b69   Thumb Code    98  stm32f4xx_hal_uart.o(i.HAL_UART_Init)
    HAL_UART_MspInit                         0x08002bcd   Thumb Code   614  usart.o(i.HAL_UART_MspInit)
    HAL_UART_Receive_DMA                     0x08002e65   Thumb Code   138  stm32f4xx_hal_uart.o(i.HAL_UART_Receive_DMA)
    HAL_UART_RxCpltCallback                  0x08002efd   Thumb Code    46  main.o(i.HAL_UART_RxCpltCallback)
    HAL_UART_RxHalfCpltCallback              0x08002f39   Thumb Code     2  stm32f4xx_hal_uart.o(i.HAL_UART_RxHalfCpltCallback)
    HAL_UART_Transmit                        0x08002f3b   Thumb Code   186  stm32f4xx_hal_uart.o(i.HAL_UART_Transmit)
    HAL_UART_Transmit_DMA                    0x08002ff5   Thumb Code   116  stm32f4xx_hal_uart.o(i.HAL_UART_Transmit_DMA)
    HAL_UART_TxCpltCallback                  0x08003075   Thumb Code    14  main.o(i.HAL_UART_TxCpltCallback)
    HAL_UART_TxHalfCpltCallback              0x08003089   Thumb Code     2  stm32f4xx_hal_uart.o(i.HAL_UART_TxHalfCpltCallback)
    HMC5883_Init                             0x0800308b   Thumb Code    58  md_hmc5883.o(i.HMC5883_Init)
    HMC5883_Read_Data                        0x080030c5   Thumb Code   106  md_hmc5883.o(i.HMC5883_Read_Data)
    HMC5883_Set_MagGain                      0x08003135   Thumb Code   100  md_hmc5883.o(i.HMC5883_Set_MagGain)
    HMC5883_Start_Convst                     0x080031b9   Thumb Code    22  md_hmc5883.o(i.HMC5883_Start_Convst)
    HardFault_Handler                        0x080031cf   Thumb Code     2  stm32f4xx_it.o(i.HardFault_Handler)
    Logger_Enable                            0x080031d1   Thumb Code     8  sdlog.o(i.Logger_Enable)
    Loop_Led_Flick                           0x080031dd   Thumb Code    36  md_led_driver.o(i.Loop_Led_Flick)
    Loop_Mavlink_Parse                       0x08003209   Thumb Code   184  mavlink.o(i.Loop_Mavlink_Parse)
    Loop_Read_Bar                            0x080032d1   Thumb Code    86  md_ms56xx.o(i.Loop_Read_Bar)
    Loop_Read_MPU6000                        0x0800332d   Thumb Code     6  md_mpu6000.o(i.Loop_Read_MPU6000)
    Loop_Read_Mag                            0x08003339   Thumb Code    42  md_hmc5883.o(i.Loop_Read_Mag)
    MPU6000_Get_Data                         0x0800336d   Thumb Code   162  md_mpu6000.o(i.MPU6000_Get_Data)
    MPU6000_Init                             0x08003419   Thumb Code   138  md_mpu6000.o(i.MPU6000_Init)
    MX_DMA_Init                              0x080034ed   Thumb Code   136  dma.o(i.MX_DMA_Init)
    MX_FATFS_Init                            0x08003579   Thumb Code    18  fatfs.o(i.MX_FATFS_Init)
    MX_GPIO_Init                             0x08003595   Thumb Code   254  gpio.o(i.MX_GPIO_Init)
    MX_SDIO_SD_Init                          0x080036a9   Thumb Code    22  sdio.o(i.MX_SDIO_SD_Init)
    MX_SPI1_Init                             0x080036c9   Thumb Code    62  spi.o(i.MX_SPI1_Init)
    MX_TIM6_Init                             0x08003711   Thumb Code    60  tim.o(i.MX_TIM6_Init)
    MX_UART4_Init                            0x08003755   Thumb Code    48  usart.o(i.MX_UART4_Init)
    MX_UART7_Init                            0x0800378d   Thumb Code    48  usart.o(i.MX_UART7_Init)
    MX_UART8_Init                            0x080037c5   Thumb Code    48  usart.o(i.MX_UART8_Init)
    MX_USART6_UART_Init                      0x080037fd   Thumb Code    48  usart.o(i.MX_USART6_UART_Init)
    Mavlin_RX_InterruptHandler               0x08003835   Thumb Code    14  mavlink.o(i.Mavlin_RX_InterruptHandler)
    Mavlink_Init                             0x0800384d   Thumb Code    14  mavlink.o(i.Mavlink_Init)
    Mavlink_Msg_Handle                       0x0800385d   Thumb Code    12  mavlink.o(i.Mavlink_Msg_Handle)
    Mavlink_RB_Clear                         0x08003889   Thumb Code    14  mavlink.o(i.Mavlink_RB_Clear)
    Mavlink_RB_HasNew                        0x0800389d   Thumb Code    18  mavlink.o(i.Mavlink_RB_HasNew)
    Mavlink_RB_Init                          0x080038b5   Thumb Code    14  mavlink.o(i.Mavlink_RB_Init)
    Mavlink_RB_Pop                           0x080038c9   Thumb Code    10  mavlink.o(i.Mavlink_RB_Pop)
    Mavlink_Rece_Enable                      0x080038d9   Thumb Code    10  mavlink.o(i.Mavlink_Rece_Enable)
    MemManage_Handler                        0x080038ed   Thumb Code     2  stm32f4xx_it.o(i.MemManage_Handler)
    NMI_Handler                              0x080038ef   Thumb Code     2  stm32f4xx_it.o(i.NMI_Handler)
    PendSV_Handler                           0x080038f1   Thumb Code     2  stm32f4xx_it.o(i.PendSV_Handler)
    SDIO_ConfigData                          0x080038f3   Thumb Code    36  stm32f4xx_ll_sdmmc.o(i.SDIO_ConfigData)
    SDIO_GetPowerState                       0x08003917   Thumb Code     8  stm32f4xx_ll_sdmmc.o(i.SDIO_GetPowerState)
    SDIO_GetResponse                         0x0800391f   Thumb Code    12  stm32f4xx_ll_sdmmc.o(i.SDIO_GetResponse)
    SDIO_IRQHandler                          0x0800392d   Thumb Code     6  stm32f4xx_it.o(i.SDIO_IRQHandler)
    SDIO_Init                                0x08003939   Thumb Code    36  stm32f4xx_ll_sdmmc.o(i.SDIO_Init)
    SDIO_PowerState_ON                       0x0800395d   Thumb Code     8  stm32f4xx_ll_sdmmc.o(i.SDIO_PowerState_ON)
    SDIO_ReadFIFO                            0x08003965   Thumb Code     6  stm32f4xx_ll_sdmmc.o(i.SDIO_ReadFIFO)
    SDIO_SendCommand                         0x0800396b   Thumb Code    32  stm32f4xx_ll_sdmmc.o(i.SDIO_SendCommand)
    SDIO_WriteFIFO                           0x0800398b   Thumb Code    10  stm32f4xx_ll_sdmmc.o(i.SDIO_WriteFIFO)
    SDMMC_CmdAppCommand                      0x08003995   Thumb Code    48  stm32f4xx_ll_sdmmc.o(i.SDMMC_CmdAppCommand)
    SDMMC_CmdAppOperCommand                  0x080039c5   Thumb Code    46  stm32f4xx_ll_sdmmc.o(i.SDMMC_CmdAppOperCommand)
    SDMMC_CmdBlockLength                     0x080039f9   Thumb Code    48  stm32f4xx_ll_sdmmc.o(i.SDMMC_CmdBlockLength)
    SDMMC_CmdBusWidth                        0x08003a29   Thumb Code    48  stm32f4xx_ll_sdmmc.o(i.SDMMC_CmdBusWidth)
    SDMMC_CmdGoIdleState                     0x08003a59   Thumb Code    76  stm32f4xx_ll_sdmmc.o(i.SDMMC_CmdGoIdleState)
    SDMMC_CmdOperCond                        0x08003aa9   Thumb Code    98  stm32f4xx_ll_sdmmc.o(i.SDMMC_CmdOperCond)
    SDMMC_CmdReadMultiBlock                  0x08003b11   Thumb Code    48  stm32f4xx_ll_sdmmc.o(i.SDMMC_CmdReadMultiBlock)
    SDMMC_CmdReadSingleBlock                 0x08003b41   Thumb Code    48  stm32f4xx_ll_sdmmc.o(i.SDMMC_CmdReadSingleBlock)
    SDMMC_CmdSelDesel                        0x08003b71   Thumb Code    50  stm32f4xx_ll_sdmmc.o(i.SDMMC_CmdSelDesel)
    SDMMC_CmdSendCID                         0x08003ba3   Thumb Code    42  stm32f4xx_ll_sdmmc.o(i.SDMMC_CmdSendCID)
    SDMMC_CmdSendCSD                         0x08003bcd   Thumb Code    44  stm32f4xx_ll_sdmmc.o(i.SDMMC_CmdSendCSD)
    SDMMC_CmdSendSCR                         0x08003bf9   Thumb Code    48  stm32f4xx_ll_sdmmc.o(i.SDMMC_CmdSendSCR)
    SDMMC_CmdSendStatus                      0x08003c29   Thumb Code    48  stm32f4xx_ll_sdmmc.o(i.SDMMC_CmdSendStatus)
    SDMMC_CmdSetRelAdd                       0x08003c59   Thumb Code    48  stm32f4xx_ll_sdmmc.o(i.SDMMC_CmdSetRelAdd)
    SDMMC_CmdStopTransfer                    0x08003c89   Thumb Code    46  stm32f4xx_ll_sdmmc.o(i.SDMMC_CmdStopTransfer)
    SDMMC_CmdWriteMultiBlock                 0x08003cbd   Thumb Code    48  stm32f4xx_ll_sdmmc.o(i.SDMMC_CmdWriteMultiBlock)
    SDMMC_CmdWriteSingleBlock                0x08003ced   Thumb Code    48  stm32f4xx_ll_sdmmc.o(i.SDMMC_CmdWriteSingleBlock)
    SD_initialize                            0x080042f9   Thumb Code    28  sd_diskio.o(i.SD_initialize)
    SD_ioctl                                 0x08004319   Thumb Code    76  sd_diskio.o(i.SD_ioctl)
    SD_read                                  0x08004369   Thumb Code    36  sd_diskio.o(i.SD_read)
    SD_status                                0x0800438d   Thumb Code     4  sd_diskio.o(i.SD_status)
    SD_write                                 0x08004391   Thumb Code    36  sd_diskio.o(i.SD_write)
    SVC_Handler                              0x080044a1   Thumb Code     2  stm32f4xx_it.o(i.SVC_Handler)
    Sim_DMP_I2C_Read8                        0x080044a3   Thumb Code    92  md_hmc5883.o(i.Sim_DMP_I2C_Read8)
    Sim_I2C1_ReceiveByte                     0x08004501   Thumb Code    88  md_hmc5883.o(i.Sim_I2C1_ReceiveByte)
    Sim_I2C1_ReceiveByte_WithACK             0x0800455d   Thumb Code    88  md_hmc5883.o(i.Sim_I2C1_ReceiveByte_WithACK)
    Sim_I2C1_START                           0x080045b9   Thumb Code    78  md_hmc5883.o(i.Sim_I2C1_START)
    Sim_I2C1_STOP                            0x0800460d   Thumb Code    70  md_hmc5883.o(i.Sim_I2C1_STOP)
    Sim_I2C1_SendACK                         0x08004659   Thumb Code    76  md_hmc5883.o(i.Sim_I2C1_SendACK)
    Sim_I2C1_SendByte                        0x080046a9   Thumb Code   106  md_hmc5883.o(i.Sim_I2C1_SendByte)
    Sim_I2C1_SendNACK                        0x08004719   Thumb Code    76  md_hmc5883.o(i.Sim_I2C1_SendNACK)
    Sim_I2C1_Wait_Ack                        0x08004769   Thumb Code   104  md_hmc5883.o(i.Sim_I2C1_Wait_Ack)
    Sim_I2C1_Write8                          0x080047d5   Thumb Code    66  md_hmc5883.o(i.Sim_I2C1_Write8)
    SysTick_Handler                          0x08004817   Thumb Code     4  stm32f4xx_it.o(i.SysTick_Handler)
    SystemClock_Config                       0x0800481d   Thumb Code   136  main.o(i.SystemClock_Config)
    SystemInit                               0x080048ad   Thumb Code    66  system_stm32f4xx.o(i.SystemInit)
    TIM6_DAC_IRQHandler                      0x08004901   Thumb Code     6  stm32f4xx_it.o(i.TIM6_DAC_IRQHandler)
    TIM_Base_SetConfig                       0x0800490d   Thumb Code   156  stm32f4xx_hal_tim.o(i.TIM_Base_SetConfig)
    UART4_IRQHandler                         0x080049d5   Thumb Code     6  stm32f4xx_it.o(i.UART4_IRQHandler)
    UART7_IRQHandler                         0x080049e1   Thumb Code     6  stm32f4xx_it.o(i.UART7_IRQHandler)
    UART8_IRQHandler                         0x080049ed   Thumb Code     6  stm32f4xx_it.o(i.UART8_IRQHandler)
    USART6_IRQHandler                        0x08004f05   Thumb Code     6  stm32f4xx_it.o(i.USART6_IRQHandler)
    UsageFault_Handler                       0x08004f11   Thumb Code     2  stm32f4xx_it.o(i.UsageFault_Handler)
    __0printf                                0x08004f15   Thumb Code    22  printfa.o(i.__0printf)
    __1printf                                0x08004f15   Thumb Code     0  printfa.o(i.__0printf)
    __2printf                                0x08004f15   Thumb Code     0  printfa.o(i.__0printf)
    __c89printf                              0x08004f15   Thumb Code     0  printfa.o(i.__0printf)
    printf                                   0x08004f15   Thumb Code     0  printfa.o(i.__0printf)
    __scatterload_copy                       0x08004f55   Thumb Code    14  handlers.o(i.__scatterload_copy)
    __scatterload_null                       0x08004f63   Thumb Code     2  handlers.o(i.__scatterload_null)
    __scatterload_zeroinit                   0x08004f65   Thumb Code    14  handlers.o(i.__scatterload_zeroinit)
    decode_message                           0x08005a85   Thumb Code    22  md_twoboardcom.o(i.decode_message)
    extra_rc_input_value                     0x08005aa1   Thumb Code   122  md_twoboardcom.o(i.extra_rc_input_value)
    fputc                                    0x08005b25   Thumb Code    20  main.o(i.fputc)
    main                                     0x08005b3d   Thumb Code   174  main.o(i.main)
    mavlink_send_uart_bytes                  0x08005ed9   Thumb Code    12  mavlink.o(i.mavlink_send_uart_bytes)
    mavlink_test                             0x080062b9   Thumb Code    66  mavlink.o(i.mavlink_test)
    rbInit                                   0x0800645b   Thumb Code    18  ringbuffer.o(i.rbInit)
    rbIsEmpty                                0x0800646d   Thumb Code    16  md_gps.o(i.rbIsEmpty)
    rbPop                                    0x0800647d   Thumb Code    34  md_gps.o(i.rbPop)
    rbPush                                   0x0800649f   Thumb Code    36  md_gps.o(i.rbPush)
    SD_Driver                                0x080064c4   Data          20  sd_diskio.o(.constdata)
    AHBPrescTable                            0x080064d8   Data          16  system_stm32f4xx.o(.constdata)
    APBPrescTable                            0x080064e8   Data           8  system_stm32f4xx.o(.constdata)
    Region$$Table$$Base                      0x08006e00   Number         0  anon$$obj.o(Region$$Table)
    Region$$Table$$Limit                     0x08006e20   Number         0  anon$$obj.o(Region$$Table)
    m_Log_Type                               0x20000000   Data           1  sdlog.o(.data)
    m_Logger_Status                          0x20000001   Data           1  sdlog.o(.data)
    index_log                                0x20000002   Data           1  sdlog.o(.data)
    log_num                                  0x20000004   Data           4  sdlog.o(.data)
    Timer6UpdateReady                        0x20000008   Data           1  main.o(.data)
    retSD                                    0x2000000a   Data           1  fatfs.o(.data)
    SDPath                                   0x2000000b   Data           4  fatfs.o(.data)
    Led_RunCount                             0x20000010   Data           4  md_led_driver.o(.data)
    Bar_Conv_Flag                            0x20000014   Data           1  md_ms56xx.o(.data)
    Bar_RunCount                             0x20000018   Data           4  md_ms56xx.o(.data)
    D1                                       0x2000001c   Data           4  md_ms56xx.o(.data)
    D2                                       0x20000020   Data           4  md_ms56xx.o(.data)
    m_Ms56xx                                 0x20000024   Data           8  md_ms56xx.o(.data)
    _magGain                                 0x2000002c   Data           1  md_hmc5883.o(.data)
    Mag_RunCount                             0x20000034   Data           4  md_hmc5883.o(.data)
    readBuff                                 0x20000038   Data           6  md_hmc5883.o(.data)
    gps_rx_temp                              0x20000040   Data           1  md_gps.o(.data)
    braud                                    0x20000044   Data           4  md_gps.o(.data)
    m_Com_Page_Length                        0x20000048   Data           1  md_twoboardcom.o(.data)
    m_Com_Page_Incres                        0x20000049   Data           1  md_twoboardcom.o(.data)
    e_ComStates                              0x2000004a   Data           1  md_twoboardcom.o(.data)
    f_ComUartTxReady                         0x2000004b   Data           1  md_twoboardcom.o(.data)
    f_ComUartRxReady                         0x2000004c   Data           1  md_twoboardcom.o(.data)
    m_safety_switch                          0x2000004d   Data           1  md_twoboardcom.o(.data)
    f_NewRCDataReady                         0x2000004e   Data           1  md_twoboardcom.o(.data)
    twoboard_rx_data                         0x2000004f   Data           1  md_twoboardcom.o(.data)
    SystemCoreClock                          0x20000050   Data           4  system_stm32f4xx.o(.data)
    uwTickFreq                               0x20000054   Data           1  stm32f4xx_hal.o(.data)
    uwTickPrio                               0x20000058   Data           4  stm32f4xx_hal.o(.data)
    uwTick                                   0x2000005c   Data           4  stm32f4xx_hal.o(.data)
    mavlink_byte                             0x20000060   Data           1  mavlink.o(.data)
    mavlink_system                           0x20000061   Data           2  mavlink.o(.data)
    __stdout                                 0x20000068   Data           4  stdout.o(.data)
    hsd                                      0x2000006c   Data         132  sdio.o(.bss)
    hdma_sdio_rx                             0x200000f0   Data          96  sdio.o(.bss)
    hdma_sdio_tx                             0x20000150   Data          96  sdio.o(.bss)
    hspi1                                    0x200001b0   Data          88  spi.o(.bss)
    htim6                                    0x20000208   Data          64  tim.o(.bss)
    huart4                                   0x20000248   Data          64  usart.o(.bss)
    huart7                                   0x20000288   Data          64  usart.o(.bss)
    huart8                                   0x200002c8   Data          64  usart.o(.bss)
    huart6                                   0x20000308   Data          64  usart.o(.bss)
    hdma_uart4_rx                            0x20000348   Data          96  usart.o(.bss)
    hdma_uart7_rx                            0x200003a8   Data          96  usart.o(.bss)
    hdma_uart8_rx                            0x20000408   Data          96  usart.o(.bss)
    hdma_usart6_tx                           0x20000468   Data          96  usart.o(.bss)
    hdma_usart6_rx                           0x200004c8   Data          96  usart.o(.bss)
    motor                                    0x20000528   Data          12  example.o(.bss)
    m_Mpu6000                                0x20000534   Data          40  md_mpu6000.o(.bss)
    C                                        0x2000055c   Data          16  md_ms56xx.o(.bss)
    m_Hmc5883                                0x2000056c   Data          16  md_hmc5883.o(.bss)
    m_GPS_RX_RingBuffMgr                     0x2000057c   Data          20  md_gps.o(.bss)
    m_GPS_RX_Buff                            0x20000590   Data        1280  md_gps.o(.bss)
    m_Com_RX_RingBuffMgr                     0x20000aa4   Data          20  md_twoboardcom.o(.bss)
    m_Com_RX_SaveBuff                        0x20000ab8   Data         100  md_twoboardcom.o(.bss)
    m_Com_Page_Data                          0x20000b1c   Data         100  md_twoboardcom.o(.bss)
    m_RC_input_from_F1                       0x20000b80   Data          16  md_twoboardcom.o(.bss)
    m_Mavlink_RX_RingBuffMgr                 0x2000107c   Data          20  mavlink.o(.bss)
    m_Mavlink_RX_Buff                        0x20001090   Data        1280  mavlink.o(.bss)
    msg                                      0x20001590   Data         291  mavlink.o(.bss)
    status                                   0x200016b4   Data          24  mavlink.o(.bss)
    disk                                     0x200016cc   Data          12  ff_gen_drv.o(.bss)
    __initial_sp                             0x20001ad8   Data           0  startup_stm32f427xx.o(STACK)



==============================================================================

Memory Map of the image

  Image Entry point : 0x080001ad

  Load Region LR_IROM1 (Base: 0x08000000, Size: 0x00006e8c, Max: 0x00200000, ABSOLUTE)

    Execution Region ER_IROM1 (Exec base: 0x08000000, Load base: 0x08000000, Size: 0x00006e20, Max: 0x00200000, ABSOLUTE)

    Exec Addr    Load Addr    Size         Type   Attr      Idx    E Section Name        Object

    0x08000000   0x08000000   0x000001ac   Data   RO         2372    RESET               startup_stm32f427xx.o
    0x080001ac   0x080001ac   0x00000000   Code   RO         6361  * .ARM.Collect$$$$00000000  mc_w.l(entry.o)
    0x080001ac   0x080001ac   0x00000004   Code   RO         6643    .ARM.Collect$$$$00000001  mc_w.l(entry2.o)
    0x080001b0   0x080001b0   0x00000004   Code   RO         6646    .ARM.Collect$$$$00000004  mc_w.l(entry5.o)
    0x080001b4   0x080001b4   0x00000000   Code   RO         6648    .ARM.Collect$$$$00000008  mc_w.l(entry7b.o)
    0x080001b4   0x080001b4   0x00000000   Code   RO         6650    .ARM.Collect$$$$0000000A  mc_w.l(entry8b.o)
    0x080001b4   0x080001b4   0x00000008   Code   RO         6651    .ARM.Collect$$$$0000000B  mc_w.l(entry9a.o)
    0x080001bc   0x080001bc   0x00000000   Code   RO         6653    .ARM.Collect$$$$0000000D  mc_w.l(entry10a.o)
    0x080001bc   0x080001bc   0x00000000   Code   RO         6655    .ARM.Collect$$$$0000000F  mc_w.l(entry11a.o)
    0x080001bc   0x080001bc   0x00000004   Code   RO         6644    .ARM.Collect$$$$00002712  mc_w.l(entry2.o)
    0x080001c0   0x080001c0   0x00000024   Code   RO         2373    .text               startup_stm32f427xx.o
    0x080001e4   0x080001e4   0x00000062   Code   RO         6364    .text               mc_w.l(uldiv.o)
    0x08000246   0x08000246   0x00000062   Code   RO         6366    .text               mc_w.l(ldiv.o)
    0x080002a8   0x080002a8   0x00000024   Code   RO         6368    .text               mc_w.l(memcpya.o)
    0x080002cc   0x080002cc   0x00000024   Code   RO         6370    .text               mc_w.l(memseta.o)
    0x080002f0   0x080002f0   0x0000001a   Code   RO         6372    .text               mc_w.l(memcmp.o)
    0x0800030a   0x0800030a   0x000000de   Code   RO         6637    .text               mf_w.l(ddiv.o)
    0x080003e8   0x080003e8   0x0000002c   Code   RO         6658    .text               mc_w.l(uidiv.o)
    0x08000414   0x08000414   0x0000001e   Code   RO         6660    .text               mc_w.l(llshl.o)
    0x08000432   0x08000432   0x00000020   Code   RO         6662    .text               mc_w.l(llushr.o)
    0x08000452   0x08000452   0x00000000   Code   RO         6664    .text               mc_w.l(iusefp.o)
    0x08000452   0x08000452   0x000000ba   Code   RO         6665    .text               mf_w.l(depilogue.o)
    0x0800050c   0x0800050c   0x0000014e   Code   RO         6667    .text               mf_w.l(dadd.o)
    0x0800065a   0x0800065a   0x000000e4   Code   RO         6669    .text               mf_w.l(dmul.o)
    0x0800073e   0x0800073e   0x00000030   Code   RO         6671    .text               mf_w.l(dfixul.o)
    0x0800076e   0x0800076e   0x00000002   PAD
    0x08000770   0x08000770   0x00000030   Code   RO         6673    .text               mf_w.l(cdrcmple.o)
    0x080007a0   0x080007a0   0x00000024   Code   RO         6675    .text               mc_w.l(init.o)
    0x080007c4   0x080007c4   0x00000024   Code   RO         6677    .text               mc_w.l(llsshr.o)
    0x080007e8   0x080007e8   0x00000002   Code   RO          895    i.BSP_SD_AbortCallback  bsp_driver_sd.o
    0x080007ea   0x080007ea   0x00000002   PAD
    0x080007ec   0x080007ec   0x0000000c   Code   RO          901    i.BSP_SD_GetCardInfo  bsp_driver_sd.o
    0x080007f8   0x080007f8   0x00000018   Code   RO          902    i.BSP_SD_GetCardState  bsp_driver_sd.o
    0x08000810   0x08000810   0x00000034   Code   RO          905    i.BSP_SD_Init       bsp_driver_sd.o
    0x08000844   0x08000844   0x00000020   Code   RO          907    i.BSP_SD_ReadBlocks  bsp_driver_sd.o
    0x08000864   0x08000864   0x00000002   Code   RO          909    i.BSP_SD_ReadCpltCallback  bsp_driver_sd.o
    0x08000866   0x08000866   0x00000002   PAD
    0x08000868   0x08000868   0x00000020   Code   RO          910    i.BSP_SD_WriteBlocks  bsp_driver_sd.o
    0x08000888   0x08000888   0x00000002   Code   RO          912    i.BSP_SD_WriteCpltCallback  bsp_driver_sd.o
    0x0800088a   0x0800088a   0x00000002   PAD
    0x0800088c   0x0800088c   0x0000011c   Code   RO         1688    i.Baro_Cal_Alt      md_ms56xx.o
    0x080009a8   0x080009a8   0x00000050   Code   RO         1689    i.Baro_Cmd_Prom     md_ms56xx.o
    0x080009f8   0x080009f8   0x00000038   Code   RO         1691    i.Baro_En_Conv      md_ms56xx.o
    0x08000a30   0x08000a30   0x00000014   Code   RO         1694    i.Baro_Init         md_ms56xx.o
    0x08000a44   0x08000a44   0x00000020   Code   RO         1695    i.Baro_Read_Coe     md_ms56xx.o
    0x08000a64   0x08000a64   0x00000050   Code   RO         1696    i.Baro_Read_Data    md_ms56xx.o
    0x08000ab4   0x08000ab4   0x0000003c   Code   RO         1698    i.Baro_Reset        md_ms56xx.o
    0x08000af0   0x08000af0   0x00000002   Code   RO         1372    i.BusFault_Handler  stm32f4xx_it.o
    0x08000af2   0x08000af2   0x00000002   PAD
    0x08000af4   0x08000af4   0x00000018   Code   RO         2224    i.Clear_Page_DatasArea  md_twoboardcom.o
    0x08000b0c   0x08000b0c   0x00000030   Code   RO         2225    i.Com_TwoBoard_Finalize_Message_Send  md_twoboardcom.o
    0x08000b3c   0x08000b3c   0x0000000e   Code   RO         2226    i.Com_TwoBoard_Init  md_twoboardcom.o
    0x08000b4a   0x08000b4a   0x00000002   PAD
    0x08000b4c   0x08000b4c   0x00000048   Code   RO         2228    i.Com_TwoBoard_Msg_MotorValue_Send  md_twoboardcom.o
    0x08000b94   0x08000b94   0x00000014   Code   RO         2229    i.Com_TwoBoard_RB_Clear  md_twoboardcom.o
    0x08000ba8   0x08000ba8   0x000000d0   Code   RO         2230    i.Com_TwoBoard_RB_Decode  md_twoboardcom.o
    0x08000c78   0x08000c78   0x00000018   Code   RO         2231    i.Com_TwoBoard_RB_HasNew  md_twoboardcom.o
    0x08000c90   0x08000c90   0x00000010   Code   RO         2232    i.Com_TwoBoard_RB_Init  md_twoboardcom.o
    0x08000ca0   0x08000ca0   0x00000018   Code   RO         2234    i.Com_TwoBoard_RB_IsReadyToRead  md_twoboardcom.o
    0x08000cb8   0x08000cb8   0x00000010   Code   RO         2235    i.Com_TwoBoard_RB_Pop  md_twoboardcom.o
    0x08000cc8   0x08000cc8   0x00000010   Code   RO         2236    i.Com_TwoBoard_RB_Push  md_twoboardcom.o
    0x08000cd8   0x08000cd8   0x00000014   Code   RO         2237    i.Com_TwoBoard_RB_Update  md_twoboardcom.o
    0x08000cec   0x08000cec   0x00000014   Code   RO         2238    i.Com_TwoBoard_RX_Enable  md_twoboardcom.o
    0x08000d00   0x08000d00   0x00000010   Code   RO         2239    i.Com_TwoBoard_RX_InterruptHandler  md_twoboardcom.o
    0x08000d10   0x08000d10   0x0000000c   Code   RO         2240    i.Com_TwoBoard_TX_InterruptHandler  md_twoboardcom.o
    0x08000d1c   0x08000d1c   0x0000000c   Code   RO         1373    i.DMA1_Stream2_IRQHandler  stm32f4xx_it.o
    0x08000d28   0x08000d28   0x0000000c   Code   RO         1374    i.DMA1_Stream3_IRQHandler  stm32f4xx_it.o
    0x08000d34   0x08000d34   0x0000000c   Code   RO         1375    i.DMA1_Stream6_IRQHandler  stm32f4xx_it.o
    0x08000d40   0x08000d40   0x0000000c   Code   RO         1376    i.DMA2_Stream1_IRQHandler  stm32f4xx_it.o
    0x08000d4c   0x08000d4c   0x0000000c   Code   RO         1377    i.DMA2_Stream3_IRQHandler  stm32f4xx_it.o
    0x08000d58   0x08000d58   0x0000000c   Code   RO         1378    i.DMA2_Stream6_IRQHandler  stm32f4xx_it.o
    0x08000d64   0x08000d64   0x0000000c   Code   RO         1379    i.DMA2_Stream7_IRQHandler  stm32f4xx_it.o
    0x08000d70   0x08000d70   0x00000028   Code   RO         2929    i.DMA_CalcBaseAndBitshift  stm32f4xx_hal_dma.o
    0x08000d98   0x08000d98   0x00000054   Code   RO         2930    i.DMA_CheckFifoParam  stm32f4xx_hal_dma.o
    0x08000dec   0x08000dec   0x00000028   Code   RO         2931    i.DMA_SetConfig     stm32f4xx_hal_dma.o
    0x08000e14   0x08000e14   0x00000002   Code   RO         1380    i.DebugMon_Handler  stm32f4xx_it.o
    0x08000e16   0x08000e16   0x00000002   Code   RO          193    i.Error_Handler     main.o
    0x08000e18   0x08000e18   0x00000038   Code   RO         1550    i.Example_Control   example.o
    0x08000e50   0x08000e50   0x00000030   Code   RO         1551    i.Example_Exchage_COM  example.o
    0x08000e80   0x08000e80   0x00000006   Code   RO         6290    i.FATFS_LinkDriver  ff_gen_drv.o
    0x08000e86   0x08000e86   0x00000002   PAD
    0x08000e88   0x08000e88   0x00000040   Code   RO         6291    i.FATFS_LinkDriverEx  ff_gen_drv.o
    0x08000ec8   0x08000ec8   0x00000018   Code   RO         1931    i.GPS_RX_InterruptHandler  md_gps.o
    0x08000ee0   0x08000ee0   0x00000024   Code   RO         2933    i.HAL_DMA_Abort_IT  stm32f4xx_hal_dma.o
    0x08000f04   0x08000f04   0x000001a0   Code   RO         2937    i.HAL_DMA_IRQHandler  stm32f4xx_hal_dma.o
    0x080010a4   0x080010a4   0x000000d4   Code   RO         2938    i.HAL_DMA_Init      stm32f4xx_hal_dma.o
    0x08001178   0x08001178   0x00000078   Code   RO         2942    i.HAL_DMA_Start_IT  stm32f4xx_hal_dma.o
    0x080011f0   0x080011f0   0x00000024   Code   RO         3369    i.HAL_Delay         stm32f4xx_hal.o
    0x08001214   0x08001214   0x000001dc   Code   RO         2825    i.HAL_GPIO_Init     stm32f4xx_hal_gpio.o
    0x080013f0   0x080013f0   0x0000000e   Code   RO         2828    i.HAL_GPIO_TogglePin  stm32f4xx_hal_gpio.o
    0x080013fe   0x080013fe   0x0000000a   Code   RO         2829    i.HAL_GPIO_WritePin  stm32f4xx_hal_gpio.o
    0x08001408   0x08001408   0x0000000c   Code   RO         3377    i.HAL_GetTick       stm32f4xx_hal.o
    0x08001414   0x08001414   0x00000010   Code   RO         3383    i.HAL_IncTick       stm32f4xx_hal.o
    0x08001424   0x08001424   0x00000034   Code   RO         3384    i.HAL_Init          stm32f4xx_hal.o
    0x08001458   0x08001458   0x00000040   Code   RO         3385    i.HAL_InitTick      stm32f4xx_hal.o
    0x08001498   0x08001498   0x00000030   Code   RO         1526    i.HAL_MspInit       stm32f4xx_hal_msp.o
    0x080014c8   0x080014c8   0x0000001a   Code   RO         3232    i.HAL_NVIC_EnableIRQ  stm32f4xx_hal_cortex.o
    0x080014e2   0x080014e2   0x00000002   PAD
    0x080014e4   0x080014e4   0x00000040   Code   RO         3238    i.HAL_NVIC_SetPriority  stm32f4xx_hal_cortex.o
    0x08001524   0x08001524   0x00000024   Code   RO         3239    i.HAL_NVIC_SetPriorityGrouping  stm32f4xx_hal_cortex.o
    0x08001548   0x08001548   0x00000130   Code   RO         2419    i.HAL_RCC_ClockConfig  stm32f4xx_hal_rcc.o
    0x08001678   0x08001678   0x00000020   Code   RO         2426    i.HAL_RCC_GetPCLK1Freq  stm32f4xx_hal_rcc.o
    0x08001698   0x08001698   0x00000020   Code   RO         2427    i.HAL_RCC_GetPCLK2Freq  stm32f4xx_hal_rcc.o
    0x080016b8   0x080016b8   0x00000064   Code   RO         2428    i.HAL_RCC_GetSysClockFreq  stm32f4xx_hal_rcc.o
    0x0800171c   0x0800171c   0x00000314   Code   RO         2431    i.HAL_RCC_OscConfig  stm32f4xx_hal_rcc.o
    0x08001a30   0x08001a30   0x00000008   Code   RO          913    i.HAL_SD_AbortCallback  bsp_driver_sd.o
    0x08001a38   0x08001a38   0x00000078   Code   RO         3896    i.HAL_SD_ConfigWideBusOperation  stm32f4xx_hal_sd.o
    0x08001ab0   0x08001ab0   0x00000002   Code   RO         3899    i.HAL_SD_ErrorCallback  stm32f4xx_hal_sd.o
    0x08001ab2   0x08001ab2   0x000001da   Code   RO         3901    i.HAL_SD_GetCardCSD  stm32f4xx_hal_sd.o
    0x08001c8c   0x08001c8c   0x00000024   Code   RO         3902    i.HAL_SD_GetCardInfo  stm32f4xx_hal_sd.o
    0x08001cb0   0x08001cb0   0x00000032   Code   RO         3903    i.HAL_SD_GetCardState  stm32f4xx_hal_sd.o
    0x08001ce2   0x08001ce2   0x00000002   PAD
    0x08001ce4   0x08001ce4   0x000001c0   Code   RO         3907    i.HAL_SD_IRQHandler  stm32f4xx_hal_sd.o
    0x08001ea4   0x08001ea4   0x00000036   Code   RO         3908    i.HAL_SD_Init       stm32f4xx_hal_sd.o
    0x08001eda   0x08001eda   0x00000002   PAD
    0x08001edc   0x08001edc   0x00000054   Code   RO         3909    i.HAL_SD_InitCard   stm32f4xx_hal_sd.o
    0x08001f30   0x08001f30   0x00000144   Code   RO         1138    i.HAL_SD_MspInit    sdio.o
    0x08002074   0x08002074   0x000001b4   Code   RO         3912    i.HAL_SD_ReadBlocks  stm32f4xx_hal_sd.o
    0x08002228   0x08002228   0x00000008   Code   RO          914    i.HAL_SD_RxCpltCallback  bsp_driver_sd.o
    0x08002230   0x08002230   0x00000008   Code   RO          915    i.HAL_SD_TxCpltCallback  bsp_driver_sd.o
    0x08002238   0x08002238   0x00000186   Code   RO         3917    i.HAL_SD_WriteBlocks  stm32f4xx_hal_sd.o
    0x080023be   0x080023be   0x00000080   Code   RO         4139    i.HAL_SPI_Init      stm32f4xx_hal_spi.o
    0x0800243e   0x0800243e   0x00000002   PAD
    0x08002440   0x08002440   0x00000068   Code   RO         1180    i.HAL_SPI_MspInit   spi.o
    0x080024a8   0x080024a8   0x0000015e   Code   RO         4147    i.HAL_SPI_Transmit  stm32f4xx_hal_spi.o
    0x08002606   0x08002606   0x000001da   Code   RO         4148    i.HAL_SPI_TransmitReceive  stm32f4xx_hal_spi.o
    0x080027e0   0x080027e0   0x00000028   Code   RO         3243    i.HAL_SYSTICK_Config  stm32f4xx_hal_cortex.o
    0x08002808   0x08002808   0x00000002   Code   RO         5127    i.HAL_TIMEx_BreakCallback  stm32f4xx_hal_tim_ex.o
    0x0800280a   0x0800280a   0x00000002   Code   RO         5128    i.HAL_TIMEx_CommutCallback  stm32f4xx_hal_tim_ex.o
    0x0800280c   0x0800280c   0x00000042   Code   RO         5145    i.HAL_TIMEx_MasterConfigSynchronization  stm32f4xx_hal_tim_ex.o
    0x0800284e   0x0800284e   0x00000036   Code   RO         4452    i.HAL_TIM_Base_Init  stm32f4xx_hal_tim.o
    0x08002884   0x08002884   0x00000028   Code   RO         1249    i.HAL_TIM_Base_MspInit  tim.o
    0x080028ac   0x080028ac   0x00000022   Code   RO         4457    i.HAL_TIM_Base_Start_IT  stm32f4xx_hal_tim.o
    0x080028ce   0x080028ce   0x00000002   Code   RO         4481    i.HAL_TIM_IC_CaptureCallback  stm32f4xx_hal_tim.o
    0x080028d0   0x080028d0   0x00000166   Code   RO         4495    i.HAL_TIM_IRQHandler  stm32f4xx_hal_tim.o
    0x08002a36   0x08002a36   0x00000002   Code   RO         4498    i.HAL_TIM_OC_DelayElapsedCallback  stm32f4xx_hal_tim.o
    0x08002a38   0x08002a38   0x00000002   Code   RO         4525    i.HAL_TIM_PWM_PulseFinishedCallback  stm32f4xx_hal_tim.o
    0x08002a3a   0x08002a3a   0x00000002   PAD
    0x08002a3c   0x08002a3c   0x00000018   Code   RO          194    i.HAL_TIM_PeriodElapsedCallback  main.o
    0x08002a54   0x08002a54   0x00000002   Code   RO         4538    i.HAL_TIM_TriggerCallback  stm32f4xx_hal_tim.o
    0x08002a56   0x08002a56   0x00000002   Code   RO         5399    i.HAL_UART_ErrorCallback  stm32f4xx_hal_uart.o
    0x08002a58   0x08002a58   0x00000110   Code   RO         5402    i.HAL_UART_IRQHandler  stm32f4xx_hal_uart.o
    0x08002b68   0x08002b68   0x00000062   Code   RO         5403    i.HAL_UART_Init     stm32f4xx_hal_uart.o
    0x08002bca   0x08002bca   0x00000002   PAD
    0x08002bcc   0x08002bcc   0x00000298   Code   RO         1291    i.HAL_UART_MspInit  usart.o
    0x08002e64   0x08002e64   0x00000098   Code   RO         5407    i.HAL_UART_Receive_DMA  stm32f4xx_hal_uart.o
    0x08002efc   0x08002efc   0x0000003c   Code   RO          195    i.HAL_UART_RxCpltCallback  main.o
    0x08002f38   0x08002f38   0x00000002   Code   RO         5410    i.HAL_UART_RxHalfCpltCallback  stm32f4xx_hal_uart.o
    0x08002f3a   0x08002f3a   0x000000ba   Code   RO         5411    i.HAL_UART_Transmit  stm32f4xx_hal_uart.o
    0x08002ff4   0x08002ff4   0x00000080   Code   RO         5412    i.HAL_UART_Transmit_DMA  stm32f4xx_hal_uart.o
    0x08003074   0x08003074   0x00000014   Code   RO          196    i.HAL_UART_TxCpltCallback  main.o
    0x08003088   0x08003088   0x00000002   Code   RO         5415    i.HAL_UART_TxHalfCpltCallback  stm32f4xx_hal_uart.o
    0x0800308a   0x0800308a   0x0000003a   Code   RO         1789    i.HMC5883_Init      md_hmc5883.o
    0x080030c4   0x080030c4   0x00000070   Code   RO         1790    i.HMC5883_Read_Data  md_hmc5883.o
    0x08003134   0x08003134   0x00000084   Code   RO         1792    i.HMC5883_Set_MagGain  md_hmc5883.o
    0x080031b8   0x080031b8   0x00000016   Code   RO         1793    i.HMC5883_Start_Convst  md_hmc5883.o
    0x080031ce   0x080031ce   0x00000002   Code   RO         1381    i.HardFault_Handler  stm32f4xx_it.o
    0x080031d0   0x080031d0   0x0000000c   Code   RO            7    i.Logger_Enable     sdlog.o
    0x080031dc   0x080031dc   0x0000002c   Code   RO         1588    i.Loop_Led_Flick    md_led_driver.o
    0x08003208   0x08003208   0x000000c8   Code   RO         5704    i.Loop_Mavlink_Parse  mavlink.o
    0x080032d0   0x080032d0   0x0000005c   Code   RO         1699    i.Loop_Read_Bar     md_ms56xx.o
    0x0800332c   0x0800332c   0x0000000c   Code   RO         1623    i.Loop_Read_MPU6000  md_mpu6000.o
    0x08003338   0x08003338   0x00000034   Code   RO         1795    i.Loop_Read_Mag     md_hmc5883.o
    0x0800336c   0x0800336c   0x000000ac   Code   RO         1624    i.MPU6000_Get_Data  md_mpu6000.o
    0x08003418   0x08003418   0x0000008a   Code   RO         1625    i.MPU6000_Init      md_mpu6000.o
    0x080034a2   0x080034a2   0x00000002   PAD
    0x080034a4   0x080034a4   0x00000048   Code   RO         1626    i.MPU6000_Spi_Com   md_mpu6000.o
    0x080034ec   0x080034ec   0x0000008c   Code   RO          871    i.MX_DMA_Init       dma.o
    0x08003578   0x08003578   0x0000001c   Code   RO         1099    i.MX_FATFS_Init     fatfs.o
    0x08003594   0x08003594   0x00000114   Code   RO          847    i.MX_GPIO_Init      gpio.o
    0x080036a8   0x080036a8   0x00000020   Code   RO         1139    i.MX_SDIO_SD_Init   sdio.o
    0x080036c8   0x080036c8   0x00000048   Code   RO         1181    i.MX_SPI1_Init      spi.o
    0x08003710   0x08003710   0x00000044   Code   RO         1250    i.MX_TIM6_Init      tim.o
    0x08003754   0x08003754   0x00000038   Code   RO         1292    i.MX_UART4_Init     usart.o
    0x0800378c   0x0800378c   0x00000038   Code   RO         1293    i.MX_UART7_Init     usart.o
    0x080037c4   0x080037c4   0x00000038   Code   RO         1294    i.MX_UART8_Init     usart.o
    0x080037fc   0x080037fc   0x00000038   Code   RO         1295    i.MX_USART6_UART_Init  usart.o
    0x08003834   0x08003834   0x00000018   Code   RO         5705    i.Mavlin_RX_InterruptHandler  mavlink.o
    0x0800384c   0x0800384c   0x0000000e   Code   RO         5706    i.Mavlink_Init      mavlink.o
    0x0800385a   0x0800385a   0x00000002   PAD
    0x0800385c   0x0800385c   0x0000002c   Code   RO         5707    i.Mavlink_Msg_Handle  mavlink.o
    0x08003888   0x08003888   0x00000014   Code   RO         5708    i.Mavlink_RB_Clear  mavlink.o
    0x0800389c   0x0800389c   0x00000018   Code   RO         5710    i.Mavlink_RB_HasNew  mavlink.o
    0x080038b4   0x080038b4   0x00000014   Code   RO         5711    i.Mavlink_RB_Init   mavlink.o
    0x080038c8   0x080038c8   0x00000010   Code   RO         5713    i.Mavlink_RB_Pop    mavlink.o
    0x080038d8   0x080038d8   0x00000014   Code   RO         5715    i.Mavlink_Rece_Enable  mavlink.o
    0x080038ec   0x080038ec   0x00000002   Code   RO         1382    i.MemManage_Handler  stm32f4xx_it.o
    0x080038ee   0x080038ee   0x00000002   Code   RO         1383    i.NMI_Handler       stm32f4xx_it.o
    0x080038f0   0x080038f0   0x00000002   Code   RO         1384    i.PendSV_Handler    stm32f4xx_it.o
    0x080038f2   0x080038f2   0x00000024   Code   RO         3629    i.SDIO_ConfigData   stm32f4xx_ll_sdmmc.o
    0x08003916   0x08003916   0x00000008   Code   RO         3633    i.SDIO_GetPowerState  stm32f4xx_ll_sdmmc.o
    0x0800391e   0x0800391e   0x0000000c   Code   RO         3634    i.SDIO_GetResponse  stm32f4xx_ll_sdmmc.o
    0x0800392a   0x0800392a   0x00000002   PAD
    0x0800392c   0x0800392c   0x0000000c   Code   RO         1385    i.SDIO_IRQHandler   stm32f4xx_it.o
    0x08003938   0x08003938   0x00000024   Code   RO         3635    i.SDIO_Init         stm32f4xx_ll_sdmmc.o
    0x0800395c   0x0800395c   0x00000008   Code   RO         3637    i.SDIO_PowerState_ON  stm32f4xx_ll_sdmmc.o
    0x08003964   0x08003964   0x00000006   Code   RO         3638    i.SDIO_ReadFIFO     stm32f4xx_ll_sdmmc.o
    0x0800396a   0x0800396a   0x00000020   Code   RO         3639    i.SDIO_SendCommand  stm32f4xx_ll_sdmmc.o
    0x0800398a   0x0800398a   0x0000000a   Code   RO         3641    i.SDIO_WriteFIFO    stm32f4xx_ll_sdmmc.o
    0x08003994   0x08003994   0x00000030   Code   RO         3642    i.SDMMC_CmdAppCommand  stm32f4xx_ll_sdmmc.o
    0x080039c4   0x080039c4   0x00000034   Code   RO         3643    i.SDMMC_CmdAppOperCommand  stm32f4xx_ll_sdmmc.o
    0x080039f8   0x080039f8   0x00000030   Code   RO         3644    i.SDMMC_CmdBlockLength  stm32f4xx_ll_sdmmc.o
    0x08003a28   0x08003a28   0x00000030   Code   RO         3645    i.SDMMC_CmdBusWidth  stm32f4xx_ll_sdmmc.o
    0x08003a58   0x08003a58   0x00000050   Code   RO         3649    i.SDMMC_CmdGoIdleState  stm32f4xx_ll_sdmmc.o
    0x08003aa8   0x08003aa8   0x00000068   Code   RO         3651    i.SDMMC_CmdOperCond  stm32f4xx_ll_sdmmc.o
    0x08003b10   0x08003b10   0x00000030   Code   RO         3652    i.SDMMC_CmdReadMultiBlock  stm32f4xx_ll_sdmmc.o
    0x08003b40   0x08003b40   0x00000030   Code   RO         3653    i.SDMMC_CmdReadSingleBlock  stm32f4xx_ll_sdmmc.o
    0x08003b70   0x08003b70   0x00000032   Code   RO         3656    i.SDMMC_CmdSelDesel  stm32f4xx_ll_sdmmc.o
    0x08003ba2   0x08003ba2   0x0000002a   Code   RO         3657    i.SDMMC_CmdSendCID  stm32f4xx_ll_sdmmc.o
    0x08003bcc   0x08003bcc   0x0000002c   Code   RO         3658    i.SDMMC_CmdSendCSD  stm32f4xx_ll_sdmmc.o
    0x08003bf8   0x08003bf8   0x00000030   Code   RO         3659    i.SDMMC_CmdSendSCR  stm32f4xx_ll_sdmmc.o
    0x08003c28   0x08003c28   0x00000030   Code   RO         3660    i.SDMMC_CmdSendStatus  stm32f4xx_ll_sdmmc.o
    0x08003c58   0x08003c58   0x00000030   Code   RO         3661    i.SDMMC_CmdSetRelAdd  stm32f4xx_ll_sdmmc.o
    0x08003c88   0x08003c88   0x00000034   Code   RO         3663    i.SDMMC_CmdStopTransfer  stm32f4xx_ll_sdmmc.o
    0x08003cbc   0x08003cbc   0x00000030   Code   RO         3665    i.SDMMC_CmdWriteMultiBlock  stm32f4xx_ll_sdmmc.o
    0x08003cec   0x08003cec   0x00000030   Code   RO         3666    i.SDMMC_CmdWriteSingleBlock  stm32f4xx_ll_sdmmc.o
    0x08003d1c   0x08003d1c   0x0000011c   Code   RO         3667    i.SDMMC_GetCmdResp1  stm32f4xx_ll_sdmmc.o
    0x08003e38   0x08003e38   0x00000050   Code   RO         3668    i.SDMMC_GetCmdResp2  stm32f4xx_ll_sdmmc.o
    0x08003e88   0x08003e88   0x00000040   Code   RO         3669    i.SDMMC_GetCmdResp3  stm32f4xx_ll_sdmmc.o
    0x08003ec8   0x08003ec8   0x00000084   Code   RO         3670    i.SDMMC_GetCmdResp6  stm32f4xx_ll_sdmmc.o
    0x08003f4c   0x08003f4c   0x00000020   Code   RO         1039    i.SD_CheckStatus    sd_diskio.o
    0x08003f6c   0x08003f6c   0x00000048   Code   RO         3922    i.SD_DMARxAbort     stm32f4xx_hal_sd.o
    0x08003fb4   0x08003fb4   0x00000048   Code   RO         3924    i.SD_DMATxAbort     stm32f4xx_hal_sd.o
    0x08003ffc   0x08003ffc   0x000000d6   Code   RO         3925    i.SD_FindSCR        stm32f4xx_hal_sd.o
    0x080040d2   0x080040d2   0x000000e6   Code   RO         3926    i.SD_InitCard       stm32f4xx_hal_sd.o
    0x080041b8   0x080041b8   0x000000a2   Code   RO         3927    i.SD_PowerON        stm32f4xx_hal_sd.o
    0x0800425a   0x0800425a   0x0000004e   Code   RO         3929    i.SD_WideBus_Disable  stm32f4xx_hal_sd.o
    0x080042a8   0x080042a8   0x0000004e   Code   RO         3930    i.SD_WideBus_Enable  stm32f4xx_hal_sd.o
    0x080042f6   0x080042f6   0x00000002   PAD
    0x080042f8   0x080042f8   0x00000020   Code   RO         1040    i.SD_initialize     sd_diskio.o
    0x08004318   0x08004318   0x00000050   Code   RO         1041    i.SD_ioctl          sd_diskio.o
    0x08004368   0x08004368   0x00000024   Code   RO         1042    i.SD_read           sd_diskio.o
    0x0800438c   0x0800438c   0x00000004   Code   RO         1043    i.SD_status         sd_diskio.o
    0x08004390   0x08004390   0x00000024   Code   RO         1044    i.SD_write          sd_diskio.o
    0x080043b4   0x080043b4   0x00000058   Code   RO         4177    i.SPI_EndRxTxTransaction  stm32f4xx_hal_spi.o
    0x0800440c   0x0800440c   0x00000094   Code   RO         4182    i.SPI_WaitFlagStateUntilTimeout  stm32f4xx_hal_spi.o
    0x080044a0   0x080044a0   0x00000002   Code   RO         1386    i.SVC_Handler       stm32f4xx_it.o
    0x080044a2   0x080044a2   0x0000005c   Code   RO         1796    i.Sim_DMP_I2C_Read8  md_hmc5883.o
    0x080044fe   0x080044fe   0x00000002   PAD
    0x08004500   0x08004500   0x0000005c   Code   RO         1798    i.Sim_I2C1_ReceiveByte  md_hmc5883.o
    0x0800455c   0x0800455c   0x0000005c   Code   RO         1799    i.Sim_I2C1_ReceiveByte_WithACK  md_hmc5883.o
    0x080045b8   0x080045b8   0x00000054   Code   RO         1800    i.Sim_I2C1_START    md_hmc5883.o
    0x0800460c   0x0800460c   0x0000004c   Code   RO         1801    i.Sim_I2C1_STOP     md_hmc5883.o
    0x08004658   0x08004658   0x00000050   Code   RO         1802    i.Sim_I2C1_SendACK  md_hmc5883.o
    0x080046a8   0x080046a8   0x00000070   Code   RO         1803    i.Sim_I2C1_SendByte  md_hmc5883.o
    0x08004718   0x08004718   0x00000050   Code   RO         1804    i.Sim_I2C1_SendNACK  md_hmc5883.o
    0x08004768   0x08004768   0x0000006c   Code   RO         1805    i.Sim_I2C1_Wait_Ack  md_hmc5883.o
    0x080047d4   0x080047d4   0x00000042   Code   RO         1806    i.Sim_I2C1_Write8   md_hmc5883.o
    0x08004816   0x08004816   0x00000004   Code   RO         1387    i.SysTick_Handler   stm32f4xx_it.o
    0x0800481a   0x0800481a   0x00000002   PAD
    0x0800481c   0x0800481c   0x00000090   Code   RO          197    i.SystemClock_Config  main.o
    0x080048ac   0x080048ac   0x00000054   Code   RO         2381    i.SystemInit        system_stm32f4xx.o
    0x08004900   0x08004900   0x0000000c   Code   RO         1388    i.TIM6_DAC_IRQHandler  stm32f4xx_it.o
    0x0800490c   0x0800490c   0x000000c8   Code   RO         4540    i.TIM_Base_SetConfig  stm32f4xx_hal_tim.o
    0x080049d4   0x080049d4   0x0000000c   Code   RO         1389    i.UART4_IRQHandler  stm32f4xx_it.o
    0x080049e0   0x080049e0   0x0000000c   Code   RO         1390    i.UART7_IRQHandler  stm32f4xx_it.o
    0x080049ec   0x080049ec   0x0000000c   Code   RO         1391    i.UART8_IRQHandler  stm32f4xx_it.o
    0x080049f8   0x080049f8   0x00000010   Code   RO         5416    i.UART_DMAAbortOnError  stm32f4xx_hal_uart.o
    0x08004a08   0x08004a08   0x0000004a   Code   RO         5417    i.UART_DMAError     stm32f4xx_hal_uart.o
    0x08004a52   0x08004a52   0x0000003c   Code   RO         5418    i.UART_DMAReceiveCplt  stm32f4xx_hal_uart.o
    0x08004a8e   0x08004a8e   0x0000000a   Code   RO         5420    i.UART_DMARxHalfCplt  stm32f4xx_hal_uart.o
    0x08004a98   0x08004a98   0x0000002e   Code   RO         5422    i.UART_DMATransmitCplt  stm32f4xx_hal_uart.o
    0x08004ac6   0x08004ac6   0x0000000a   Code   RO         5424    i.UART_DMATxHalfCplt  stm32f4xx_hal_uart.o
    0x08004ad0   0x08004ad0   0x0000001c   Code   RO         5426    i.UART_EndRxTransfer  stm32f4xx_hal_uart.o
    0x08004aec   0x08004aec   0x00000012   Code   RO         5427    i.UART_EndTxTransfer  stm32f4xx_hal_uart.o
    0x08004afe   0x08004afe   0x00000096   Code   RO         5428    i.UART_Receive_IT   stm32f4xx_hal_uart.o
    0x08004b94   0x08004b94   0x000002ac   Code   RO         5429    i.UART_SetConfig    stm32f4xx_hal_uart.o
    0x08004e40   0x08004e40   0x00000062   Code   RO         5430    i.UART_Transmit_IT  stm32f4xx_hal_uart.o
    0x08004ea2   0x08004ea2   0x00000062   Code   RO         5431    i.UART_WaitOnFlagUntilTimeout  stm32f4xx_hal_uart.o
    0x08004f04   0x08004f04   0x0000000c   Code   RO         1392    i.USART6_IRQHandler  stm32f4xx_it.o
    0x08004f10   0x08004f10   0x00000002   Code   RO         1393    i.UsageFault_Handler  stm32f4xx_it.o
    0x08004f12   0x08004f12   0x00000002   PAD
    0x08004f14   0x08004f14   0x00000020   Code   RO         6609    i.__0printf         mc_w.l(printfa.o)
    0x08004f34   0x08004f34   0x00000020   Code   RO         3245    i.__NVIC_SetPriority  stm32f4xx_hal_cortex.o
    0x08004f54   0x08004f54   0x0000000e   Code   RO         6681    i.__scatterload_copy  mc_w.l(handlers.o)
    0x08004f62   0x08004f62   0x00000002   Code   RO         6682    i.__scatterload_null  mc_w.l(handlers.o)
    0x08004f64   0x08004f64   0x0000000e   Code   RO         6683    i.__scatterload_zeroinit  mc_w.l(handlers.o)
    0x08004f72   0x08004f72   0x00000002   PAD
    0x08004f74   0x08004f74   0x00000184   Code   RO         6616    i._fp_digits        mc_w.l(printfa.o)
    0x080050f8   0x080050f8   0x000001fc   Code   RO         5716    i._mav_finalize_message_chan_send  mavlink.o
    0x080052f4   0x080052f4   0x00000008   Code   RO         5717    i._mav_parse_error  mavlink.o
    0x080052fc   0x080052fc   0x00000004   Code   RO         5718    i._mavlink_send_uart  mavlink.o
    0x08005300   0x08005300   0x000006dc   Code   RO         6617    i._printf_core      mc_w.l(printfa.o)
    0x080059dc   0x080059dc   0x00000024   Code   RO         6618    i._printf_post_padding  mc_w.l(printfa.o)
    0x08005a00   0x08005a00   0x0000002e   Code   RO         6619    i._printf_pre_padding  mc_w.l(printfa.o)
    0x08005a2e   0x08005a2e   0x0000001e   Code   RO         5719    i.crc_accumulate    mavlink.o
    0x08005a4c   0x08005a4c   0x00000038   Code   RO         2241    i.crc_calculate     md_twoboardcom.o
    0x08005a84   0x08005a84   0x0000001c   Code   RO         2242    i.decode_message    md_twoboardcom.o
    0x08005aa0   0x08005aa0   0x00000084   Code   RO         2243    i.extra_rc_input_value  md_twoboardcom.o
    0x08005b24   0x08005b24   0x00000018   Code   RO          198    i.fputc             main.o
    0x08005b3c   0x08005b3c   0x000000b8   Code   RO          199    i.main              main.o
    0x08005bf4   0x08005bf4   0x000002d4   Code   RO         5720    i.mavlink_frame_char_buffer  mavlink.o
    0x08005ec8   0x08005ec8   0x00000010   Code   RO         5721    i.mavlink_get_channel_status  mavlink.o
    0x08005ed8   0x08005ed8   0x00000010   Code   RO         5722    i.mavlink_send_uart_bytes  mavlink.o
    0x08005ee8   0x08005ee8   0x00000120   Code   RO         5723    i.mavlink_sha256_calc  mavlink.o
    0x08006008   0x08006008   0x0000008c   Code   RO         5724    i.mavlink_sha256_final_48  mavlink.o
    0x08006094   0x08006094   0x00000048   Code   RO         5725    i.mavlink_sha256_init  mavlink.o
    0x080060dc   0x080060dc   0x0000007e   Code   RO         5726    i.mavlink_sha256_update  mavlink.o
    0x0800615a   0x0800615a   0x00000002   PAD
    0x0800615c   0x0800615c   0x0000015c   Code   RO         5727    i.mavlink_signature_check  mavlink.o
    0x080062b8   0x080062b8   0x00000048   Code   RO         5728    i.mavlink_test      mavlink.o
    0x08006300   0x08006300   0x00000074   Code   RO         5729    i.mavlink_test_heartbeat2  mavlink.o
    0x08006374   0x08006374   0x000000dc   Code   RO         5730    i.mavlink_test_raw_imu2  mavlink.o
    0x08006450   0x08006450   0x0000000a   Code   RO         5731    i.mavlink_update_checksum  mavlink.o
    0x0800645a   0x0800645a   0x00000012   Code   RO         2195    i.rbInit            ringbuffer.o
    0x0800646c   0x0800646c   0x00000010   Code   RO         2024    i.rbIsEmpty         md_gps.o
    0x0800647c   0x0800647c   0x00000022   Code   RO         2013    i.rbPop             md_gps.o
    0x0800649e   0x0800649e   0x00000024   Code   RO         2008    i.rbPush            md_gps.o
    0x080064c2   0x080064c2   0x00000002   PAD
    0x080064c4   0x080064c4   0x00000014   Data   RO         1045    .constdata          sd_diskio.o
    0x080064d8   0x080064d8   0x00000010   Data   RO         2382    .constdata          system_stm32f4xx.o
    0x080064e8   0x080064e8   0x00000008   Data   RO         2383    .constdata          system_stm32f4xx.o
    0x080064f0   0x080064f0   0x00000008   Data   RO         2944    .constdata          stm32f4xx_hal_dma.o
    0x080064f8   0x080064f8   0x000008b9   Data   RO         5733    .constdata          mavlink.o
    0x08006db1   0x08006db1   0x00000003   PAD
    0x08006db4   0x08006db4   0x0000004b   Data   RO         5734    .conststring        mavlink.o
    0x08006dff   0x08006dff   0x00000001   PAD
    0x08006e00   0x08006e00   0x00000020   Data   RO         6679    Region$$Table       anon$$obj.o


    Execution Region RW_IRAM1 (Exec base: 0x20000000, Load base: 0x08006e20, Size: 0x00001ad8, Max: 0x00030000, ABSOLUTE)

    Exec Addr    Load Addr    Size         Type   Attr      Idx    E Section Name        Object

    0x20000000   0x08006e20   0x00000008   Data   RW           11    .data               sdlog.o
    0x20000008   0x08006e28   0x00000001   Data   RW          200    .data               main.o
    0x20000009   0x08006e29   0x00000001   Data   RW         1046    .data               sd_diskio.o
    0x2000000a   0x08006e2a   0x00000005   Data   RW         1103    .data               fatfs.o
    0x2000000f   0x08006e2f   0x00000001   PAD
    0x20000010   0x08006e30   0x00000004   Data   RW         1590    .data               md_led_driver.o
    0x20000014   0x08006e34   0x00000018   Data   RW         1706    .data               md_ms56xx.o
    0x2000002c   0x08006e4c   0x00000012   Data   RW         1808    .data               md_hmc5883.o
    0x2000003e   0x08006e5e   0x00000002   PAD
    0x20000040   0x08006e60   0x00000008   Data   RW         1934    .data               md_gps.o
    0x20000048   0x08006e68   0x00000008   Data   RW         2247    .data               md_twoboardcom.o
    0x20000050   0x08006e70   0x00000004   Data   RW         2384    .data               system_stm32f4xx.o
    0x20000054   0x08006e74   0x0000000c   Data   RW         3391    .data               stm32f4xx_hal.o
    0x20000060   0x08006e80   0x00000006   Data   RW         5735    .data               mavlink.o
    0x20000066   0x08006e86   0x00000002   PAD
    0x20000068   0x08006e88   0x00000004   Data   RW         6657    .data               mc_w.l(stdout.o)
    0x2000006c        -       0x00000144   Zero   RW         1140    .bss                sdio.o
    0x200001b0        -       0x00000058   Zero   RW         1182    .bss                spi.o
    0x20000208        -       0x00000040   Zero   RW         1251    .bss                tim.o
    0x20000248        -       0x000002e0   Zero   RW         1299    .bss                usart.o
    0x20000528        -       0x0000000c   Zero   RW         1552    .bss                example.o
    0x20000534        -       0x00000028   Zero   RW         1628    .bss                md_mpu6000.o
    0x2000055c        -       0x00000010   Zero   RW         1700    .bss                md_ms56xx.o
    0x2000056c        -       0x00000010   Zero   RW         1807    .bss                md_hmc5883.o
    0x2000057c        -       0x00000514   Zero   RW         1933    .bss                md_gps.o
    0x20000a90        -       0x00000100   Zero   RW         2245    .bss                md_twoboardcom.o
    0x20000b90        -       0x00000b3c   Zero   RW         5732    .bss                mavlink.o
    0x200016cc        -       0x0000000c   Zero   RW         6294    .bss                ff_gen_drv.o
    0x200016d8        -       0x00000400   Zero   RW         2370    STACK               startup_stm32f427xx.o


==============================================================================

Image component sizes


      Code (inc. data)   RO Data    RW Data    ZI Data      Debug   Object Name

       182         24          0          0          0       6685   bsp_driver_sd.o
       140          4          0          0          0        962   dma.o
       104         16          0          0         12       1846   example.o
        28         10          0          5          0       1146   fatfs.o
        70          6          0          0         12       1643   ff_gen_drv.o
       276         22          0          0          0       1179   gpio.o
       458         50          0          1          0      16088   main.o
      3080        186       2308          6       2876      33298   mavlink.o
       110         10          0          8       1300       4594   md_gps.o
      1258         86          0         18         16      11306   md_hmc5883.o
        44          8          0          4          0       1208   md_led_driver.o
       394         26          0          0         40       3186   md_mpu6000.o
       704         54          0         24         16       6438   md_ms56xx.o
       766        106          0          8        256      12923   md_twoboardcom.o
        18          0          0          0          0       1005   ringbuffer.o
       220         14         20          1          0       4596   sd_diskio.o
       356         34          0          0        324       1963   sdio.o
        12          4          0          8          0     774531   sdlog.o
       176         22          0          0         88       1785   spi.o
        36          8        428          0       1024        808   startup_stm32f427xx.o
       180         28          0         12          0       4725   stm32f4xx_hal.o
       198         14          0          0          0      33935   stm32f4xx_hal_cortex.o
       948         16          8          0          0       6642   stm32f4xx_hal_dma.o
       500         54          0          0          0       3309   stm32f4xx_hal_gpio.o
        48          6          0          0          0        958   stm32f4xx_hal_msp.o
      1256         76          0          0          0       5416   stm32f4xx_hal_rcc.o
      3000         14          0          0          0      16835   stm32f4xx_hal_sd.o
      1188          8          0          0          0       6408   stm32f4xx_hal_spi.o
       654         44          0          0          0       7013   stm32f4xx_hal_tim.o
        70          0          0          0          0       2621   stm32f4xx_hal_tim_ex.o
      2134         40          0          0          0      15150   stm32f4xx_hal_uart.o
       176         78          0          0          0      10201   stm32f4xx_it.o
      1612         44          0          0          0      22919   stm32f4xx_ll_sdmmc.o
        84         18         24          4          0       1295   system_stm32f4xx.o
       108         18          0          0         64       1662   tim.o
       888         82          0          0        736       4343   usart.o

    ----------------------------------------------------------------------
     21518       1230       2824        104       6764    1030622   Object Totals
         0          0         32          0          0          0   (incl. Generated)
        42          0          4          5          0          0   (incl. Padding)

    ----------------------------------------------------------------------

      Code (inc. data)   RO Data    RW Data    ZI Data      Debug   Library Member Name

         0          0          0          0          0          0   entry.o
         0          0          0          0          0          0   entry10a.o
         0          0          0          0          0          0   entry11a.o
         8          4          0          0          0          0   entry2.o
         4          0          0          0          0          0   entry5.o
         0          0          0          0          0          0   entry7b.o
         0          0          0          0          0          0   entry8b.o
         8          4          0          0          0          0   entry9a.o
        30          0          0          0          0          0   handlers.o
        36          8          0          0          0         68   init.o
         0          0          0          0          0          0   iusefp.o
        98          0          0          0          0         84   ldiv.o
        30          0          0          0          0         68   llshl.o
        36          0          0          0          0         68   llsshr.o
        32          0          0          0          0         68   llushr.o
        26          0          0          0          0         80   memcmp.o
        36          0          0          0          0         68   memcpya.o
        36          0          0          0          0        108   memseta.o
      2258         90          0          0          0        452   printfa.o
         0          0          0          4          0          0   stdout.o
        44          0          0          0          0         80   uidiv.o
        98          0          0          0          0         92   uldiv.o
        48          0          0          0          0         68   cdrcmple.o
       334          0          0          0          0        148   dadd.o
       222          0          0          0          0        100   ddiv.o
       186          0          0          0          0        176   depilogue.o
        48          0          0          0          0         68   dfixul.o
       228          0          0          0          0         96   dmul.o

    ----------------------------------------------------------------------
      3850        106          0          4          0       1892   Library Totals
         4          0          0          0          0          0   (incl. Padding)

    ----------------------------------------------------------------------

      Code (inc. data)   RO Data    RW Data    ZI Data      Debug   Library Name

      2780        106          0          4          0       1236   mc_w.l
      1066          0          0          0          0        656   mf_w.l

    ----------------------------------------------------------------------
      3850        106          0          4          0       1892   Library Totals

    ----------------------------------------------------------------------

==============================================================================


      Code (inc. data)   RO Data    RW Data    ZI Data      Debug   

     25368       1336       2824        108       6764    1007730   Grand Totals
     25368       1336       2824        108       6764    1007730   ELF Image Totals
     25368       1336       2824        108          0          0   ROM Totals

==============================================================================

    Total RO  Size (Code + RO Data)                28192 (  27.53kB)
    Total RW  Size (RW Data + ZI Data)              6872 (   6.71kB)
    Total ROM Size (Code + RO Data + RW Data)      28300 (  27.64kB)

==============================================================================

